Archive member included to satisfy reference by file (symbol)

c:/program files (x86)/eclipse foundation/eclipse cdt/gnu tools arm embedded/8 2018-q4-major/bin/../lib/gcc/arm-none-eabi/8.2.1/../../../../arm-none-eabi/lib/thumb/v7e-m/nofp\libstdc++_nano.a(atexit_arm.o)
                              ./Startup_Code/console.o (__aeabi_atexit)
c:/program files (x86)/eclipse foundation/eclipse cdt/gnu tools arm embedded/8 2018-q4-major/bin/../lib/gcc/arm-none-eabi/8.2.1/../../../../arm-none-eabi/lib/thumb/v7e-m/nofp\libstdc++_nano.a(del_ops.o)
                              ./Startup_Code/console.o (operator delete(void*, unsigned int))
c:/program files (x86)/eclipse foundation/eclipse cdt/gnu tools arm embedded/8 2018-q4-major/bin/../lib/gcc/arm-none-eabi/8.2.1/../../../../arm-none-eabi/lib/thumb/v7e-m/nofp\libstdc++_nano.a(del_op.o)
                              c:/program files (x86)/eclipse foundation/eclipse cdt/gnu tools arm embedded/8 2018-q4-major/bin/../lib/gcc/arm-none-eabi/8.2.1/../../../../arm-none-eabi/lib/thumb/v7e-m/nofp\libstdc++_nano.a(del_ops.o) (operator delete(void*))
c:/program files (x86)/eclipse foundation/eclipse cdt/gnu tools arm embedded/8 2018-q4-major/bin/../lib/gcc/arm-none-eabi/8.2.1/../../../../arm-none-eabi/lib/thumb/v7e-m/nofp\libm.a(lib_a-s_round.o)
                              ./Sources/ClockGenerator.o (round)
c:/program files (x86)/eclipse foundation/eclipse cdt/gnu tools arm embedded/8 2018-q4-major/bin/../lib/gcc/arm-none-eabi/8.2.1/../../../../arm-none-eabi/lib/thumb/v7e-m/nofp\libm.a(lib_a-sf_rint.o)
                              ./Sources/ClockGenerator.o (rintf)
c:/program files (x86)/eclipse foundation/eclipse cdt/gnu tools arm embedded/8 2018-q4-major/bin/../lib/gcc/arm-none-eabi/8.2.1/../../../../arm-none-eabi/lib/thumb/v7e-m/nofp\libm.a(lib_a-sf_round.o)
                              ./Sources/delay.o (roundf)
c:/program files (x86)/eclipse foundation/eclipse cdt/gnu tools arm embedded/8 2018-q4-major/bin/../lib/gcc/arm-none-eabi/8.2.1/thumb/v7e-m/nofp\libgcc.a(_arm_addsubdf3.o)
                              c:/program files (x86)/eclipse foundation/eclipse cdt/gnu tools arm embedded/8 2018-q4-major/bin/../lib/gcc/arm-none-eabi/8.2.1/../../../../arm-none-eabi/lib/thumb/v7e-m/nofp\libm.a(lib_a-s_round.o) (__aeabi_dadd)
c:/program files (x86)/eclipse foundation/eclipse cdt/gnu tools arm embedded/8 2018-q4-major/bin/../lib/gcc/arm-none-eabi/8.2.1/thumb/v7e-m/nofp\libgcc.a(_arm_muldivdf3.o)
                              ./Sources/indicator.o (__aeabi_dmul)
c:/program files (x86)/eclipse foundation/eclipse cdt/gnu tools arm embedded/8 2018-q4-major/bin/../lib/gcc/arm-none-eabi/8.2.1/thumb/v7e-m/nofp\libgcc.a(_arm_fixunsdfsi.o)
                              ./Sources/ClockGenerator.o (__aeabi_d2uiz)
c:/program files (x86)/eclipse foundation/eclipse cdt/gnu tools arm embedded/8 2018-q4-major/bin/../lib/gcc/arm-none-eabi/8.2.1/thumb/v7e-m/nofp\libgcc.a(_arm_truncdfsf2.o)
                              ./Sources/ClockGenerator.o (__aeabi_d2f)
c:/program files (x86)/eclipse foundation/eclipse cdt/gnu tools arm embedded/8 2018-q4-major/bin/../lib/gcc/arm-none-eabi/8.2.1/thumb/v7e-m/nofp\libgcc.a(_arm_addsubsf3.o)
                              ./Sources/spi.o (__aeabi_fsub)
c:/program files (x86)/eclipse foundation/eclipse cdt/gnu tools arm embedded/8 2018-q4-major/bin/../lib/gcc/arm-none-eabi/8.2.1/thumb/v7e-m/nofp\libgcc.a(_arm_muldivsf3.o)
                              ./Sources/ClockGenerator.o (__aeabi_fmul)
c:/program files (x86)/eclipse foundation/eclipse cdt/gnu tools arm embedded/8 2018-q4-major/bin/../lib/gcc/arm-none-eabi/8.2.1/thumb/v7e-m/nofp\libgcc.a(_arm_cmpsf2.o)
                              ./Sources/spi.o (__aeabi_fcmplt)
c:/program files (x86)/eclipse foundation/eclipse cdt/gnu tools arm embedded/8 2018-q4-major/bin/../lib/gcc/arm-none-eabi/8.2.1/thumb/v7e-m/nofp\libgcc.a(_arm_fixsfsi.o)
                              ./Sources/clockControl.o (__aeabi_f2iz)
c:/program files (x86)/eclipse foundation/eclipse cdt/gnu tools arm embedded/8 2018-q4-major/bin/../lib/gcc/arm-none-eabi/8.2.1/thumb/v7e-m/nofp\libgcc.a(_arm_fixunssfsi.o)
                              ./Sources/clockControl.o (__aeabi_f2uiz)
c:/program files (x86)/eclipse foundation/eclipse cdt/gnu tools arm embedded/8 2018-q4-major/bin/../lib/gcc/arm-none-eabi/8.2.1/thumb/v7e-m/nofp\libgcc.a(_aeabi_uldivmod.o)
                              ./Sources/delay.o (__aeabi_uldivmod)
c:/program files (x86)/eclipse foundation/eclipse cdt/gnu tools arm embedded/8 2018-q4-major/bin/../lib/gcc/arm-none-eabi/8.2.1/thumb/v7e-m/nofp\libgcc.a(_fixunssfdi.o)
                              ./Sources/ClockGenerator.o (__aeabi_f2ulz)
c:/program files (x86)/eclipse foundation/eclipse cdt/gnu tools arm embedded/8 2018-q4-major/bin/../lib/gcc/arm-none-eabi/8.2.1/thumb/v7e-m/nofp\libgcc.a(_udivmoddi4.o)
[...]
Memory Configuration

Name             Origin             Length             Attributes
bitband          0x22000000         0x02000000         rw
aips0            0x40000000         0x00080000         rw
aips1            0x40080000         0x0007f000         rw
gpio             0x400ff000         0x00001000         rw
gpioBitband      0x42000000         0x02000000         rw
peripherals      0xe0000000         0x00100000         rw
flexRAM          0x14000000         0x00000800         rw
flexNVM          0x10000000         0x00008000         xr
flash            0x00000000         0x00020000         xr
ram_high         0x20000000         0x00002000         xrw
ram_low          0x1fffe000         0x00002000         xrw
gdbGuard         0x20000000         0x00000020         r
*default*        0x00000000         0xffffffff

Linker script and memory map

LOAD c:/program files (x86)/eclipse foundation/eclipse cdt/gnu tools arm embedded/8 2018-q4-major/bin/../lib/gcc/arm-none-eabi/8.2.1/thumb/v7e-m/nofp/crti.o
LOAD c:/program files (x86)/eclipse foundation/eclipse cdt/gnu tools arm embedded/8 2018-q4-major/bin/../lib/gcc/arm-none-eabi/8.2.1/thumb/v7e-m/nofp/crtbegin.o
LOAD c:/program files (x86)/eclipse foundation/eclipse cdt/gnu tools arm embedded/8 2018-q4-major/bin/../lib/gcc/arm-none-eabi/8.2.1/../../../../arm-none-eabi/lib/thumb/v7e-m/nofp/crt0.o
LOAD ./Startup_Code/console.o
LOAD ./Startup_Code/mcg.o
LOAD ./Startup_Code/newlib_stubs.o
LOAD ./Startup_Code/rtc.o
LOAD ./Startup_Code/security.o
LOAD ./Startup_Code/startup_ARMLtdGCC.o
LOAD ./Startup_Code/system-gcc.o
LOAD ./Startup_Code/system.o
LOAD ./Startup_Code/vectors.o
LOAD ./Sources/ClockGenerator.o
LOAD ./Sources/clockControl.o
LOAD ./Sources/delay.o
LOAD ./Sources/fonts.o
LOAD ./Sources/ftfl.o
LOAD ./Sources/hardware.o
LOAD ./Sources/i2c.o
LOAD ./Sources/indicator.o
LOAD ./Sources/lcd.o
LOAD ./Sources/main.o
LOAD ./Sources/sevenSegment.o
LOAD ./Sources/spi.o
LOAD ./Sources/usbdmError.o
LOAD c:/program files (x86)/eclipse foundation/eclipse cdt/gnu tools arm embedded/8 2018-q4-major/bin/../lib/gcc/arm-none-eabi/8.2.1/../../../../arm-none-eabi/lib/thumb/v7e-m/nofp\libstdc++_nano.a
LOAD c:/program files (x86)/eclipse foundation/eclipse cdt/gnu tools arm embedded/8 2018-q4-major/bin/../lib/gcc/arm-none-eabi/8.2.1/../../../../arm-none-eabi/lib/thumb/v7e-m/nofp\libm.a
START GROUP
LOAD c:/program files (x86)/eclipse foundation/eclipse cdt/gnu tools arm embedded/8 2018-q4-major/bin/../lib/gcc/arm-none-eabi/8.2.1/thumb/v7e-m/nofp\libgcc.a
LOAD c:/program files (x86)/eclipse foundation/eclipse cdt/gnu tools arm embedded/8 2018-q4-major/bin/../lib/gcc/arm-none-eabi/8.2.1/../../../../arm-none-eabi/lib/thumb/v7e-m/nofp\libg_nano.a
LOAD c:/program files (x86)/eclipse foundation/eclipse cdt/gnu tools arm embedded/8 2018-q4-major/bin/../lib/gcc/arm-none-eabi/8.2.1/../../../../arm-none-eabi/lib/thumb/v7e-m/nofp\libc_nano.a
END GROUP
START GROUP
LOAD c:/program files (x86)/eclipse foundation/eclipse cdt/gnu tools arm embedded/8 2018-q4-major/bin/../lib/gcc/arm-none-eabi/8.2.1/thumb/v7e-m/nofp\libgcc.a
LOAD c:/program files (x86)/eclipse foundation/eclipse cdt/gnu tools arm embedded/8 2018-q4-major/bin/../lib/gcc/arm-none-eabi/8.2.1/../../../../arm-none-eabi/lib/thumb/v7e-m/nofp\libc_nano.a
END GROUP
LOAD c:/program files (x86)/eclipse foundation/eclipse cdt/gnu tools arm embedded/8 2018-q4-major/bin/../lib/gcc/arm-none-eabi/8.2.1/thumb/v7e-m/nofp/crtend.o
LOAD c:/program files (x86)/eclipse foundation/eclipse cdt/gnu tools arm embedded/8 2018-q4-major/bin/../lib/gcc/arm-none-eabi/8.2.1/thumb/v7e-m/nofp/crtn.o
                0x00001000                __stack_size = 0x1000
                0x00001000                __heap_size = 0x1000
                0x00000000                __sram_u_size = 0x0
                0x00001000                PROVIDE (__stack_size__ = __stack_size)
                0x00001000                PROVIDE (__heap_size__ = __heap_size)
                [!provide]                PROVIDE (__HardReset = Reset_Handler)
                [!provide]                PROVIDE (_start = main)

.interrupts     0x00000000      0x410
                0x00000000                __flash_start = .
                0x00000000                __VECTOR_TABLE = .
 *(.interrupt_vectors)
 .interrupt_vectors
                0x00000000       0xf8 ./Startup_Code/vectors.o
                0x00000000                __vector_table
 *(.isr_vector)
                0x00000001                ASSERT ((. != __flash_start), No reset vector found)
                0x000000f8                __VECTOR_TABLE_END = .
                0x00000400                . = (__flash_start + 0x400)
 *fill*         0x000000f8      0x308 
 *(.security_information)
 .security_information
                0x00000400       0x10 ./Startup_Code/security.o
                0x00000400                securityInfo
 *(.FlashConfig)
                0x00000001                ASSERT ((. == (__flash_start + 0x410)), No Freescale security information)
                0x00000000                M_VECTOR_RAM_SIZE = DEFINED (__ram_vector_table__)?(__VECTOR_TABLE_END - __VECTOR_TABLE):0x0

.text           0x00000410     0x3c00
 *(.text)
 .text          0x00000410       0x40 c:/program files (x86)/eclipse foundation/eclipse cdt/gnu tools arm embedded/8 2018-q4-major/bin/../lib/gcc/arm-none-eabi/8.2.1/thumb/v7e-m/nofp/crtbegin.o
 .text          0x00000450       0x74 c:/program files (x86)/eclipse foundation/eclipse cdt/gnu tools arm embedded/8 2018-q4-major/bin/../lib/gcc/arm-none-eabi/8.2.1/../../../../arm-none-eabi/lib/thumb/v7e-m/nofp/crt0.o
                0x00000450                _start
                0x00000450                _mainCRTStartup
 .text          0x000004c4       0x44 ./Startup_Code/startup_ARMLtdGCC.o
                0x000004c4                Reset_Handler
 .text          0x00000508      0x378 c:/program files (x86)/eclipse foundation/eclipse cdt/gnu tools arm embedded/8 2018-q4-major/bin/../lib/gcc/arm-none-eabi/8.2.1/thumb/v7e-m/nofp\libgcc.a(_arm_addsubdf3.o)
                0x00000508                __aeabi_drsub
                0x00000510                __aeabi_dsub
                0x00000510                __subdf3
                0x00000514                __aeabi_dadd
                0x00000514                __adddf3
                0x0000078c                __floatunsidf
                0x0000078c                __aeabi_ui2d
                0x000007ac                __floatsidf
                0x000007ac                __aeabi_i2d
                0x000007d0                __aeabi_f2d
                0x000007d0                __extendsfdf2
                0x00000814                __floatundidf
                0x00000814                __aeabi_ul2d
                0x00000824                __floatdidf
                0x00000824                __aeabi_l2d
 .text          0x00000880      0x424 c:/program files (x86)/eclipse foundation/eclipse cdt/gnu tools arm embedded/8 2018-q4-major/bin/../lib/gcc/arm-none-eabi/8.2.1/thumb/v7e-m/nofp\libgcc.a(_arm_muldivdf3.o)
                0x00000880                __aeabi_dmul
                0x00000880                __muldf3
                0x00000ad4                __divdf3
                0x00000ad4                __aeabi_ddiv
 .text          0x00000ca4       0x40 c:/program files (x86)/eclipse foundation/eclipse cdt/gnu tools arm embedded/8 2018-q4-major/bin/../lib/gcc/arm-none-eabi/8.2.1/thumb/v7e-m/nofp\libgcc.a(_arm_fixunsdfsi.o)
                0x00000ca4                __aeabi_d2uiz
                0x00000ca4                __fixunsdfsi
 .text          0x00000ce4       0xa0 c:/program files (x86)/eclipse foundation/eclipse cdt/gnu tools arm embedded/8 2018-q4-major/bin/../lib/gcc/arm-none-eabi/8.2.1/thumb/v7e-m/nofp\libgcc.a(_arm_truncdfsf2.o)
                0x00000ce4                __truncdfsf2
                0x00000ce4                __aeabi_d2f
 .text          0x00000d84      0x21c c:/program files (x86)/eclipse foundation/eclipse cdt/gnu tools arm embedded/8 2018-q4-major/bin/../lib/gcc/arm-none-eabi/8.2.1/thumb/v7e-m/nofp\libgcc.a(_arm_addsubsf3.o)
                0x00000d84                __aeabi_frsub
                0x00000d8c                __subsf3
                0x00000d8c                __aeabi_fsub
                0x00000d90                __aeabi_fadd
                0x00000d90                __addsf3
                0x00000ef0                __aeabi_ui2f
                0x00000ef0                __floatunsisf
                0x00000ef8                __aeabi_i2f
                0x00000ef8                __floatsisf
                0x00000f14                __aeabi_ul2f
                0x00000f14                __floatundisf
                0x00000f24                __aeabi_l2f
                0x00000f24                __floatdisf
 .text          0x00000fa0      0x2a0 c:/program files (x86)/eclipse foundation/eclipse cdt/gnu tools arm embedded/8 2018-q4-major/bin/../lib/gcc/arm-none-eabi/8.2.1/thumb/v7e-m/nofp\libgcc.a(_arm_muldivsf3.o)
                0x00000fa0                __mulsf3
                0x00000fa0                __aeabi_fmul
                0x00001108                __aeabi_fdiv
                0x00001108                __divsf3
 .text          0x00001240       0x40 c:/program files (x86)/eclipse foundation/eclipse cdt/gnu tools arm embedded/8 2018-q4-major/bin/../lib/gcc/arm-none-eabi/8.2.1/thumb/v7e-m/nofp\libgcc.a(_fixunssfdi.o)
                0x00001240                __fixunssfdi
                0x00001240                __aeabi_f2ulz
 *(.text*)
 .text.NVIC_SetPriority
                0x00001280       0x58 ./Startup_Code/console.o
 .text._ZN5USBDML16enablePortClocksEm
                0x000012d8       0x34 ./Startup_Code/console.o
 .text._ZN5USBDM7SimInfo13getUart0ClockEv
                0x0000130c       0x14 ./Startup_Code/console.o
                0x0000130c                USBDM::SimInfo::getUart0Clock()
 .text._ZN5USBDM9Uart0Info11enableClockEv
                0x00001320       0x28 ./Startup_Code/console.o
                0x00001320                USBDM::Uart0Info::enableClock()
 .text._ZN5USBDM9Uart0Info22getInputClockFrequencyEv
                0x00001348        0xe ./Startup_Code/console.o
                0x00001348                USBDM::Uart0Info::getInputClockFrequency()
 *fill*         0x00001356        0x2 
 .text._ZN5USBDM9Uart0Info8initPCRsEm
                0x00001358       0x2c ./Startup_Code/console.o
                0x00001358                USBDM::Uart0Info::initPCRs(unsigned long)
 .text._ZN5USBDM18FormattingSettingsC2Ev
                0x00001384       0x46 ./Startup_Code/console.o
                0x00001384                USBDM::FormattingSettings::FormattingSettings()
                0x00001384                USBDM::FormattingSettings::FormattingSettings()
 *fill*         0x000013ca        0x2 
 .text._ZN5USBDM11FormattedIOC2Ev
                0x000013cc       0x34 ./Startup_Code/console.o
                0x000013cc                USBDM::FormattedIO::FormattedIO()
                0x000013cc                USBDM::FormattedIO::FormattedIO()
 .text._ZN5USBDM11FormattedIOD2Ev
                0x00001400       0x20 ./Startup_Code/console.o
                0x00001400                USBDM::FormattedIO::~FormattedIO()
                0x00001400                USBDM::FormattedIO::~FormattedIO()
 .text._ZN5USBDM11FormattedIOD0Ev
                0x00001420       0x20 ./Startup_Code/console.o
                0x00001420                USBDM::FormattedIO::~FormattedIO()
 .text._ZN5USBDM11FormattedIO4peekEv
                0x00001440       0x88 ./Startup_Code/console.o
                0x00001440                USBDM::FormattedIO::peek()
 .text._ZN5USBDM11FormattedIO9writeCharEc
                0x000014c8       0x24 ./Startup_Code/console.o
                0x000014c8                USBDM::FormattedIO::writeChar(char)
 .text._ZN5USBDM11FormattedIO8readCharEv
                0x000014ec       0x2a ./Startup_Code/console.o
                0x000014ec                USBDM::FormattedIO::readChar()
 .text._ZN5USBDM11FormattedIO5writeEc
                0x00001516       0x20 ./Startup_Code/console.o
                0x00001516                USBDM::FormattedIO::write(char)
 .text._ZN5USBDM11FormattedIO7writelnEv
                0x00001536       0x1a ./Startup_Code/console.o
                0x00001536                USBDM::FormattedIO::writeln()
 .text._ZN5USBDM11FormattedIO5writeEPKc
                0x00001550       0x2e ./Startup_Code/console.o
                0x00001550                USBDM::FormattedIO::write(char const*)
 .text._ZN5USBDM11FormattedIO7writelnEPKc
                0x0000157e       0x22 ./Startup_Code/console.o
                0x0000157e                USBDM::FormattedIO::writeln(char const*)
 .text._ZN5USBDM11FormattedIO7setEchoENS_8EchoModeE
                0x000015a0       0x1e ./Startup_Code/console.o
                0x000015a0                USBDM::FormattedIO::setEcho(USBDM::EchoMode)
 .text._ZN5USBDM4Uart16_isCharAvailableEv
                0x000015be       0x28 ./Startup_Code/console.o
                0x000015be                USBDM::Uart::_isCharAvailable()
 .text._ZN5USBDM4Uart9_readCharEv
                0x000015e6       0x42 ./Startup_Code/console.o
                0x000015e6                USBDM::Uart::_readChar()
 .text._ZN5USBDM4Uart10_writeCharEc
                0x00001628       0x46 ./Startup_Code/console.o
                0x00001628                USBDM::Uart::_writeChar(char)
 *fill*         0x0000166e        0x2 
 .text._ZN5USBDM4UartC2ERV9UART_Type
                0x00001670       0x2c ./Startup_Code/console.o
                0x00001670                USBDM::Uart::Uart(UART_Type volatile&)
                0x00001670                USBDM::Uart::Uart(UART_Type volatile&)
 .text._ZN5USBDM4UartD2Ev
                0x0000169c       0x24 ./Startup_Code/console.o
                0x0000169c                USBDM::Uart::~Uart()
                0x0000169c                USBDM::Uart::~Uart()
 .text._ZN5USBDM4UartD0Ev
                0x000016c0       0x20 ./Startup_Code/console.o
                0x000016c0                USBDM::Uart::~Uart()
 .text._ZN5USBDM4Uart16setBaudRate_brfaEmm
                0x000016e0       0x8c ./Startup_Code/console.o
                0x000016e0                USBDM::Uart::setBaudRate_brfa(unsigned long, unsigned long)
 .text._ZN5USBDM4Uart11flushOutputEv
                0x0000176c       0x2e ./Startup_Code/console.o
                0x0000176c                USBDM::Uart::flushOutput()
 .text._ZN5USBDM4Uart10flushInputEv
                0x0000179a       0x20 ./Startup_Code/console.o
                0x0000179a                USBDM::Uart::flushInput()
 *fill*         0x000017ba        0x2 
 .text.console_initialise
                0x000017bc       0x24 ./Startup_Code/console.o
                0x000017bc                console_initialise
 .text._ZN5USBDM9log_errorEPKc
                0x000017e0       0x1c ./Startup_Code/console.o
                0x000017e0                USBDM::log_error(char const*)
 .text._ZN5USBDM11Uart_brfa_TINS_9Uart0InfoEEC2Ej
                0x000017fc       0x30 ./Startup_Code/console.o
                0x000017fc                USBDM::Uart_brfa_T<USBDM::Uart0Info>::Uart_brfa_T(unsigned int)
                0x000017fc                USBDM::Uart_brfa_T<USBDM::Uart0Info>::Uart_brfa_T(unsigned int)
 .text._ZN5USBDM11Uart_brfa_TINS_9Uart0InfoEE11setBaudRateEj
                0x0000182c       0x24 ./Startup_Code/console.o
                0x0000182c                USBDM::Uart_brfa_T<USBDM::Uart0Info>::setBaudRate(unsigned int)
 .text._ZN5USBDM6Uart_TINS_9Uart0InfoEEC2Ev
                0x00001850       0x40 ./Startup_Code/console.o
                0x00001850                USBDM::Uart_T<USBDM::Uart0Info>::Uart_T()
                0x00001850                USBDM::Uart_T<USBDM::Uart0Info>::Uart_T()
 .text._ZN5USBDM6Uart_TINS_9Uart0InfoEED2Ev
                0x00001890       0x24 ./Startup_Code/console.o
                0x00001890                USBDM::Uart_T<USBDM::Uart0Info>::~Uart_T()
                0x00001890                USBDM::Uart_T<USBDM::Uart0Info>::~Uart_T()
 .text._ZN5USBDM6Uart_TINS_9Uart0InfoEED0Ev
                0x000018b4       0x20 ./Startup_Code/console.o
                0x000018b4                USBDM::Uart_T<USBDM::Uart0Info>::~Uart_T()
 .text._ZN5USBDM6Uart_TINS_9Uart0InfoEE24setNvicInterruptPriorityEm
                0x000018d4       0x2e ./Startup_Code/console.o
                0x000018d4                USBDM::Uart_T<USBDM::Uart0Info>::setNvicInterruptPriority(unsigned long)
 *fill*         0x00001902        0x2 
 .text._Z41__static_initialization_and_destruction_0ii
                0x00001904       0x44 ./Startup_Code/console.o
 .text._ZN5USBDM11Uart_brfa_TINS_9Uart0InfoEED2Ev
                0x00001948       0x24 ./Startup_Code/console.o
                0x00001948                USBDM::Uart_brfa_T<USBDM::Uart0Info>::~Uart_brfa_T()
                0x00001948                USBDM::Uart_brfa_T<USBDM::Uart0Info>::~Uart_brfa_T()
 .text._ZN5USBDM11Uart_brfa_TINS_9Uart0InfoEED0Ev
                0x0000196c       0x20 ./Startup_Code/console.o
                0x0000196c                USBDM::Uart_brfa_T<USBDM::Uart0Info>::~Uart_brfa_T()
 .text._ZN5USBDM6Uart_TINS_9Uart0InfoEE10clearErrorEv
                0x0000198c       0x18 ./Startup_Code/console.o
                0x0000198c                USBDM::Uart_T<USBDM::Uart0Info>::clearError()
 .text._GLOBAL__sub_I__ZN5USBDM7consoleE
                0x000019a4       0x10 ./Startup_Code/console.o
 .text.NVIC_EnableIRQ
                0x000019b4       0x34 ./Startup_Code/mcg.o
 .text._ZN5USBDML12setErrorCodeENS_9ErrorCodeE
                0x000019e8       0x20 ./Startup_Code/mcg.o
 .text._ZN5USBDML16enablePortClocksEm
                0x00001a08       0x34 ./Startup_Code/mcg.o
 .text._ZN5USBDM8Osc0Info11getOscClockEv
                0x00001a3c       0x14 ./Startup_Code/mcg.o
                0x00001a3c                USBDM::Osc0Info::getOscClock()
 .text._ZN5USBDM8Osc0Info8initPCRsEm
                0x00001a50       0x28 ./Startup_Code/mcg.o
                0x00001a50                USBDM::Osc0Info::initPCRs(unsigned long)
 .text._ZN5USBDM7RtcInfo11enableClockEv
                0x00001a78       0x28 ./Startup_Code/mcg.o
                0x00001a78                USBDM::RtcInfo::enableClock()
 .text._ZN5USBDM7RtcInfo16getInternalClockEv
                0x00001aa0       0x24 ./Startup_Code/mcg.o
                0x00001aa0                USBDM::RtcInfo::getInternalClock()
 .text._ZN5USBDM7RtcInfo8initPCRsEm
                0x00001ac4       0x12 ./Startup_Code/mcg.o
                0x00001ac4                USBDM::RtcInfo::initPCRs(unsigned long)
 *fill*         0x00001ad6        0x2 
 .text._ZN5USBDM7McgInfo11getErcClockEv
                0x00001ad8       0x34 ./Startup_Code/mcg.o
                0x00001ad8                USBDM::McgInfo::getErcClock()
 .text._ZN5USBDM7McgInfo19getInternalIrcClockEv
                0x00001b0c       0x44 ./Startup_Code/mcg.o
                0x00001b0c                USBDM::McgInfo::getInternalIrcClock()
 .text._ZN5USBDM7SimInfo8initRegsEv
                0x00001b50       0x70 ./Startup_Code/mcg.o
                0x00001b50                USBDM::SimInfo::initRegs()
 .text._ZN5USBDM3Mcg14setSysDividersEm
                0x00001bc0       0x24 ./Startup_Code/mcg.o
                0x00001bc0                USBDM::Mcg::setSysDividers(unsigned long)
 .text._ZN5USBDM3Mcg20enableNvicInterruptsEv
                0x00001be4       0x10 ./Startup_Code/mcg.o
                0x00001be4                USBDM::Mcg::enableNvicInterrupts()
 .text._ZN5USBDM3Mcg10initialiseEv
                0x00001bf4        0xc ./Startup_Code/mcg.o
                0x00001bf4                USBDM::Mcg::initialise()
 .text._ZN5USBDM3Mcg15clockTransitionERKNS_7McgInfo9ClockInfoE
                0x00001c00      0x300 ./Startup_Code/mcg.o
                0x00001c00                USBDM::Mcg::clockTransition(USBDM::McgInfo::ClockInfo const&)
 .text._ZN5USBDM3Mcg21SystemCoreClockUpdateEv
                0x00001f00      0x25c ./Startup_Code/mcg.o
                0x00001f00                USBDM::Mcg::SystemCoreClockUpdate()
 .text._ZN5USBDM3Mcg16defaultConfigureEv
                0x0000215c       0x28 ./Startup_Code/mcg.o
                0x0000215c                USBDM::Mcg::defaultConfigure()
 .text.clock_initialise
                0x00002184       0x14 ./Startup_Code/mcg.o
                0x00002184                clock_initialise
 .text._ZN5USBDM9OscBase_TINS_8Osc0InfoEE10initialiseEv
                0x00002198        0xc ./Startup_Code/mcg.o
                0x00002198                USBDM::OscBase_T<USBDM::Osc0Info>::initialise()
 .text._ZN5USBDM9RtcBase_TINS_7RtcInfoEE10initialiseEv
                0x000021a4        0xc ./Startup_Code/mcg.o
                0x000021a4                USBDM::RtcBase_T<USBDM::RtcInfo>::initialise()
 .text._ZN5USBDM9OscBase_TINS_8Osc0InfoEE16defaultConfigureEv
                0x000021b0       0x18 ./Startup_Code/mcg.o
                0x000021b0                USBDM::OscBase_T<USBDM::Osc0Info>::defaultConfigure()
 .text._ZN5USBDM9RtcBase_TINS_7RtcInfoEE16defaultConfigureEv
                0x000021c8       0xbc ./Startup_Code/mcg.o
                0x000021c8                USBDM::RtcBase_T<USBDM::RtcInfo>::defaultConfigure()
 .text._ZN5USBDM9RtcBase_TINS_7RtcInfoEE3rtcEv
                0x00002284       0x14 ./Startup_Code/mcg.o
                0x00002284                USBDM::RtcBase_T<USBDM::RtcInfo>::rtc()
 .text._exit    0x00002298        0xc ./Startup_Code/newlib_stubs.o
                0x00002298                _exit
 .text.__cxa_pure_virtual
                0x000022a4        0xa ./Startup_Code/system-gcc.o
                0x000022a4                __cxa_pure_virtual
 .text.rtc_initialise
                0x000022ae        0xc ./Startup_Code/system.o
                0x000022ae                rtc_initialise
 .text.software_init_hook
                0x000022ba        0xc ./Startup_Code/system.o
                0x000022ba                software_init_hook
 *fill*         0x000022c6        0x2 
 .text.SystemInitLowLevel
                0x000022c8       0x44 ./Startup_Code/system.o
                0x000022c8                SystemInitLowLevel
 .text.SystemInit
                0x0000230c       0x18 ./Startup_Code/system.o
                0x0000230c                SystemInit
 .text._ZN5USBDM9PmcBase_TINS_7PmcInfoEE11releasePinsEv
                0x00002324       0x20 ./Startup_Code/system.o
                0x00002324                USBDM::PmcBase_T<USBDM::PmcInfo>::releasePins()
 .text._ZN5USBDML20setAndCheckErrorCodeENS_9ErrorCodeE
                0x00002344       0x20 ./Startup_Code/vectors.o
 .text._ZN5USBDM7FtmBase17unhandledCallbackEv
                0x00002364        0xe ./Startup_Code/vectors.o
                0x00002364                USBDM::FtmBase::unhandledCallback()
 .text._ZN5USBDM11FormattedIO10setPaddingENS_7PaddingE
                0x00002372       0x1e ./Startup_Code/vectors.o
                0x00002372                USBDM::FormattedIO::setPadding(USBDM::Padding)
 .text._ZN5USBDM11FormattedIO8setWidthEj
                0x00002390       0x1e ./Startup_Code/vectors.o
                0x00002390                USBDM::FormattedIO::setWidth(unsigned int)
 *fill*         0x000023ae        0x2 
 .text._ZN5USBDM11FormattedIO5ultoaEPcmNS_5RadixENS_7PaddingEib
                0x000023b0      0x170 ./Startup_Code/vectors.o
                0x000023b0                USBDM::FormattedIO::ultoa(char*, unsigned long, USBDM::Radix, USBDM::Padding, int, bool)
 .text._ZN5USBDM11FormattedIO5writeEmNS_5RadixE
                0x00002520       0x42 ./Startup_Code/vectors.o
                0x00002520                USBDM::FormattedIO::write(unsigned long, USBDM::Radix)
 .text._ZN5USBDM11FormattedIO7writelnEmNS_5RadixE
                0x00002562       0x2a ./Startup_Code/vectors.o
                0x00002562                USBDM::FormattedIO::writeln(unsigned long, USBDM::Radix)
 .text._ZN5USBDM11FormattedIO7writelnEPKvNS_5RadixE
                0x0000258c       0x24 ./Startup_Code/vectors.o
                0x0000258c                USBDM::FormattedIO::writeln(void const*, USBDM::Radix)
 .text._ZN5USBDM11FormattedIO7writelnEjNS_5RadixE
                0x000025b0       0x24 ./Startup_Code/vectors.o
                0x000025b0                USBDM::FormattedIO::writeln(unsigned int, USBDM::Radix)
 .text.Default_Handler
                0x000025d4       0x20 ./Startup_Code/vectors.o
                0x000025d4                RTC_Alarm_IRQHandler
                0x000025d4                DebugMon_Handler
                0x000025d4                I2C0_IRQHandler
                0x000025d4                SysTick_Handler
                0x000025d4                PendSV_Handler
                0x000025d4                NMI_Handler
                0x000025d4                DMA2_IRQHandler
                0x000025d4                LLWU_IRQHandler
                0x000025d4                TSI0_IRQHandler
                0x000025d4                SWI_IRQHandler
                0x000025d4                ADC0_IRQHandler
                0x000025d4                UsageFault_Handler
                0x000025d4                I2S0_Tx_IRQHandler
                0x000025d4                CMT_IRQHandler
                0x000025d4                CMP1_IRQHandler
                0x000025d4                PORTD_IRQHandler
                0x000025d4                PORTB_IRQHandler
                0x000025d4                USBDCD0_IRQHandler
                0x000025d4                I2S0_Rx_IRQHandler
                0x000025d4                PDB0_IRQHandler
                0x000025d4                UART0_RxTx_IRQHandler
                0x000025d4                RTC_Seconds_IRQHandler
                0x000025d4                MCG_IRQHandler
                0x000025d4                Default_Handler
                0x000025d4                UART0_Error_IRQHandler
                0x000025d4                UART1_RxTx_IRQHandler
                0x000025d4                USB0_IRQHandler
                0x000025d4                MemManage_Handler
                0x000025d4                SVC_Handler
                0x000025d4                UART0_Lon_IRQHandler
                0x000025d4                DMA3_IRQHandler
                0x000025d4                DMA0_IRQHandler
                0x000025d4                FTF_ReadCollision_IRQHandler
                0x000025d4                UART1_Error_IRQHandler
                0x000025d4                UART2_Error_IRQHandler
                0x000025d4                UART2_RxTx_IRQHandler
                0x000025d4                PMC_IRQHandler
                0x000025d4                DMA_Error_IRQHandler
                0x000025d4                SPI0_IRQHandler
                0x000025d4                FTM0_IRQHandler
                0x000025d4                FTF_Command_IRQHandler
                0x000025d4                PORTA_IRQHandler
                0x000025d4                PORTE_IRQHandler
                0x000025d4                WDOG_IRQHandler
                0x000025d4                LPTMR0_IRQHandler
                0x000025d4                BusFault_Handler
                0x000025d4                CMP0_IRQHandler
                0x000025d4                PORTC_IRQHandler
                0x000025d4                DMA1_IRQHandler
 .text.HardFault_Handler
                0x000025f4       0x16 ./Startup_Code/vectors.o
                0x000025f4                HardFault_Handler
 *fill*         0x0000260a        0x2 
 .text._HardFault_Handler
                0x0000260c      0x1b0 ./Startup_Code/vectors.o
                0x0000260c                _HardFault_Handler
 .text._ZN5USBDM9FtmBase_TINS_8Ftm1InfoEE10irqHandlerEv
                0x000027bc       0x98 ./Startup_Code/vectors.o
                0x000027bc                USBDM::FtmBase_T<USBDM::Ftm1Info>::irqHandler()
 .text._ZN5USBDM9PitBase_TINS_7PitInfoEE7ChannelILi0EE10irqHandlerEv
                0x00002854       0x20 ./Startup_Code/vectors.o
                0x00002854                USBDM::PitBase_T<USBDM::PitInfo>::Channel<0>::irqHandler()
 .text._ZN5USBDM9PitBase_TINS_7PitInfoEE7ChannelILi1EE10irqHandlerEv
                0x00002874       0x20 ./Startup_Code/vectors.o
                0x00002874                USBDM::PitBase_T<USBDM::PitInfo>::Channel<1>::irqHandler()
 .text._ZN5USBDM9PitBase_TINS_7PitInfoEE7ChannelILi2EE10irqHandlerEv
                0x00002894       0x20 ./Startup_Code/vectors.o
                0x00002894                USBDM::PitBase_T<USBDM::PitInfo>::Channel<2>::irqHandler()
 .text._ZN5USBDM9PitBase_TINS_7PitInfoEE7ChannelILi3EE10irqHandlerEv
                0x000028b4       0x20 ./Startup_Code/vectors.o
                0x000028b4                USBDM::PitBase_T<USBDM::PitInfo>::Channel<3>::irqHandler()
 .text._ZN5USBDM9PitBase_TINS_7PitInfoEE17unhandledCallbackEv
                0x000028d4        0xe ./Startup_Code/vectors.o
                0x000028d4                USBDM::PitBase_T<USBDM::PitInfo>::unhandledCallback()
 *fill*         0x000028e2        0x2 
 .text._ZN5USBDML12setErrorCodeENS_9ErrorCodeE
                0x000028e4       0x20 ./Sources/ClockGenerator.o
 .text._ZN5USBDML20setAndCheckErrorCodeENS_9ErrorCodeE
                0x00002904       0x20 ./Sources/ClockGenerator.o
 .text._ZN5USBDM13_usbdm_assertEPKc
                0x00002924       0x16 ./Sources/ClockGenerator.o
                0x00002924                USBDM::_usbdm_assert(char const*)
 *fill*         0x0000293a        0x2 
 .text._ZN5USBDML16enablePortClocksEm
                0x0000293c       0x34 ./Sources/ClockGenerator.o
 .text._ZN5USBDM8Ftm1Info22getInputClockFrequencyEv
                0x00002970       0x40 ./Sources/ClockGenerator.o
                0x00002970                USBDM::Ftm1Info::getInputClockFrequency()
 .text._ZN5USBDM8Ftm1Info11enableClockEv
                0x000029b0       0x28 ./Sources/ClockGenerator.o
                0x000029b0                USBDM::Ftm1Info::enableClock()
 .text._ZN5USBDM7FtmBase24unhandledChannelCallbackEh
                0x000029d8       0x18 ./Sources/ClockGenerator.o
                0x000029d8                USBDM::FtmBase::unhandledChannelCallback(unsigned char)
 .text._ZL11ftmCallbackh
                0x000029f0       0xe8 ./Sources/ClockGenerator.o
 .text._Z19generatorInitialisev
                0x00002ad8       0x60 ./Sources/ClockGenerator.o
                0x00002ad8                generatorInitialise()
 .text._Z21generatorSetFrequencyj
                0x00002b38       0x88 ./Sources/ClockGenerator.o
                0x00002b38                generatorSetFrequency(unsigned int)
 .text._ZN5USBDM9FtmBase_TINS_8Ftm1InfoEE7ChannelILi1EE7getModeEv
                0x00002bc0       0x1c ./Sources/ClockGenerator.o
                0x00002bc0                USBDM::FtmBase_T<USBDM::Ftm1Info>::Channel<1>::getMode()
 .text._ZN5USBDM9FtmBase_TINS_8Ftm1InfoEE7ChannelILi1EE7setModeENS_9FtmChModeE
                0x00002bdc       0x28 ./Sources/ClockGenerator.o
                0x00002bdc                USBDM::FtmBase_T<USBDM::Ftm1Info>::Channel<1>::setMode(USBDM::FtmChMode)
 .text._ZN5USBDM9FtmBase_TINS_8Ftm1InfoEE7ChannelILi1EE17setDeltaEventTimeEt
                0x00002c04       0x1c ./Sources/ClockGenerator.o
                0x00002c04                USBDM::FtmBase_T<USBDM::Ftm1Info>::Channel<1>::setDeltaEventTime(unsigned short)
 .text._ZN5USBDM10GpioBase_TILm512ELm1074040832EL9IRQn_Type40ELm1074786304ELj2ELNS_8PolarityE1EE9setOutputENS_16PinDriveStrengthENS_12PinDriveModeENS_11PinSlewRateE
                0x00002c20       0x2e ./Sources/ClockGenerator.o
                0x00002c20                USBDM::GpioBase_T<512ul, 1074040832ul, (IRQn_Type)40, 1074786304ul, 2u, (USBDM::Polarity)1>::setOutput(USBDM::PinDriveStrength, USBDM::PinDriveMode, USBDM::PinSlewRate)
 .text._ZN5USBDM10GpioBase_TILm512ELm1074040832EL9IRQn_Type40ELm1074786304ELj2ELNS_8PolarityE1EE5writeEb
                0x00002c4e       0x22 ./Sources/ClockGenerator.o
                0x00002c4e                USBDM::GpioBase_T<512ul, 1074040832ul, (IRQn_Type)40, 1074786304ul, 2u, (USBDM::Polarity)1>::write(bool)
 .text._ZN5USBDM9FtmBase_TINS_8Ftm1InfoEE9configureENS_7FtmModeENS_14FtmClockSourceENS_11FtmPrescaleE
                0x00002c70       0x70 ./Sources/ClockGenerator.o
                0x00002c70                USBDM::FtmBase_T<USBDM::Ftm1Info>::configure(USBDM::FtmMode, USBDM::FtmClockSource, USBDM::FtmPrescale)
 .text._ZN5USBDM9FtmBase_TINS_8Ftm1InfoEE18setMaximumIntervalEfb
                0x00002ce0       0x2c ./Sources/ClockGenerator.o
                0x00002ce0                USBDM::FtmBase_T<USBDM::Ftm1Info>::setMaximumInterval(float, bool)
 .text._ZN5USBDM9FtmBase_TINS_8Ftm1InfoEE20enableNvicInterruptsEm
                0x00002d0c       0x1a ./Sources/ClockGenerator.o
                0x00002d0c                USBDM::FtmBase_T<USBDM::Ftm1Info>::enableNvicInterrupts(unsigned long)
 .text._ZN5USBDM9FtmBase_TINS_8Ftm1InfoEE7ChannelILi1EE9setOutputENS_16PinDriveStrengthENS_12PinDriveModeENS_11PinSlewRateE
                0x00002d26       0x3e ./Sources/ClockGenerator.o
                0x00002d26                USBDM::FtmBase_T<USBDM::Ftm1Info>::Channel<1>::setOutput(USBDM::PinDriveStrength, USBDM::PinDriveMode, USBDM::PinSlewRate)
 .text._ZN5USBDM9FtmBase_TINS_8Ftm1InfoEE7ChannelILi1EE20setRelativeEventTimeEt
                0x00002d64       0x1c ./Sources/ClockGenerator.o
                0x00002d64                USBDM::FtmBase_T<USBDM::Ftm1Info>::Channel<1>::setRelativeEventTime(unsigned short)
 .text._ZN5USBDM9FtmBase_TINS_8Ftm1InfoEE7ChannelILi1EE18setChannelCallbackEPFvhE
                0x00002d80       0x18 ./Sources/ClockGenerator.o
                0x00002d80                USBDM::FtmBase_T<USBDM::Ftm1Info>::Channel<1>::setChannelCallback(void (*)(unsigned char))
 .text._ZN5USBDM9FtmBase_TINS_8Ftm1InfoEE7ChannelILi1EE9configureENS_9FtmChModeENS_16FtmChannelActionE
                0x00002d98       0x2c ./Sources/ClockGenerator.o
                0x00002d98                USBDM::FtmBase_T<USBDM::Ftm1Info>::Channel<1>::configure(USBDM::FtmChMode, USBDM::FtmChannelAction)
 .text._ZN5USBDM9FtmBase_TINS_8Ftm1InfoEE21convertSecondsToTicksEf
                0x00002dc4       0x84 ./Sources/ClockGenerator.o
                0x00002dc4                USBDM::FtmBase_T<USBDM::Ftm1Info>::convertSecondsToTicks(float)
 .text._ZN5USBDM9FtmBase_TINS_8Ftm1InfoEE17setDeltaEventTimeEti
                0x00002e48       0x34 ./Sources/ClockGenerator.o
                0x00002e48                USBDM::FtmBase_T<USBDM::Ftm1Info>::setDeltaEventTime(unsigned short, int)
 .text._ZN5USBDM10GpioBase_TILm512ELm1074040832EL9IRQn_Type40ELm1074786304ELj2ELNS_8PolarityE1EE9setOutputEm
                0x00002e7c       0x28 ./Sources/ClockGenerator.o
                0x00002e7c                USBDM::GpioBase_T<512ul, 1074040832ul, (IRQn_Type)40, 1074786304ul, 2u, (USBDM::Polarity)1>::setOutput(unsigned long)
 .text._ZN5USBDM10GpioBase_TILm512ELm1074040832EL9IRQn_Type40ELm1074786304ELj2ELNS_8PolarityE1EE9setActiveEv
                0x00002ea4        0xc ./Sources/ClockGenerator.o
                0x00002ea4                USBDM::GpioBase_T<512ul, 1074040832ul, (IRQn_Type)40, 1074786304ul, 2u, (USBDM::Polarity)1>::setActive()
 .text._ZN5USBDM10GpioBase_TILm512ELm1074040832EL9IRQn_Type40ELm1074786304ELj2ELNS_8PolarityE1EE11setInactiveEv
                0x00002eb0        0xc ./Sources/ClockGenerator.o
                0x00002eb0                USBDM::GpioBase_T<512ul, 1074040832ul, (IRQn_Type)40, 1074786304ul, 2u, (USBDM::Polarity)1>::setInactive()
 .text._ZN5USBDM9FtmBase_TINS_8Ftm1InfoEE6enableEv
                0x00002ebc       0x10 ./Sources/ClockGenerator.o
                0x00002ebc                USBDM::FtmBase_T<USBDM::Ftm1Info>::enable()
 .text._ZN5USBDM9FtmBase_TINS_8Ftm1InfoEE9setPeriodEfb
                0x00002ecc      0x10c ./Sources/ClockGenerator.o
                0x00002ecc                USBDM::FtmBase_T<USBDM::Ftm1Info>::setPeriod(float, bool)
 .text._ZN5USBDM9FtmBase_TINS_8Ftm1InfoEE16setPeriodInTicksEmb
                0x00002fd8       0xa4 ./Sources/ClockGenerator.o
                0x00002fd8                USBDM::FtmBase_T<USBDM::Ftm1Info>::setPeriodInTicks(unsigned long, bool)
 .text._ZN5USBDM7FtmBase15CheckPinMappingINS_8Ftm1InfoELi1EE5checkEv
                0x0000307c        0xc ./Sources/ClockGenerator.o
                0x0000307c                USBDM::FtmBase::CheckPinMapping<USBDM::Ftm1Info, 1>::check()
 .text._ZN5USBDM5Pcr_TILm512ELm1074040832EL9IRQn_Type40ELi13ELm768EE6setPCREm
                0x00003088       0x22 ./Sources/ClockGenerator.o
                0x00003088                USBDM::Pcr_T<512ul, 1074040832ul, (IRQn_Type)40, 13, 768ul>::setPCR(unsigned long)
 *fill*         0x000030aa        0x2 
 .text._ZN5USBDM9FtmBase_TINS_8Ftm1InfoEE20setRelativeEventTimeEti
                0x000030ac       0x30 ./Sources/ClockGenerator.o
                0x000030ac                USBDM::FtmBase_T<USBDM::Ftm1Info>::setRelativeEventTime(unsigned short, int)
 .text._ZN5USBDM9FtmBase_TINS_8Ftm1InfoEE18setChannelCallbackEPFvhE
                0x000030dc       0x58 ./Sources/ClockGenerator.o
                0x000030dc                USBDM::FtmBase_T<USBDM::Ftm1Info>::setChannelCallback(void (*)(unsigned char))
 .text._ZN5USBDM9FtmBase_TINS_8Ftm1InfoEE23getTickFrequencyAsFloatEv
                0x00003134       0x44 ./Sources/ClockGenerator.o
                0x00003134                USBDM::FtmBase_T<USBDM::Ftm1Info>::getTickFrequencyAsFloat()
 .text._ZN5USBDM10GpioBase_TILm512ELm1074040832EL9IRQn_Type40ELm1074786304ELj2ELNS_8PolarityE1EE6setOutEv
                0x00003178       0x16 ./Sources/ClockGenerator.o
                0x00003178                USBDM::GpioBase_T<512ul, 1074040832ul, (IRQn_Type)40, 1074786304ul, 2u, (USBDM::Polarity)1>::setOut()
 .text._ZN5USBDM5Pcr_TILm512ELm1074040832EL9IRQn_Type40ELi2ELm256EE6setPCREm
                0x0000318e       0x22 ./Sources/ClockGenerator.o
                0x0000318e                USBDM::Pcr_T<512ul, 1074040832ul, (IRQn_Type)40, 2, 256ul>::setPCR(unsigned long)
 .text._ZN5USBDM10GpioBase_TILm512ELm1074040832EL9IRQn_Type40ELm1074786304ELj2ELNS_8PolarityE1EE3setEv
                0x000031b0       0x12 ./Sources/ClockGenerator.o
                0x000031b0                USBDM::GpioBase_T<512ul, 1074040832ul, (IRQn_Type)40, 1074786304ul, 2u, (USBDM::Polarity)1>::set()
 .text._ZN5USBDM10GpioBase_TILm512ELm1074040832EL9IRQn_Type40ELm1074786304ELj2ELNS_8PolarityE1EE5clearEv
                0x000031c2       0x12 ./Sources/ClockGenerator.o
                0x000031c2                USBDM::GpioBase_T<512ul, 1074040832ul, (IRQn_Type)40, 1074786304ul, 2u, (USBDM::Polarity)1>::clear()
 .text._ZN5USBDM5Pcr_TILm512ELm1074040832EL9IRQn_Type40ELi13ELm768EE6pcrRegEv
                0x000031d4       0x14 ./Sources/ClockGenerator.o
                0x000031d4                USBDM::Pcr_T<512ul, 1074040832ul, (IRQn_Type)40, 13, 768ul>::pcrReg()
 .text._ZN5USBDM10GpioBase_TILm512ELm1074040832EL9IRQn_Type40ELm1074786304ELj2ELNS_8PolarityE1EE4gpioEv
                0x000031e8       0x14 ./Sources/ClockGenerator.o
                0x000031e8                USBDM::GpioBase_T<512ul, 1074040832ul, (IRQn_Type)40, 1074786304ul, 2u, (USBDM::Polarity)1>::gpio()
 .text._ZN5USBDM5Pcr_TILm512ELm1074040832EL9IRQn_Type40ELi2ELm256EE6pcrRegEv
                0x000031fc       0x14 ./Sources/ClockGenerator.o
                0x000031fc                USBDM::Pcr_T<512ul, 1074040832ul, (IRQn_Type)40, 2, 256ul>::pcrReg()
 .text._ZN5USBDM11FormattedIO12convertDigitEiNS_5RadixE
                0x00003210       0x5c ./Sources/main.o
                0x00003210                USBDM::FormattedIO::convertDigit(int, USBDM::Radix)
 .text._ZN5USBDM11FormattedIO8pushBackEc
                0x0000326c       0x1e ./Sources/main.o
                0x0000326c                USBDM::FormattedIO::pushBack(char)
 .text._ZN5USBDM11FormattedIO5writeEjNS_5RadixE
                0x0000328a       0x24 ./Sources/main.o
                0x0000328a                USBDM::FormattedIO::write(unsigned int, USBDM::Radix)
 .text._ZN5USBDM11FormattedIO6readlnEv
                0x000032ae       0x2c ./Sources/main.o
                0x000032ae                USBDM::FormattedIO::readln()
 .text._ZN5USBDM11FormattedIO4readERmNS_5RadixE
                0x000032da       0xbc ./Sources/main.o
                0x000032da                USBDM::FormattedIO::read(unsigned long&, USBDM::Radix)
 .text._ZN5USBDM11FormattedIO4readERjNS_5RadixE
                0x00003396       0x2c ./Sources/main.o
                0x00003396                USBDM::FormattedIO::read(unsigned int&, USBDM::Radix)
 .text._ZN5USBDM11FormattedIO6readlnERjNS_5RadixE
                0x000033c2       0x2a ./Sources/main.o
                0x000033c2                USBDM::FormattedIO::readln(unsigned int&, USBDM::Radix)
 .text.main     0x000033ec       0x90 ./Sources/main.o
                0x000033ec                main
 .text.NVIC_EnableIRQ
                0x0000347c       0x34 ./Sources/usbdmError.o
 .text.NVIC_ClearPendingIRQ
                0x000034b0       0x34 ./Sources/usbdmError.o
 .text.NVIC_SetPriority
                0x000034e4       0x58 ./Sources/usbdmError.o
 .text._ZN5USBDM15getErrorMessageENS_9ErrorCodeE
                0x0000353c       0x2c ./Sources/usbdmError.o
                0x0000353c                USBDM::getErrorMessage(USBDM::ErrorCode)
 .text._ZN5USBDM10checkErrorEv
                0x00003568       0x50 ./Sources/usbdmError.o
                0x00003568                USBDM::checkError()
 .text.cpp_initialise
                0x000035b8        0xc ./Sources/usbdmError.o
                0x000035b8                cpp_initialise
 .text._ZN5USBDM19enableNvicInterruptE9IRQn_Typem
                0x000035c4       0x34 ./Sources/usbdmError.o
                0x000035c4                USBDM::enableNvicInterrupt(IRQn_Type, unsigned long)
 .text.__aeabi_atexit
                0x000035f8        0xa c:/program files (x86)/eclipse foundation/eclipse cdt/gnu tools arm embedded/8 2018-q4-major/bin/../lib/gcc/arm-none-eabi/8.2.1/../../../../arm-none-eabi/lib/thumb/v7e-m/nofp\libstdc++_nano.a(atexit_arm.o)
                0x000035f8                __aeabi_atexit
 .text._ZdlPvj  0x00003602        0x4 c:/program files (x86)/eclipse foundation/eclipse cdt/gnu tools arm embedded/8 2018-q4-major/bin/../lib/gcc/arm-none-eabi/8.2.1/../../../../arm-none-eabi/lib/thumb/v7e-m/nofp\libstdc++_nano.a(del_ops.o)
                0x00003602                operator delete(void*, unsigned int)
 .text._ZdlPv   0x00003606        0x4 c:/program files (x86)/eclipse foundation/eclipse cdt/gnu tools arm embedded/8 2018-q4-major/bin/../lib/gcc/arm-none-eabi/8.2.1/../../../../arm-none-eabi/lib/thumb/v7e-m/nofp\libstdc++_nano.a(del_op.o)
                0x00003606                operator delete(void*)
 *fill*         0x0000360a        0x2 
 .text.round    0x0000360c       0x90 c:/program files (x86)/eclipse foundation/eclipse cdt/gnu tools arm embedded/8 2018-q4-major/bin/../lib/gcc/arm-none-eabi/8.2.1/../../../../arm-none-eabi/lib/thumb/v7e-m/nofp\libm.a(lib_a-s_round.o)
                0x0000360c                round
 .text.rintf    0x0000369c       0xa8 c:/program files (x86)/eclipse foundation/eclipse cdt/gnu tools arm embedded/8 2018-q4-major/bin/../lib/gcc/arm-none-eabi/8.2.1/../../../../arm-none-eabi/lib/thumb/v7e-m/nofp\libm.a(lib_a-sf_rint.o)
                0x0000369c                rintf
 .text.__cxa_atexit
                0x00003744       0x1c c:/program files (x86)/eclipse foundation/eclipse cdt/gnu tools arm embedded/8 2018-q4-major/bin/../lib/gcc/arm-none-eabi/8.2.1/../../../../arm-none-eabi/lib/thumb/v7e-m/nofp\libg_nano.a(lib_a-cxa_atexit.o)
                0x00003744                __cxa_atexit
 .text.exit     0x00003760       0x28 c:/program files (x86)/eclipse foundation/eclipse cdt/gnu tools arm embedded/8 2018-q4-major/bin/../lib/gcc/arm-none-eabi/8.2.1/../../../../arm-none-eabi/lib/thumb/v7e-m/nofp\libg_nano.a(lib_a-exit.o)
                0x00003760                exit
 .text.__libc_init_array
                0x00003788       0x48 c:/program files (x86)/eclipse foundation/eclipse cdt/gnu tools arm embedded/8 2018-q4-major/bin/../lib/gcc/arm-none-eabi/8.2.1/../../../../arm-none-eabi/lib/thumb/v7e-m/nofp\libg_nano.a(lib_a-init.o)
                0x00003788                __libc_init_array
 .text.isspace  0x000037d0       0x10 c:/program files (x86)/eclipse foundation/eclipse cdt/gnu tools arm embedded/8 2018-q4-major/bin/../lib/gcc/arm-none-eabi/8.2.1/../../../../arm-none-eabi/lib/thumb/v7e-m/nofp\libg_nano.a(lib_a-isspace.o)
                0x000037d0                isspace
 .text.free     0x000037e0       0x10 c:/program files (x86)/eclipse foundation/eclipse cdt/gnu tools arm embedded/8 2018-q4-major/bin/../lib/gcc/arm-none-eabi/8.2.1/../../../../arm-none-eabi/lib/thumb/v7e-m/nofp\libg_nano.a(lib_a-malloc.o)
                0x000037e0                free
 .text.memset   0x000037f0       0x10 c:/program files (x86)/eclipse foundation/eclipse cdt/gnu tools arm embedded/8 2018-q4-major/bin/../lib/gcc/arm-none-eabi/8.2.1/../../../../arm-none-eabi/lib/thumb/v7e-m/nofp\libg_nano.a(lib_a-memset.o)
                0x000037f0                memset
 .text._free_r  0x00003800       0x9c c:/program files (x86)/eclipse foundation/eclipse cdt/gnu tools arm embedded/8 2018-q4-major/bin/../lib/gcc/arm-none-eabi/8.2.1/../../../../arm-none-eabi/lib/thumb/v7e-m/nofp\libg_nano.a(lib_a-nano-freer.o)
                0x00003800                _free_r
 .text.__malloc_lock
                0x0000389c        0xc c:/program files (x86)/eclipse foundation/eclipse cdt/gnu tools arm embedded/8 2018-q4-major/bin/../lib/gcc/arm-none-eabi/8.2.1/../../../../arm-none-eabi/lib/thumb/v7e-m/nofp\libg_nano.a(lib_a-mlock.o)
                0x0000389c                __malloc_lock
 .text.__malloc_unlock
                0x000038a8        0xc c:/program files (x86)/eclipse foundation/eclipse cdt/gnu tools arm embedded/8 2018-q4-major/bin/../lib/gcc/arm-none-eabi/8.2.1/../../../../arm-none-eabi/lib/thumb/v7e-m/nofp\libg_nano.a(lib_a-mlock.o)
                0x000038a8                __malloc_unlock
 .text.__retarget_lock_acquire_recursive
                0x000038b4        0x2 c:/program files (x86)/eclipse foundation/eclipse cdt/gnu tools arm embedded/8 2018-q4-major/bin/../lib/gcc/arm-none-eabi/8.2.1/../../../../arm-none-eabi/lib/thumb/v7e-m/nofp\libg_nano.a(lib_a-lock.o)
                0x000038b4                __retarget_lock_acquire_recursive
 .text.__retarget_lock_release_recursive
                0x000038b6        0x2 c:/program files (x86)/eclipse foundation/eclipse cdt/gnu tools arm embedded/8 2018-q4-major/bin/../lib/gcc/arm-none-eabi/8.2.1/../../../../arm-none-eabi/lib/thumb/v7e-m/nofp\libg_nano.a(lib_a-lock.o)
                0x000038b6                __retarget_lock_release_recursive
 *(.rodata)
 .rodata        0x000038b8      0x102 ./Startup_Code/vectors.o
 *fill*         0x000039ba        0x2 
 .rodata        0x000039bc      0x220 ./Sources/ClockGenerator.o
 .rodata        0x00003bdc       0x4b ./Sources/main.o
 *fill*         0x00003c27        0x1 
 .rodata        0x00003c28      0x182 ./Sources/usbdmError.o
 *(.rodata*)
 *fill*         0x00003daa        0x2 
 .rodata._ZTVN5USBDM11Uart_brfa_TINS_9Uart0InfoEEE
                0x00003dac       0x2c ./Startup_Code/console.o
                0x00003dac                vtable for USBDM::Uart_brfa_T<USBDM::Uart0Info>
 .rodata._ZTVN5USBDM6Uart_TINS_9Uart0InfoEEE
                0x00003dd8       0x2c ./Startup_Code/console.o
                0x00003dd8                vtable for USBDM::Uart_T<USBDM::Uart0Info>
 .rodata._ZTVN5USBDM4UartE
                0x00003e04       0x2c ./Startup_Code/console.o
                0x00003e04                vtable for USBDM::Uart
 .rodata._ZTVN5USBDM11FormattedIOE
                0x00003e30       0x24 ./Startup_Code/console.o
                0x00003e30                vtable for USBDM::FormattedIO
 .rodata._ZN5USBDM3Mcg9clockInfoE
                0x00003e54       0x3c ./Startup_Code/mcg.o
                0x00003e54                USBDM::Mcg::clockInfo
 .rodata._ZN5USBDML20clockTransitionTableE
                0x00003e90       0x40 ./Startup_Code/mcg.o
 .rodata.TWO23  0x00003ed0        0x8 c:/program files (x86)/eclipse foundation/eclipse cdt/gnu tools arm embedded/8 2018-q4-major/bin/../lib/gcc/arm-none-eabi/8.2.1/../../../../arm-none-eabi/lib/thumb/v7e-m/nofp\libm.a(lib_a-sf_rint.o)
 .rodata._global_impure_ptr
                0x00003ed8        0x4 c:/program files (x86)/eclipse foundation/eclipse cdt/gnu tools arm embedded/8 2018-q4-major/bin/../lib/gcc/arm-none-eabi/8.2.1/../../../../arm-none-eabi/lib/thumb/v7e-m/nofp\libg_nano.a(lib_a-impure.o)
                0x00003ed8                _global_impure_ptr
 .rodata._ctype_
                0x00003edc      0x101 c:/program files (x86)/eclipse foundation/eclipse cdt/gnu tools arm embedded/8 2018-q4-major/bin/../lib/gcc/arm-none-eabi/8.2.1/../../../../arm-none-eabi/lib/thumb/v7e-m/nofp\libg_nano.a(lib_a-ctype_.o)
                0x00003edc                _ctype_
 *(.init)
 *fill*         0x00003fdd        0x3 
 .init          0x00003fe0        0x4 c:/program files (x86)/eclipse foundation/eclipse cdt/gnu tools arm embedded/8 2018-q4-major/bin/../lib/gcc/arm-none-eabi/8.2.1/thumb/v7e-m/nofp/crti.o
                0x00003fe0                _init
 .init          0x00003fe4        0x8 c:/program files (x86)/eclipse foundation/eclipse cdt/gnu tools arm embedded/8 2018-q4-major/bin/../lib/gcc/arm-none-eabi/8.2.1/thumb/v7e-m/nofp/crtn.o
 *(.fini)
 .fini          0x00003fec        0x4 c:/program files (x86)/eclipse foundation/eclipse cdt/gnu tools arm embedded/8 2018-q4-major/bin/../lib/gcc/arm-none-eabi/8.2.1/thumb/v7e-m/nofp/crti.o
                0x00003fec                _fini
 .fini          0x00003ff0        0x8 c:/program files (x86)/eclipse foundation/eclipse cdt/gnu tools arm embedded/8 2018-q4-major/bin/../lib/gcc/arm-none-eabi/8.2.1/thumb/v7e-m/nofp/crtn.o
                0x00003ff8                __CTOR_LIST__ = .
 *crtbegin.o(.ctors)
 *crtbegin?.o(.ctors)
 *(EXCLUDE_FILE(*crtend.o *crtend?.o) .ctors)
 *(SORT_BY_NAME(.ctors.*))
 *(.ctors)
                0x00003ff8                __CTOR_END__ = .
                0x00003ff8                __DTOR_LIST__ = .
 *crtbegin.o(.dtors)
 *crtbegin?.o(.dtors)
 *(EXCLUDE_FILE(*crtend.o *crtend?.o) .dtors)
 *(SORT_BY_NAME(.dtors.*))
 *(.dtors)
                0x00003ff8                __DTOR_END__ = .
                0x00003ff8                . = ALIGN (0x4)
                0x00003ff8                PROVIDE (__preinit_array_start = .)
 *(.preinit_array*)
                0x00003ff8                PROVIDE (__preinit_array_end = .)
                0x00003ff8                . = ALIGN (0x4)
                0x00003ff8                PROVIDE (__init_array_start = .)
 *(SORT_BY_NAME(.init_array.*))
 *(.init_array*)
 .init_array    0x00003ff8        0x4 c:/program files (x86)/eclipse foundation/eclipse cdt/gnu tools arm embedded/8 2018-q4-major/bin/../lib/gcc/arm-none-eabi/8.2.1/thumb/v7e-m/nofp/crtbegin.o
 .init_array    0x00003ffc        0x4 ./Startup_Code/console.o
 .init_array    0x00004000        0x4 ./Startup_Code/system.o
 .init_array    0x00004004        0x4 ./Sources/usbdmError.o
                0x00004008                PROVIDE (__init_array_end = .)
                0x00004008                . = ALIGN (0x4)
                [!provide]                PROVIDE (__fini_array_start = .)
 *(SORT_BY_NAME(.fini_array.*))
 *(.fini_array*)
 .fini_array    0x00004008        0x4 c:/program files (x86)/eclipse foundation/eclipse cdt/gnu tools arm embedded/8 2018-q4-major/bin/../lib/gcc/arm-none-eabi/8.2.1/thumb/v7e-m/nofp/crtbegin.o
                [!provide]                PROVIDE (__fini_array_end = .)
 *(.jcr*)
 *(.rodata*)
 *(.eh_frame*)
 .eh_frame      0x0000400c        0x0 c:/program files (x86)/eclipse foundation/eclipse cdt/gnu tools arm embedded/8 2018-q4-major/bin/../lib/gcc/arm-none-eabi/8.2.1/thumb/v7e-m/nofp/crtbegin.o
 .eh_frame      0x0000400c        0x4 c:/program files (x86)/eclipse foundation/eclipse cdt/gnu tools arm embedded/8 2018-q4-major/bin/../lib/gcc/arm-none-eabi/8.2.1/thumb/v7e-m/nofp/crtend.o

.glue_7         0x00004010        0x0
 .glue_7        0x00004010        0x0 linker stubs

.glue_7t        0x00004010        0x0
 .glue_7t       0x00004010        0x0 linker stubs

.vfp11_veneer   0x00004010        0x0
 .vfp11_veneer  0x00004010        0x0 linker stubs

.v4_bx          0x00004010        0x0
 .v4_bx         0x00004010        0x0 linker stubs

.iplt           0x00004010        0x0
 .iplt          0x00004010        0x0 c:/program files (x86)/eclipse foundation/eclipse cdt/gnu tools arm embedded/8 2018-q4-major/bin/../lib/gcc/arm-none-eabi/8.2.1/thumb/v7e-m/nofp/crtbegin.o

.ARM.extab
 *(.ARM.extab* .gnu.linkonce.armextab.*)
                0x00004010                __exidx_start = .

.ARM.exidx      0x00004010        0x8
 *(.ARM.exidx* .gnu.linkonce.armexidx.*)
 .ARM.exidx     0x00004010        0x8 c:/program files (x86)/eclipse foundation/eclipse cdt/gnu tools arm embedded/8 2018-q4-major/bin/../lib/gcc/arm-none-eabi/8.2.1/../../../../arm-none-eabi/lib/thumb/v7e-m/nofp/crt0.o
                0x00004018                __exidx_end = .

.rel.dyn        0x00004018        0x0
 .rel.iplt      0x00004018        0x0 c:/program files (x86)/eclipse foundation/eclipse cdt/gnu tools arm embedded/8 2018-q4-major/bin/../lib/gcc/arm-none-eabi/8.2.1/thumb/v7e-m/nofp/crtbegin.o

.flash          0x00004018        0x0
                0x00004018                . = ALIGN (0x4)
 *(.flash)
                0x00004018                __etext = .
                0x00004018                __DATA_ROM = .

.mtb            0x1fffe000        0x0
                0x1fffe000                . = ALIGN (0x8)
                0x1fffe000                _mtb_start = .
 *(.mtb_buf)
                0x1fffe000                . = ALIGN (0x8)
                0x1fffe000                _mtb_end = .

.interrupts_ram
                0x1fffe000        0x0
                0x1fffe000                . = ALIGN (0x4)
                0x1fffe000                __VECTOR_RAM__ = .
                0x1fffe000                __interrupts_ram_start__ = .
 *(.m_interrupts_ram)
                0x1fffe000                . = (. + M_VECTOR_RAM_SIZE)
                0x1fffe000                . = ALIGN (0x4)
                0x1fffe000                __interrupts_ram_end__ = .
                0x00000000                __VECTOR_RAM = DEFINED (__ram_vector_table__)?__VECTOR_RAM__:__VECTOR_TABLE
                0x00000000                __RAM_VECTOR_TABLE_SIZE_BYTES = (__interrupts_ram_end__ - __interrupts_ram_start__)

.bdts
 *(.bss*endPointBdts*)

.data           0x1fffe000       0xc8 load address 0x00004018
                0x1fffe000                __data_start__ = .
                0x1fffe000                __DATA_RAM = .
 *(vtable)
 *(.data*)
 .data          0x1fffe000        0x4 c:/program files (x86)/eclipse foundation/eclipse cdt/gnu tools arm embedded/8 2018-q4-major/bin/../lib/gcc/arm-none-eabi/8.2.1/thumb/v7e-m/nofp/crtbegin.o
                0x1fffe000                __dso_handle
 .data.SystemCoreClock
                0x1fffe004        0x4 ./Startup_Code/system.o
                0x1fffe004                SystemCoreClock
 .data.SystemBusClock
                0x1fffe008        0x4 ./Startup_Code/system.o
                0x1fffe008                SystemBusClock
 .data._ZN5USBDM9FtmBase_TINS_8Ftm1InfoEE12sToiCallbackE
                0x1fffe00c        0x4 ./Startup_Code/vectors.o
                0x1fffe00c                USBDM::FtmBase_T<USBDM::Ftm1Info>::sToiCallback
 .data._ZN5USBDM9FtmBase_TINS_8Ftm1InfoEE14sFaultCallbackE
                0x1fffe010        0x4 ./Startup_Code/vectors.o
                0x1fffe010                USBDM::FtmBase_T<USBDM::Ftm1Info>::sFaultCallback
 .data._ZN5USBDM9PitBase_TINS_7PitInfoEE10sCallbacksE
                0x1fffe014       0x10 ./Startup_Code/vectors.o
                0x1fffe014                USBDM::PitBase_T<USBDM::PitInfo>::sCallbacks
 .data._ZN5USBDML8messagesE
                0x1fffe024       0x40 ./Sources/usbdmError.o
 .data._impure_ptr
                0x1fffe064        0x4 c:/program files (x86)/eclipse foundation/eclipse cdt/gnu tools arm embedded/8 2018-q4-major/bin/../lib/gcc/arm-none-eabi/8.2.1/../../../../arm-none-eabi/lib/thumb/v7e-m/nofp\libg_nano.a(lib_a-impure.o)
                0x1fffe064                _impure_ptr
 .data.impure_data
                0x1fffe068       0x60 c:/program files (x86)/eclipse foundation/eclipse cdt/gnu tools arm embedded/8 2018-q4-major/bin/../lib/gcc/arm-none-eabi/8.2.1/../../../../arm-none-eabi/lib/thumb/v7e-m/nofp\libg_nano.a(lib_a-impure.o)
                0x1fffe0c8                . = ALIGN (0x4)
                0x1fffe0c8                __data_end__ = .
                0x000040e0                __DATA_END = (__DATA_ROM + SIZEOF (.data))

.igot.plt       0x1fffe0c8        0x0 load address 0x000040e0
 .igot.plt      0x1fffe0c8        0x0 c:/program files (x86)/eclipse foundation/eclipse cdt/gnu tools arm embedded/8 2018-q4-major/bin/../lib/gcc/arm-none-eabi/8.2.1/thumb/v7e-m/nofp/crtbegin.o

.noinit         0x1fffe0c8        0x0
                0x1fffe0c8                . = ALIGN (0x4)
 *(.noinit)

.bss            0x1fffe0c8       0x74 load address 0x000040e0
                0x1fffe0c8                . = ALIGN (0x4)
                0x1fffe0c8                __START_BSS = .
                0x1fffe0c8                __bss_start__ = .
 *(.bss)
 .bss           0x1fffe0c8       0x1c c:/program files (x86)/eclipse foundation/eclipse cdt/gnu tools arm embedded/8 2018-q4-major/bin/../lib/gcc/arm-none-eabi/8.2.1/thumb/v7e-m/nofp/crtbegin.o
 *(.bss*)
 .bss._ZN5USBDM7consoleE
                0x1fffe0e4       0x18 ./Startup_Code/console.o
                0x1fffe0e4                USBDM::console
 .bss._ZN5USBDM16SystemMcgffClockE
                0x1fffe0fc        0x4 ./Startup_Code/mcg.o
                0x1fffe0fc                USBDM::SystemMcgffClock
 .bss._ZN5USBDM17SystemMcgOutClockE
                0x1fffe100        0x4 ./Startup_Code/mcg.o
                0x1fffe100                USBDM::SystemMcgOutClock
 .bss._ZN5USBDM17SystemMcgFllClockE
                0x1fffe104        0x4 ./Startup_Code/mcg.o
                0x1fffe104                USBDM::SystemMcgFllClock
 .bss._ZN5USBDM17SystemMcgPllClockE
                0x1fffe108        0x4 ./Startup_Code/mcg.o
                0x1fffe108                USBDM::SystemMcgPllClock
 .bss._ZN5USBDM14SystemLpoClockE
                0x1fffe10c        0x4 ./Startup_Code/mcg.o
                0x1fffe10c                USBDM::SystemLpoClock
 .bss._ZN5USBDM3Mcg16currentClockModeE
                0x1fffe110        0x1 ./Startup_Code/mcg.o
                0x1fffe110                USBDM::Mcg::currentClockMode
 *fill*         0x1fffe111        0x3 
 .bss._ZN5USBDM9FtmBase_TINS_8Ftm1InfoEE17sChannelCallbacksE
                0x1fffe114        0x4 ./Startup_Code/vectors.o
                0x1fffe114                USBDM::FtmBase_T<USBDM::Ftm1Info>::sChannelCallbacks
 .bss.input1Hz  0x1fffe118        0x4 ./Sources/ClockGenerator.o
                0x1fffe118                input1Hz
 .bss.input2Hz  0x1fffe11c        0x4 ./Sources/ClockGenerator.o
                0x1fffe11c                input2Hz
 .bss.eventCounter
                0x1fffe120        0x4 ./Sources/ClockGenerator.o
                0x1fffe120                eventCounter
 .bss._ZL22timerHalfPeriodInTicks
                0x1fffe124        0x2 ./Sources/ClockGenerator.o
 *fill*         0x1fffe126        0x2 
 .bss._ZN5USBDM9errorCodeE
                0x1fffe128        0x4 ./Sources/usbdmError.o
                0x1fffe128                USBDM::errorCode
 .bss.__malloc_free_list
                0x1fffe12c        0x4 c:/program files (x86)/eclipse foundation/eclipse cdt/gnu tools arm embedded/8 2018-q4-major/bin/../lib/gcc/arm-none-eabi/8.2.1/../../../../arm-none-eabi/lib/thumb/v7e-m/nofp\libg_nano.a(lib_a-nano-mallocr.o)
                0x1fffe12c                __malloc_free_list
 *(COMMON)
 COMMON         0x1fffe130        0x9 c:/program files (x86)/eclipse foundation/eclipse cdt/gnu tools arm embedded/8 2018-q4-major/bin/../lib/gcc/arm-none-eabi/8.2.1/../../../../arm-none-eabi/lib/thumb/v7e-m/nofp\libg_nano.a(lib_a-lock.o)
                0x1fffe130                __lock___atexit_recursive_mutex
                0x1fffe131                __lock___arc4random_mutex
                0x1fffe132                __lock___env_recursive_mutex
                0x1fffe133                __lock___sinit_recursive_mutex
                0x1fffe134                __lock___malloc_recursive_mutex
                0x1fffe135                __lock___at_quick_exit_mutex
                0x1fffe136                __lock___dd_hash_mutex
                0x1fffe137                __lock___tz_mutex
                0x1fffe138                __lock___sfp_recursive_mutex
                0x1fffe13c                . = ALIGN (0x4)
 *fill*         0x1fffe139        0x3 
                0x1fffe13c                __bss_end__ = .
                0x1fffe13c                __END_BSS = .

.heap           0x1fffe13c     0x1000 load address 0x00004154
                0x1fffe13c                . = ALIGN (0x4)
                [!provide]                PROVIDE (__end__ = .)
                [!provide]                PROVIDE (end = .)
                [!provide]                PROVIDE (_end = .)
                0x1fffe13c                __HeapBase = .
                0x1fffe13c                __heap_addr = .
                0x1ffff13c                . = (. + __heap_size__)
 *fill*         0x1fffe13c     0x1000 
                0x1fffffff                __HeapLimit = MIN (ABSOLUTE (((ORIGIN (heap_ram) + LENGTH (heap_ram)) - 0x1)), __StackLimit)
                [!provide]                PROVIDE (__sram_u_size = 0x0)

.stack          0x20000000     0x2000
                0x20000ffd                . = MAX (., ABSOLUTE (((((ORIGIN (stack_ram) + LENGTH (stack_ram)) - __stack_size__) - __sram_u_size) - 0x3)))
 *fill*         0x20000000      0xffd 
                0x20001000                . = ALIGN (0x4)
 *fill*         0x20000ffd        0x3 
                0x20001000                __StackLimit = .
                0x20002000                . = (. + __stack_size__)
 *fill*         0x20001000     0x1000 
                0x20002000                __StackTop = .

.flexRAM        0x14000000        0x0
                0x14000000                . = ALIGN (0x4)
 *(.flexRAM)

.flexNVM        0x10000000        0x0
                0x10000000                . = ALIGN (0x4)
 *(.flexNVM)

.sram_u
 *(.sram_u)

.bitband        0x22000000    0x40000
                0x00040000                . = (ORIGIN (bitband) + ((((ORIGIN (sram_u_ram) + LENGTH (sram_u_ram)) - __sram_u_size) & 0xffffff) * 0x20))
 *fill*         0x22000000    0x40000 
 *(.bitband)
                0x20002000                PROVIDE (__stack = __StackTop)
                [!provide]                PROVIDE (__cs3_stack = __StackTop)
                [!provide]                PROVIDE (_write = _usbdm_write)
                [!provide]                PROVIDE (_read = _usbdm_read)
OUTPUT(LabE4.elf elf32-littlearm)

.ARM.attributes
                0x00000000       0x2a
 .ARM.attributes
                0x00000000       0x1e c:/program files (x86)/eclipse foundation/eclipse cdt/gnu tools arm embedded/8 2018-q4-major/bin/../lib/gcc/arm-none-eabi/8.2.1/thumb/v7e-m/nofp/crti.o
 .ARM.attributes
                0x0000001e       0x2e c:/program files (x86)/eclipse foundation/eclipse cdt/gnu tools arm embedded/8 2018-q4-major/bin/../lib/gcc/arm-none-eabi/8.2.1/thumb/v7e-m/nofp/crtbegin.o
 .ARM.attributes
                0x0000004c       0x1c c:/program files (x86)/eclipse foundation/eclipse cdt/gnu tools arm embedded/8 2018-q4-major/bin/../lib/gcc/arm-none-eabi/8.2.1/../../../../arm-none-eabi/lib/thumb/v7e-m/nofp/crt0.o
 .ARM.attributes
                0x00000068       0x2e ./Startup_Code/console.o
 .ARM.attributes
                0x00000096       0x2e ./Startup_Code/mcg.o
 .ARM.attributes
                0x000000c4       0x2e ./Startup_Code/newlib_stubs.o
 .ARM.attributes
                0x000000f2       0x33 ./Startup_Code/security.o
 .ARM.attributes
                0x00000125       0x1b ./Startup_Code/startup_ARMLtdGCC.o
 .ARM.attributes
                0x00000140       0x2e ./Startup_Code/system-gcc.o
 .ARM.attributes
                0x0000016e       0x2e ./Startup_Code/system.o
 .ARM.attributes
                0x0000019c       0x2e ./Startup_Code/vectors.o
 .ARM.attributes
                0x000001ca       0x2e ./Sources/ClockGenerator.o
 .ARM.attributes
                0x000001f8       0x2e ./Sources/main.o
 .ARM.attributes
                0x00000226       0x2e ./Sources/usbdmError.o
 .ARM.attributes
                0x00000254       0x2e c:/program files (x86)/eclipse foundation/eclipse cdt/gnu tools arm embedded/8 2018-q4-major/bin/../lib/gcc/arm-none-eabi/8.2.1/../../../../arm-none-eabi/lib/thumb/v7e-m/nofp\libstdc++_nano.a(atexit_arm.o)
 .ARM.attributes
                0x00000282       0x2e c:/program files (x86)/eclipse foundation/eclipse cdt/gnu tools arm embedded/8 2018-q4-major/bin/../lib/gcc/arm-none-eabi/8.2.1/../../../../arm-none-eabi/lib/thumb/v7e-m/nofp\libstdc++_nano.a(del_ops.o)
 .ARM.attributes
                0x000002b0       0x2e c:/program files (x86)/eclipse foundation/eclipse cdt/gnu tools arm embedded/8 2018-q4-major/bin/../lib/gcc/arm-none-eabi/8.2.1/../../../../arm-none-eabi/lib/thumb/v7e-m/nofp\libstdc++_nano.a(del_op.o)
 .ARM.attributes
                0x000002de       0x2e c:/program files (x86)/eclipse foundation/eclipse cdt/gnu tools arm embedded/8 2018-q4-major/bin/../lib/gcc/arm-none-eabi/8.2.1/../../../../arm-none-eabi/lib/thumb/v7e-m/nofp\libm.a(lib_a-s_round.o)
 .ARM.attributes
                0x0000030c       0x2e c:/program files (x86)/eclipse foundation/eclipse cdt/gnu tools arm embedded/8 2018-q4-major/bin/../lib/gcc/arm-none-eabi/8.2.1/../../../../arm-none-eabi/lib/thumb/v7e-m/nofp\libm.a(lib_a-sf_rint.o)
 .ARM.attributes
                0x0000033a       0x1e c:/program files (x86)/eclipse foundation/eclipse cdt/gnu tools arm embedded/8 2018-q4-major/bin/../lib/gcc/arm-none-eabi/8.2.1/thumb/v7e-m/nofp\libgcc.a(_arm_addsubdf3.o)
 .ARM.attributes
                0x00000358       0x1e c:/program files (x86)/eclipse foundation/eclipse cdt/gnu tools arm embedded/8 2018-q4-major/bin/../lib/gcc/arm-none-eabi/8.2.1/thumb/v7e-m/nofp\libgcc.a(_arm_muldivdf3.o)
 .ARM.attributes
                0x00000376       0x1e c:/program files (x86)/eclipse foundation/eclipse cdt/gnu tools arm embedded/8 2018-q4-major/bin/../lib/gcc/arm-none-eabi/8.2.1/thumb/v7e-m/nofp\libgcc.a(_arm_fixunsdfsi.o)
 .ARM.attributes
                0x00000394       0x1e c:/program files (x86)/eclipse foundation/eclipse cdt/gnu tools arm embedded/8 2018-q4-major/bin/../lib/gcc/arm-none-eabi/8.2.1/thumb/v7e-m/nofp\libgcc.a(_arm_truncdfsf2.o)
 .ARM.attributes
                0x000003b2       0x1e c:/program files (x86)/eclipse foundation/eclipse cdt/gnu tools arm embedded/8 2018-q4-major/bin/../lib/gcc/arm-none-eabi/8.2.1/thumb/v7e-m/nofp\libgcc.a(_arm_addsubsf3.o)
 .ARM.attributes
                0x000003d0       0x1e c:/program files (x86)/eclipse foundation/eclipse cdt/gnu tools arm embedded/8 2018-q4-major/bin/../lib/gcc/arm-none-eabi/8.2.1/thumb/v7e-m/nofp\libgcc.a(_arm_muldivsf3.o)
 .ARM.attributes
                0x000003ee       0x2e c:/program files (x86)/eclipse foundation/eclipse cdt/gnu tools arm embedded/8 2018-q4-major/bin/../lib/gcc/arm-none-eabi/8.2.1/thumb/v7e-m/nofp\libgcc.a(_fixunssfdi.o)
 .ARM.attributes
                0x0000041c       0x2e c:/program files (x86)/eclipse foundation/eclipse cdt/gnu tools arm embedded/8 2018-q4-major/bin/../lib/gcc/arm-none-eabi/8.2.1/../../../../arm-none-eabi/lib/thumb/v7e-m/nofp\libg_nano.a(lib_a-cxa_atexit.o)
 .ARM.attributes
                0x0000044a       0x2e c:/program files (x86)/eclipse foundation/eclipse cdt/gnu tools arm embedded/8 2018-q4-major/bin/../lib/gcc/arm-none-eabi/8.2.1/../../../../arm-none-eabi/lib/thumb/v7e-m/nofp\libg_nano.a(lib_a-exit.o)
 .ARM.attributes
                0x00000478       0x2e c:/program files (x86)/eclipse foundation/eclipse cdt/gnu tools arm embedded/8 2018-q4-major/bin/../lib/gcc/arm-none-eabi/8.2.1/../../../../arm-none-eabi/lib/thumb/v7e-m/nofp\libg_nano.a(lib_a-impure.o)
 .ARM.attributes
                0x000004a6       0x2e c:/program files (x86)/eclipse foundation/eclipse cdt/gnu tools arm embedded/8 2018-q4-major/bin/../lib/gcc/arm-none-eabi/8.2.1/../../../../arm-none-eabi/lib/thumb/v7e-m/nofp\libg_nano.a(lib_a-init.o)
 .ARM.attributes
                0x000004d4       0x2e c:/program files (x86)/eclipse foundation/eclipse cdt/gnu tools arm embedded/8 2018-q4-major/bin/../lib/gcc/arm-none-eabi/8.2.1/../../../../arm-none-eabi/lib/thumb/v7e-m/nofp\libg_nano.a(lib_a-isspace.o)
 .ARM.attributes
                0x00000502       0x2e c:/program files (x86)/eclipse foundation/eclipse cdt/gnu tools arm embedded/8 2018-q4-major/bin/../lib/gcc/arm-none-eabi/8.2.1/../../../../arm-none-eabi/lib/thumb/v7e-m/nofp\libg_nano.a(lib_a-malloc.o)
 .ARM.attributes
                0x00000530       0x2e c:/program files (x86)/eclipse foundation/eclipse cdt/gnu tools arm embedded/8 2018-q4-major/bin/../lib/gcc/arm-none-eabi/8.2.1/../../../../arm-none-eabi/lib/thumb/v7e-m/nofp\libg_nano.a(lib_a-memset.o)
 .ARM.attributes
                0x0000055e       0x2e c:/program files (x86)/eclipse foundation/eclipse cdt/gnu tools arm embedded/8 2018-q4-major/bin/../lib/gcc/arm-none-eabi/8.2.1/../../../../arm-none-eabi/lib/thumb/v7e-m/nofp\libg_nano.a(lib_a-nano-freer.o)
 .ARM.attributes
                0x0000058c       0x2e c:/program files (x86)/eclipse foundation/eclipse cdt/gnu tools arm embedded/8 2018-q4-major/bin/../lib/gcc/arm-none-eabi/8.2.1/../../../../arm-none-eabi/lib/thumb/v7e-m/nofp\libg_nano.a(lib_a-nano-mallocr.o)
 .ARM.attributes
                0x000005ba       0x2e c:/program files (x86)/eclipse foundation/eclipse cdt/gnu tools arm embedded/8 2018-q4-major/bin/../lib/gcc/arm-none-eabi/8.2.1/../../../../arm-none-eabi/lib/thumb/v7e-m/nofp\libg_nano.a(lib_a-ctype_.o)
 .ARM.attributes
                0x000005e8       0x2e c:/program files (x86)/eclipse foundation/eclipse cdt/gnu tools arm embedded/8 2018-q4-major/bin/../lib/gcc/arm-none-eabi/8.2.1/../../../../arm-none-eabi/lib/thumb/v7e-m/nofp\libg_nano.a(lib_a-mlock.o)
 .ARM.attributes
                0x00000616       0x2e c:/program files (x86)/eclipse foundation/eclipse cdt/gnu tools arm embedded/8 2018-q4-major/bin/../lib/gcc/arm-none-eabi/8.2.1/../../../../arm-none-eabi/lib/thumb/v7e-m/nofp\libg_nano.a(lib_a-lock.o)
 .ARM.attributes
                0x00000644       0x2e c:/program files (x86)/eclipse foundation/eclipse cdt/gnu tools arm embedded/8 2018-q4-major/bin/../lib/gcc/arm-none-eabi/8.2.1/thumb/v7e-m/nofp/crtend.o
 .ARM.attributes
                0x00000672       0x1e c:/program files (x86)/eclipse foundation/eclipse cdt/gnu tools arm embedded/8 2018-q4-major/bin/../lib/gcc/arm-none-eabi/8.2.1/thumb/v7e-m/nofp/crtn.o

.comment        0x00000000       0x75
 .comment       0x00000000       0x75 ./Startup_Code/console.o
                                 0x76 (size before relaxing)
 .comment       0x00000075       0x76 ./Startup_Code/mcg.o
 .comment       0x00000075       0x76 ./Startup_Code/newlib_stubs.o
 .comment       0x00000075       0x76 ./Startup_Code/security.o
 .comment       0x00000075       0x76 ./Startup_Code/system-gcc.o
 .comment       0x00000075       0x76 ./Startup_Code/system.o
 .comment       0x00000075       0x76 ./Startup_Code/vectors.o
 .comment       0x00000075       0x76 ./Sources/ClockGenerator.o
 .comment       0x00000075       0x76 ./Sources/main.o
 .comment       0x00000075       0x76 ./Sources/usbdmError.o

.debug_info     0x00000000    0x833e3
 .debug_info    0x00000000    0x10d8b ./Startup_Code/console.o
 .debug_info    0x00010d8b     0xff3e ./Startup_Code/mcg.o
 .debug_info    0x00020cc9     0x1071 ./Startup_Code/newlib_stubs.o
 .debug_info    0x00021d3a      0xa0e ./Startup_Code/security.o
 .debug_info    0x00022748       0x26 ./Startup_Code/startup_ARMLtdGCC.o
 .debug_info    0x0002276e     0xf30d ./Startup_Code/system-gcc.o
 .debug_info    0x00031a7b     0xf1b6 ./Startup_Code/system.o
 .debug_info    0x00040c31    0x10e9b ./Startup_Code/vectors.o
 .debug_info    0x00051acc    0x10b0e ./Sources/ClockGenerator.o
 .debug_info    0x000625da    0x10c5c ./Sources/main.o
 .debug_info    0x00073236    0x101ad ./Sources/usbdmError.o

.debug_abbrev   0x00000000     0x5e4e
 .debug_abbrev  0x00000000      0xcd8 ./Startup_Code/console.o
 .debug_abbrev  0x00000cd8      0xb44 ./Startup_Code/mcg.o
 .debug_abbrev  0x0000181c      0x328 ./Startup_Code/newlib_stubs.o
 .debug_abbrev  0x00001b44      0x1ce ./Startup_Code/security.o
 .debug_abbrev  0x00001d12       0x14 ./Startup_Code/startup_ARMLtdGCC.o
 .debug_abbrev  0x00001d26      0x926 ./Startup_Code/system-gcc.o
 .debug_abbrev  0x0000264c      0x976 ./Startup_Code/system.o
 .debug_abbrev  0x00002fc2      0xc24 ./Startup_Code/vectors.o
 .debug_abbrev  0x00003be6      0xb5e ./Sources/ClockGenerator.o
 .debug_abbrev  0x00004744      0xb85 ./Sources/main.o
 .debug_abbrev  0x000052c9      0xb85 ./Sources/usbdmError.o

.debug_aranges  0x00000000      0x740
 .debug_aranges
                0x00000000      0x170 ./Startup_Code/console.o
 .debug_aranges
                0x00000170       0xe8 ./Startup_Code/mcg.o
 .debug_aranges
                0x00000258       0xb8 ./Startup_Code/newlib_stubs.o
 .debug_aranges
                0x00000310       0x18 ./Startup_Code/security.o
 .debug_aranges
                0x00000328       0x20 ./Startup_Code/startup_ARMLtdGCC.o
 .debug_aranges
                0x00000348       0x30 ./Startup_Code/system-gcc.o
 .debug_aranges
                0x00000378       0x58 ./Startup_Code/system.o
 .debug_aranges
                0x000003d0       0xd0 ./Startup_Code/vectors.o
 .debug_aranges
                0x000004a0      0x168 ./Sources/ClockGenerator.o
 .debug_aranges
                0x00000608       0xb8 ./Sources/main.o
 .debug_aranges
                0x000006c0       0x80 ./Sources/usbdmError.o

.debug_ranges   0x00000000      0x690
 .debug_ranges  0x00000000      0x160 ./Startup_Code/console.o
 .debug_ranges  0x00000160       0xd8 ./Startup_Code/mcg.o
 .debug_ranges  0x00000238       0xa8 ./Startup_Code/newlib_stubs.o
 .debug_ranges  0x000002e0       0x20 ./Startup_Code/system-gcc.o
 .debug_ranges  0x00000300       0x48 ./Startup_Code/system.o
 .debug_ranges  0x00000348       0xc0 ./Startup_Code/vectors.o
 .debug_ranges  0x00000408      0x158 ./Sources/ClockGenerator.o
 .debug_ranges  0x00000560       0xc0 ./Sources/main.o
 .debug_ranges  0x00000620       0x70 ./Sources/usbdmError.o

.debug_macro    0x00000000    0x11358
 .debug_macro   0x00000000      0x480 ./Startup_Code/console.o
 .debug_macro   0x00000480      0xbc8 ./Startup_Code/console.o
 .debug_macro   0x00001048       0x1c ./Startup_Code/console.o
 .debug_macro   0x00001064       0x22 ./Startup_Code/console.o
 .debug_macro   0x00001086       0x8e ./Startup_Code/console.o
 .debug_macro   0x00001114       0x51 ./Startup_Code/console.o
 .debug_macro   0x00001165       0xef ./Startup_Code/console.o
 .debug_macro   0x00001254       0x6a ./Startup_Code/console.o
 .debug_macro   0x000012be      0x1df ./Startup_Code/console.o
 .debug_macro   0x0000149d       0x2e ./Startup_Code/console.o
 .debug_macro   0x000014cb       0x3b ./Startup_Code/console.o
 .debug_macro   0x00001506       0x50 ./Startup_Code/console.o
 .debug_macro   0x00001556      0xbc6 ./Startup_Code/console.o
 .debug_macro   0x0000211c     0x83ec ./Startup_Code/console.o
 .debug_macro   0x0000a508       0x26 ./Startup_Code/console.o
 .debug_macro   0x0000a52e       0x10 ./Startup_Code/console.o
 .debug_macro   0x0000a53e      0x17b ./Startup_Code/console.o
 .debug_macro   0x0000a6b9      0x15b ./Startup_Code/console.o
 .debug_macro   0x0000a814      0x16e ./Startup_Code/console.o
 .debug_macro   0x0000a982       0x10 ./Startup_Code/console.o
 .debug_macro   0x0000a992      0x3fb ./Startup_Code/console.o
 .debug_macro   0x0000ad8d       0x5e ./Startup_Code/console.o
 .debug_macro   0x0000adeb      0x35c ./Startup_Code/console.o
 .debug_macro   0x0000b147       0x7c ./Startup_Code/console.o
 .debug_macro   0x0000b1c3       0x17 ./Startup_Code/console.o
 .debug_macro   0x0000b1da       0xee ./Startup_Code/console.o
 .debug_macro   0x0000b2c8       0x1c ./Startup_Code/console.o
 .debug_macro   0x0000b2e4       0x28 ./Startup_Code/console.o
 .debug_macro   0x0000b30c       0x16 ./Startup_Code/console.o
 .debug_macro   0x0000b322       0x18 ./Startup_Code/console.o
 .debug_macro   0x0000b33a       0x18 ./Startup_Code/console.o
 .debug_macro   0x0000b352       0x35 ./Startup_Code/console.o
 .debug_macro   0x0000b387       0x34 ./Startup_Code/console.o
 .debug_macro   0x0000b3bb       0x58 ./Startup_Code/console.o
 .debug_macro   0x0000b413       0x1f ./Startup_Code/console.o
 .debug_macro   0x0000b432       0x43 ./Startup_Code/console.o
 .debug_macro   0x0000b475       0x20 ./Startup_Code/console.o
 .debug_macro   0x0000b495      0x18e ./Startup_Code/console.o
 .debug_macro   0x0000b623      0x1da ./Startup_Code/console.o
 .debug_macro   0x0000b7fd       0x10 ./Startup_Code/console.o
 .debug_macro   0x0000b80d       0x16 ./Startup_Code/console.o
 .debug_macro   0x0000b823       0x35 ./Startup_Code/console.o
 .debug_macro   0x0000b858       0x16 ./Startup_Code/console.o
 .debug_macro   0x0000b86e       0x29 ./Startup_Code/console.o
 .debug_macro   0x0000b897       0x10 ./Startup_Code/console.o
 .debug_macro   0x0000b8a7      0x3ce ./Startup_Code/console.o
 .debug_macro   0x0000bc75       0x16 ./Startup_Code/console.o
 .debug_macro   0x0000bc8b       0x1c ./Startup_Code/console.o
 .debug_macro   0x0000bca7       0x6e ./Startup_Code/console.o
 .debug_macro   0x0000bd15       0x28 ./Startup_Code/console.o
 .debug_macro   0x0000bd3d       0x86 ./Startup_Code/console.o
 .debug_macro   0x0000bdc3       0x18 ./Startup_Code/console.o
 .debug_macro   0x0000bddb       0x2e ./Startup_Code/console.o
 .debug_macro   0x0000be09       0x1f ./Startup_Code/console.o
 .debug_macro   0x0000be28       0x76 ./Startup_Code/console.o
 .debug_macro   0x0000be9e       0x19 ./Startup_Code/console.o
 .debug_macro   0x0000beb7      0x120 ./Startup_Code/console.o
 .debug_macro   0x0000bfd7       0x11 ./Startup_Code/console.o
 .debug_macro   0x0000bfe8       0x11 ./Startup_Code/console.o
 .debug_macro   0x0000bff9       0x17 ./Startup_Code/console.o
 .debug_macro   0x0000c010       0x17 ./Startup_Code/console.o
 .debug_macro   0x0000c027       0x17 ./Startup_Code/console.o
 .debug_macro   0x0000c03e       0x17 ./Startup_Code/console.o
 .debug_macro   0x0000c055       0x17 ./Startup_Code/console.o
 .debug_macro   0x0000c06c       0x10 ./Startup_Code/console.o
 .debug_macro   0x0000c07c       0x4c ./Startup_Code/console.o
 .debug_macro   0x0000c0c8      0x4d1 ./Startup_Code/mcg.o
 .debug_macro   0x0000c599       0x58 ./Startup_Code/mcg.o
 .debug_macro   0x0000c5f1       0x94 ./Startup_Code/mcg.o
 .debug_macro   0x0000c685       0x57 ./Startup_Code/mcg.o
 .debug_macro   0x0000c6dc       0x10 ./Startup_Code/mcg.o
 .debug_macro   0x0000c6ec       0xd9 ./Startup_Code/mcg.o
 .debug_macro   0x0000c7c5       0x16 ./Startup_Code/mcg.o
 .debug_macro   0x0000c7db       0x52 ./Startup_Code/mcg.o
 .debug_macro   0x0000c82d      0x1a3 ./Startup_Code/newlib_stubs.o
 .debug_macro   0x0000c9d0      0xa90 ./Startup_Code/newlib_stubs.o
 .debug_macro   0x0000d460       0x10 ./Startup_Code/newlib_stubs.o
 .debug_macro   0x0000d470       0x5c ./Startup_Code/newlib_stubs.o
 .debug_macro   0x0000d4cc       0x34 ./Startup_Code/newlib_stubs.o
 .debug_macro   0x0000d500      0x174 ./Startup_Code/newlib_stubs.o
 .debug_macro   0x0000d674       0x43 ./Startup_Code/newlib_stubs.o
 .debug_macro   0x0000d6b7      0x23b ./Startup_Code/newlib_stubs.o
 .debug_macro   0x0000d8f2      0x339 ./Startup_Code/newlib_stubs.o
 .debug_macro   0x0000dc2b       0x10 ./Startup_Code/newlib_stubs.o
 .debug_macro   0x0000dc3b       0x35 ./Startup_Code/newlib_stubs.o
 .debug_macro   0x0000dc70       0x10 ./Startup_Code/newlib_stubs.o
 .debug_macro   0x0000dc80       0x10 ./Startup_Code/newlib_stubs.o
 .debug_macro   0x0000dc90       0x10 ./Startup_Code/newlib_stubs.o
 .debug_macro   0x0000dca0       0xb6 ./Startup_Code/newlib_stubs.o
 .debug_macro   0x0000dd56       0x2e ./Startup_Code/newlib_stubs.o
 .debug_macro   0x0000dd84       0xf5 ./Startup_Code/newlib_stubs.o
 .debug_macro   0x0000de79       0x16 ./Startup_Code/newlib_stubs.o
 .debug_macro   0x0000de8f      0x4fe ./Startup_Code/newlib_stubs.o
 .debug_macro   0x0000e38d      0x1a9 ./Startup_Code/security.o
 .debug_macro   0x0000e536       0x56 ./Startup_Code/security.o
 .debug_macro   0x0000e58c       0x34 ./Startup_Code/security.o
 .debug_macro   0x0000e5c0      0xbc6 ./Startup_Code/security.o
 .debug_macro   0x0000f186      0x47b ./Startup_Code/system-gcc.o
 .debug_macro   0x0000f601       0x10 ./Startup_Code/system-gcc.o
 .debug_macro   0x0000f611      0x10e ./Startup_Code/system-gcc.o
 .debug_macro   0x0000f71f       0x94 ./Startup_Code/system-gcc.o
 .debug_macro   0x0000f7b3       0x1c ./Startup_Code/system-gcc.o
 .debug_macro   0x0000f7cf       0xde ./Startup_Code/system-gcc.o
 .debug_macro   0x0000f8ad      0x3d4 ./Startup_Code/system-gcc.o
 .debug_macro   0x0000fc81      0x488 ./Startup_Code/system.o
 .debug_macro   0x00010109      0x4ab ./Startup_Code/vectors.o
 .debug_macro   0x000105b4      0x482 ./Sources/ClockGenerator.o
 .debug_macro   0x00010a36      0x4b4 ./Sources/main.o
 .debug_macro   0x00010eea      0x46e ./Sources/usbdmError.o

.debug_line     0x00000000     0x889e
 .debug_line    0x00000000     0x110b ./Startup_Code/console.o
 .debug_line    0x0000110b     0x14ef ./Startup_Code/mcg.o
 .debug_line    0x000025fa      0x617 ./Startup_Code/newlib_stubs.o
 .debug_line    0x00002c11      0x3c7 ./Startup_Code/security.o
 .debug_line    0x00002fd8       0x74 ./Startup_Code/startup_ARMLtdGCC.o
 .debug_line    0x0000304c      0xba4 ./Startup_Code/system-gcc.o
 .debug_line    0x00003bf0      0xc38 ./Startup_Code/system.o
 .debug_line    0x00004828     0x107b ./Startup_Code/vectors.o
 .debug_line    0x000058a3     0x137b ./Sources/ClockGenerator.o
 .debug_line    0x00006c1e      0xf6c ./Sources/main.o
 .debug_line    0x00007b8a      0xd14 ./Sources/usbdmError.o

.debug_str      0x00000000    0x5af31
 .debug_str     0x00000000    0x5114e ./Startup_Code/console.o
                              0x51856 (size before relaxing)
 .debug_str     0x0005114e      0xfcb ./Startup_Code/mcg.o
                              0x50c71 (size before relaxing)
 .debug_str     0x00052119     0x1f72 ./Startup_Code/newlib_stubs.o
                               0x882a (size before relaxing)
 .debug_str     0x0005408b      0x1c4 ./Startup_Code/security.o
                              0x39590 (size before relaxing)
 .debug_str     0x0005424f       0x33 ./Startup_Code/startup_ARMLtdGCC.o
                                 0x62 (size before relaxing)
 .debug_str     0x00054282      0x1ba ./Startup_Code/system-gcc.o
                              0x4fdcd (size before relaxing)
 .debug_str     0x0005443c      0x76e ./Startup_Code/system.o
                              0x503fb (size before relaxing)
 .debug_str     0x00054baa     0x1aed ./Startup_Code/vectors.o
                              0x52756 (size before relaxing)
 .debug_str     0x00056697     0x4359 ./Sources/ClockGenerator.o
                              0x54084 (size before relaxing)
 .debug_str     0x0005a9f0      0x43b ./Sources/main.o
                              0x5119a (size before relaxing)
 .debug_str     0x0005ae2b      0x106 ./Sources/usbdmError.o
                              0x50d92 (size before relaxing)

.debug_frame    0x00000000     0x20b0
 .debug_frame   0x00000000      0x620 ./Startup_Code/console.o
 .debug_frame   0x00000620      0x384 ./Startup_Code/mcg.o
 .debug_frame   0x000009a4      0x304 ./Startup_Code/newlib_stubs.o
 .debug_frame   0x00000ca8       0x6c ./Startup_Code/system-gcc.o
 .debug_frame   0x00000d14      0x10c ./Startup_Code/system.o
 .debug_frame   0x00000e20      0x304 ./Startup_Code/vectors.o
 .debug_frame   0x00001124      0x5d0 ./Sources/ClockGenerator.o
 .debug_frame   0x000016f4      0x2e0 ./Sources/main.o
 .debug_frame   0x000019d4      0x1ec ./Sources/usbdmError.o
 .debug_frame   0x00001bc0       0x20 c:/program files (x86)/eclipse foundation/eclipse cdt/gnu tools arm embedded/8 2018-q4-major/bin/../lib/gcc/arm-none-eabi/8.2.1/../../../../arm-none-eabi/lib/thumb/v7e-m/nofp\libstdc++_nano.a(atexit_arm.o)
 .debug_frame   0x00001be0       0x20 c:/program files (x86)/eclipse foundation/eclipse cdt/gnu tools arm embedded/8 2018-q4-major/bin/../lib/gcc/arm-none-eabi/8.2.1/../../../../arm-none-eabi/lib/thumb/v7e-m/nofp\libstdc++_nano.a(del_ops.o)
 .debug_frame   0x00001c00       0x20 c:/program files (x86)/eclipse foundation/eclipse cdt/gnu tools arm embedded/8 2018-q4-major/bin/../lib/gcc/arm-none-eabi/8.2.1/../../../../arm-none-eabi/lib/thumb/v7e-m/nofp\libstdc++_nano.a(del_op.o)
 .debug_frame   0x00001c20       0x30 c:/program files (x86)/eclipse foundation/eclipse cdt/gnu tools arm embedded/8 2018-q4-major/bin/../lib/gcc/arm-none-eabi/8.2.1/../../../../arm-none-eabi/lib/thumb/v7e-m/nofp\libm.a(lib_a-s_round.o)
 .debug_frame   0x00001c50       0x38 c:/program files (x86)/eclipse foundation/eclipse cdt/gnu tools arm embedded/8 2018-q4-major/bin/../lib/gcc/arm-none-eabi/8.2.1/../../../../arm-none-eabi/lib/thumb/v7e-m/nofp\libm.a(lib_a-sf_rint.o)
 .debug_frame   0x00001c88       0xac c:/program files (x86)/eclipse foundation/eclipse cdt/gnu tools arm embedded/8 2018-q4-major/bin/../lib/gcc/arm-none-eabi/8.2.1/thumb/v7e-m/nofp\libgcc.a(_arm_addsubdf3.o)
 .debug_frame   0x00001d34       0x50 c:/program files (x86)/eclipse foundation/eclipse cdt/gnu tools arm embedded/8 2018-q4-major/bin/../lib/gcc/arm-none-eabi/8.2.1/thumb/v7e-m/nofp\libgcc.a(_arm_muldivdf3.o)
 .debug_frame   0x00001d84       0x24 c:/program files (x86)/eclipse foundation/eclipse cdt/gnu tools arm embedded/8 2018-q4-major/bin/../lib/gcc/arm-none-eabi/8.2.1/thumb/v7e-m/nofp\libgcc.a(_arm_fixunsdfsi.o)
 .debug_frame   0x00001da8       0x24 c:/program files (x86)/eclipse foundation/eclipse cdt/gnu tools arm embedded/8 2018-q4-major/bin/../lib/gcc/arm-none-eabi/8.2.1/thumb/v7e-m/nofp\libgcc.a(_arm_truncdfsf2.o)
 .debug_frame   0x00001dcc       0x4c c:/program files (x86)/eclipse foundation/eclipse cdt/gnu tools arm embedded/8 2018-q4-major/bin/../lib/gcc/arm-none-eabi/8.2.1/thumb/v7e-m/nofp\libgcc.a(_arm_addsubsf3.o)
 .debug_frame   0x00001e18       0x38 c:/program files (x86)/eclipse foundation/eclipse cdt/gnu tools arm embedded/8 2018-q4-major/bin/../lib/gcc/arm-none-eabi/8.2.1/thumb/v7e-m/nofp\libgcc.a(_arm_muldivsf3.o)
 .debug_frame   0x00001e50       0x2c c:/program files (x86)/eclipse foundation/eclipse cdt/gnu tools arm embedded/8 2018-q4-major/bin/../lib/gcc/arm-none-eabi/8.2.1/thumb/v7e-m/nofp\libgcc.a(_fixunssfdi.o)
 .debug_frame   0x00001e7c       0x28 c:/program files (x86)/eclipse foundation/eclipse cdt/gnu tools arm embedded/8 2018-q4-major/bin/../lib/gcc/arm-none-eabi/8.2.1/../../../../arm-none-eabi/lib/thumb/v7e-m/nofp\libg_nano.a(lib_a-cxa_atexit.o)
 .debug_frame   0x00001ea4       0x28 c:/program files (x86)/eclipse foundation/eclipse cdt/gnu tools arm embedded/8 2018-q4-major/bin/../lib/gcc/arm-none-eabi/8.2.1/../../../../arm-none-eabi/lib/thumb/v7e-m/nofp\libg_nano.a(lib_a-exit.o)
 .debug_frame   0x00001ecc       0x2c c:/program files (x86)/eclipse foundation/eclipse cdt/gnu tools arm embedded/8 2018-q4-major/bin/../lib/gcc/arm-none-eabi/8.2.1/../../../../arm-none-eabi/lib/thumb/v7e-m/nofp\libg_nano.a(lib_a-init.o)
 .debug_frame   0x00001ef8       0x20 c:/program files (x86)/eclipse foundation/eclipse cdt/gnu tools arm embedded/8 2018-q4-major/bin/../lib/gcc/arm-none-eabi/8.2.1/../../../../arm-none-eabi/lib/thumb/v7e-m/nofp\libg_nano.a(lib_a-isspace.o)
 .debug_frame   0x00001f18       0x30 c:/program files (x86)/eclipse foundation/eclipse cdt/gnu tools arm embedded/8 2018-q4-major/bin/../lib/gcc/arm-none-eabi/8.2.1/../../../../arm-none-eabi/lib/thumb/v7e-m/nofp\libg_nano.a(lib_a-malloc.o)
 .debug_frame   0x00001f48       0x20 c:/program files (x86)/eclipse foundation/eclipse cdt/gnu tools arm embedded/8 2018-q4-major/bin/../lib/gcc/arm-none-eabi/8.2.1/../../../../arm-none-eabi/lib/thumb/v7e-m/nofp\libg_nano.a(lib_a-memset.o)
 .debug_frame   0x00001f68       0x38 c:/program files (x86)/eclipse foundation/eclipse cdt/gnu tools arm embedded/8 2018-q4-major/bin/../lib/gcc/arm-none-eabi/8.2.1/../../../../arm-none-eabi/lib/thumb/v7e-m/nofp\libg_nano.a(lib_a-nano-freer.o)
 .debug_frame   0x00001fa0       0x30 c:/program files (x86)/eclipse foundation/eclipse cdt/gnu tools arm embedded/8 2018-q4-major/bin/../lib/gcc/arm-none-eabi/8.2.1/../../../../arm-none-eabi/lib/thumb/v7e-m/nofp\libg_nano.a(lib_a-nano-mallocr.o)
 .debug_frame   0x00001fd0       0x30 c:/program files (x86)/eclipse foundation/eclipse cdt/gnu tools arm embedded/8 2018-q4-major/bin/../lib/gcc/arm-none-eabi/8.2.1/../../../../arm-none-eabi/lib/thumb/v7e-m/nofp\libg_nano.a(lib_a-mlock.o)
 .debug_frame   0x00002000       0xb0 c:/program files (x86)/eclipse foundation/eclipse cdt/gnu tools arm embedded/8 2018-q4-major/bin/../lib/gcc/arm-none-eabi/8.2.1/../../../../arm-none-eabi/lib/thumb/v7e-m/nofp\libg_nano.a(lib_a-lock.o)
