Archive member included to satisfy reference by file (symbol)

c:/program files (x86)/eclipse foundation/eclipse cdt/gnu tools arm embedded/8 2018-q4-major/bin/../lib/gcc/arm-none-eabi/8.2.1/../../../../arm-none-eabi/lib/thumb/v7e-m/nofp\libstdc++_nano.a(atexit_arm.o)
                              ./Startup_Code/console.o (__aeabi_atexit)
c:/program files (x86)/eclipse foundation/eclipse cdt/gnu tools arm embedded/8 2018-q4-major/bin/../lib/gcc/arm-none-eabi/8.2.1/../../../../arm-none-eabi/lib/thumb/v7e-m/nofp\libstdc++_nano.a(del_ops.o)
                              ./Startup_Code/console.o (operator delete(void*, unsigned int))
c:/program files (x86)/eclipse foundation/eclipse cdt/gnu tools arm embedded/8 2018-q4-major/bin/../lib/gcc/arm-none-eabi/8.2.1/../../../../arm-none-eabi/lib/thumb/v7e-m/nofp\libstdc++_nano.a(del_op.o)
                              c:/program files (x86)/eclipse foundation/eclipse cdt/gnu tools arm embedded/8 2018-q4-major/bin/../lib/gcc/arm-none-eabi/8.2.1/../../../../arm-none-eabi/lib/thumb/v7e-m/nofp\libstdc++_nano.a(del_ops.o) (operator delete(void*))
c:/program files (x86)/eclipse foundation/eclipse cdt/gnu tools arm embedded/8 2018-q4-major/bin/../lib/gcc/arm-none-eabi/8.2.1/../../../../arm-none-eabi/lib/thumb/v7e-m/nofp\libm.a(lib_a-sf_round.o)
                              ./Sources/delay.o (roundf)
c:/program files (x86)/eclipse foundation/eclipse cdt/gnu tools arm embedded/8 2018-q4-major/bin/../lib/gcc/arm-none-eabi/8.2.1/thumb/v7e-m/nofp\libgcc.a(_arm_addsubdf3.o)
                              ./Sources/main.o (__aeabi_ui2d)
c:/program files (x86)/eclipse foundation/eclipse cdt/gnu tools arm embedded/8 2018-q4-major/bin/../lib/gcc/arm-none-eabi/8.2.1/thumb/v7e-m/nofp\libgcc.a(_arm_muldivdf3.o)
                              ./Sources/main.o (__aeabi_dmul)
c:/program files (x86)/eclipse foundation/eclipse cdt/gnu tools arm embedded/8 2018-q4-major/bin/../lib/gcc/arm-none-eabi/8.2.1/thumb/v7e-m/nofp\libgcc.a(_arm_truncdfsf2.o)
                              ./Sources/main.o (__aeabi_d2f)
c:/program files (x86)/eclipse foundation/eclipse cdt/gnu tools arm embedded/8 2018-q4-major/bin/../lib/gcc/arm-none-eabi/8.2.1/thumb/v7e-m/nofp\libgcc.a(_arm_addsubsf3.o)
                              ./Sources/spi.o (__aeabi_fsub)
c:/program files (x86)/eclipse foundation/eclipse cdt/gnu tools arm embedded/8 2018-q4-major/bin/../lib/gcc/arm-none-eabi/8.2.1/thumb/v7e-m/nofp\libgcc.a(_arm_muldivsf3.o)
                              ./Sources/delay.o (__aeabi_fmul)
c:/program files (x86)/eclipse foundation/eclipse cdt/gnu tools arm embedded/8 2018-q4-major/bin/../lib/gcc/arm-none-eabi/8.2.1/thumb/v7e-m/nofp\libgcc.a(_arm_cmpsf2.o)
                              ./Sources/spi.o (__aeabi_fcmplt)
c:/program files (x86)/eclipse foundation/eclipse cdt/gnu tools arm embedded/8 2018-q4-major/bin/../lib/gcc/arm-none-eabi/8.2.1/thumb/v7e-m/nofp\libgcc.a(_arm_fixsfsi.o)
                              ./Sources/delay.o (__aeabi_f2iz)
c:/program files (x86)/eclipse foundation/eclipse cdt/gnu tools arm embedded/8 2018-q4-major/bin/../lib/gcc/arm-none-eabi/8.2.1/thumb/v7e-m/nofp\libgcc.a(_aeabi_uldivmod.o)
                              ./Sources/delay.o (__aeabi_uldivmod)
c:/program files (x86)/eclipse foundation/eclipse cdt/gnu tools arm embedded/8 2018-q4-major/bin/../lib/gcc/arm-none-eabi/8.2.1/thumb/v7e-m/nofp\libgcc.a(_udivmoddi4.o)
                              c:/program files (x86)/eclipse foundation/eclipse cdt/gnu tools arm embedded/8 2018-q4-major/bin/../lib/gcc/arm-none-eabi/8.2.1/thumb/v7e-m/nofp\libgcc.a(_aeabi_uldivmod.o) (__udivmoddi4)
c:/program files (x86)/eclipse foundation/eclipse cdt/gnu tools arm embedded/8 2018-q4-major/bin/../lib/gcc/arm-none-eabi/8.2.1/thumb/v7e-m/nofp\libgcc.a(_dvmd_tls.o)
                              c:/program files (x86)/eclipse foundation/eclipse cdt/gnu tools arm embedded/8 2018-q4-major/bin/../lib/gcc/arm-none-eabi/8.2.1/thumb/v7e-m/nofp\libgcc.a(_aeabi_uldivmod.o) (__aeabi_ldiv0)
c:/program files (x86)/eclipse foundation/eclipse cdt/gnu tools arm embedded/8 2018-q4-major/bin/../lib/gcc/arm-none-eabi/8.2.1/../../../../arm-none-eabi/lib/thumb/v7e-m/nofp\libg_nano.a(lib_a-cxa_atexit.o)
                              c:/program files (x86)/eclipse foundation/eclipse cdt/gnu tools arm embedded/8 2018-q4-major/bin/../lib/gcc/arm-none-eabi/8.2.1/../../../../arm-none-eabi/lib/thumb/v7e-m/nofp\libstdc++_nano.a(atexit_arm.o) (__cxa_atexit)
c:/program files (x86)/eclipse foundation/eclipse cdt/gnu tools arm embedded/8 2018-q4-major/bin/../lib/gcc/arm-none-eabi/8.2.1/../../../../arm-none-eabi/lib/thumb/v7e-m/nofp\libg_nano.a(lib_a-exit.o)
                              c:/program files (x86)/eclipse foundation/eclipse cdt/gnu tools arm embedded/8 2018-q4-major/bin/../lib/gcc/arm-none-eabi/8.2.1/../../../../arm-none-eabi/lib/thumb/v7e-m/nofp/crt0.o (exit)
[...]
Memory Configuration

Name             Origin             Length             Attributes
bitband          0x22000000         0x02000000         rw
aips0            0x40000000         0x00080000         rw
aips1            0x40080000         0x0007f000         rw
gpio             0x400ff000         0x00001000         rw
gpioBitband      0x42000000         0x02000000         rw
peripherals      0xe0000000         0x00100000         rw
flexRAM          0x14000000         0x00000800         rw
flexNVM          0x10000000         0x00008000         xr
flash            0x00000000         0x00020000         xr
ram_high         0x20000000         0x00002000         xrw
ram_low          0x1fffe000         0x00002000         xrw
gdbGuard         0x20000000         0x00000020         r
*default*        0x00000000         0xffffffff

Linker script and memory map

LOAD c:/program files (x86)/eclipse foundation/eclipse cdt/gnu tools arm embedded/8 2018-q4-major/bin/../lib/gcc/arm-none-eabi/8.2.1/thumb/v7e-m/nofp/crti.o
LOAD c:/program files (x86)/eclipse foundation/eclipse cdt/gnu tools arm embedded/8 2018-q4-major/bin/../lib/gcc/arm-none-eabi/8.2.1/thumb/v7e-m/nofp/crtbegin.o
LOAD c:/program files (x86)/eclipse foundation/eclipse cdt/gnu tools arm embedded/8 2018-q4-major/bin/../lib/gcc/arm-none-eabi/8.2.1/../../../../arm-none-eabi/lib/thumb/v7e-m/nofp/crt0.o
LOAD ./Startup_Code/console.o
LOAD ./Startup_Code/mcg.o
LOAD ./Startup_Code/newlib_stubs.o
LOAD ./Startup_Code/rtc.o
LOAD ./Startup_Code/security.o
LOAD ./Startup_Code/startup_ARMLtdGCC.o
LOAD ./Startup_Code/system-gcc.o
LOAD ./Startup_Code/system.o
LOAD ./Startup_Code/vectors.o
LOAD ./Sources/delay.o
LOAD ./Sources/fonts.o
LOAD ./Sources/ftfl.o
LOAD ./Sources/hardware.o
LOAD ./Sources/i2c.o
LOAD ./Sources/lcd.o
LOAD ./Sources/main.o
LOAD ./Sources/spi.o
LOAD ./Sources/usbdmError.o
LOAD c:/program files (x86)/eclipse foundation/eclipse cdt/gnu tools arm embedded/8 2018-q4-major/bin/../lib/gcc/arm-none-eabi/8.2.1/../../../../arm-none-eabi/lib/thumb/v7e-m/nofp\libstdc++_nano.a
LOAD c:/program files (x86)/eclipse foundation/eclipse cdt/gnu tools arm embedded/8 2018-q4-major/bin/../lib/gcc/arm-none-eabi/8.2.1/../../../../arm-none-eabi/lib/thumb/v7e-m/nofp\libm.a
START GROUP
LOAD c:/program files (x86)/eclipse foundation/eclipse cdt/gnu tools arm embedded/8 2018-q4-major/bin/../lib/gcc/arm-none-eabi/8.2.1/thumb/v7e-m/nofp\libgcc.a
LOAD c:/program files (x86)/eclipse foundation/eclipse cdt/gnu tools arm embedded/8 2018-q4-major/bin/../lib/gcc/arm-none-eabi/8.2.1/../../../../arm-none-eabi/lib/thumb/v7e-m/nofp\libg_nano.a
LOAD c:/program files (x86)/eclipse foundation/eclipse cdt/gnu tools arm embedded/8 2018-q4-major/bin/../lib/gcc/arm-none-eabi/8.2.1/../../../../arm-none-eabi/lib/thumb/v7e-m/nofp\libc_nano.a
END GROUP
START GROUP
LOAD c:/program files (x86)/eclipse foundation/eclipse cdt/gnu tools arm embedded/8 2018-q4-major/bin/../lib/gcc/arm-none-eabi/8.2.1/thumb/v7e-m/nofp\libgcc.a
LOAD c:/program files (x86)/eclipse foundation/eclipse cdt/gnu tools arm embedded/8 2018-q4-major/bin/../lib/gcc/arm-none-eabi/8.2.1/../../../../arm-none-eabi/lib/thumb/v7e-m/nofp\libc_nano.a
END GROUP
LOAD c:/program files (x86)/eclipse foundation/eclipse cdt/gnu tools arm embedded/8 2018-q4-major/bin/../lib/gcc/arm-none-eabi/8.2.1/thumb/v7e-m/nofp/crtend.o
LOAD c:/program files (x86)/eclipse foundation/eclipse cdt/gnu tools arm embedded/8 2018-q4-major/bin/../lib/gcc/arm-none-eabi/8.2.1/thumb/v7e-m/nofp/crtn.o
                0x00001000                __stack_size = 0x1000
                0x00001000                __heap_size = 0x1000
                0x00000000                __sram_u_size = 0x0
                0x00001000                PROVIDE (__stack_size__ = __stack_size)
                0x00001000                PROVIDE (__heap_size__ = __heap_size)
                [!provide]                PROVIDE (__HardReset = Reset_Handler)
                [!provide]                PROVIDE (_start = main)

.interrupts     0x00000000      0x410
                0x00000000                __flash_start = .
                0x00000000                __VECTOR_TABLE = .
 *(.interrupt_vectors)
 .interrupt_vectors
                0x00000000       0xf8 ./Startup_Code/vectors.o
                0x00000000                __vector_table
 *(.isr_vector)
                0x00000001                ASSERT ((. != __flash_start), No reset vector found)
                0x000000f8                __VECTOR_TABLE_END = .
                0x00000400                . = (__flash_start + 0x400)
 *fill*         0x000000f8      0x308 
 *(.security_information)
 .security_information
                0x00000400       0x10 ./Startup_Code/security.o
                0x00000400                securityInfo
 *(.FlashConfig)
                0x00000001                ASSERT ((. == (__flash_start + 0x410)), No Freescale security information)
                0x00000000                M_VECTOR_RAM_SIZE = DEFINED (__ram_vector_table__)?(__VECTOR_TABLE_END - __VECTOR_TABLE):0x0

.text           0x00000410     0x566c
 *(.text)
 .text          0x00000410       0x40 c:/program files (x86)/eclipse foundation/eclipse cdt/gnu tools arm embedded/8 2018-q4-major/bin/../lib/gcc/arm-none-eabi/8.2.1/thumb/v7e-m/nofp/crtbegin.o
 .text          0x00000450       0x74 c:/program files (x86)/eclipse foundation/eclipse cdt/gnu tools arm embedded/8 2018-q4-major/bin/../lib/gcc/arm-none-eabi/8.2.1/../../../../arm-none-eabi/lib/thumb/v7e-m/nofp/crt0.o
                0x00000450                _start
                0x00000450                _mainCRTStartup
 .text          0x000004c4       0x44 ./Startup_Code/startup_ARMLtdGCC.o
                0x000004c4                Reset_Handler
 .text          0x00000508      0x378 c:/program files (x86)/eclipse foundation/eclipse cdt/gnu tools arm embedded/8 2018-q4-major/bin/../lib/gcc/arm-none-eabi/8.2.1/thumb/v7e-m/nofp\libgcc.a(_arm_addsubdf3.o)
                0x00000508                __aeabi_drsub
                0x00000510                __aeabi_dsub
                0x00000510                __subdf3
                0x00000514                __aeabi_dadd
                0x00000514                __adddf3
                0x0000078c                __floatunsidf
                0x0000078c                __aeabi_ui2d
                0x000007ac                __floatsidf
                0x000007ac                __aeabi_i2d
                0x000007d0                __aeabi_f2d
                0x000007d0                __extendsfdf2
                0x00000814                __floatundidf
                0x00000814                __aeabi_ul2d
                0x00000824                __floatdidf
                0x00000824                __aeabi_l2d
 .text          0x00000880      0x424 c:/program files (x86)/eclipse foundation/eclipse cdt/gnu tools arm embedded/8 2018-q4-major/bin/../lib/gcc/arm-none-eabi/8.2.1/thumb/v7e-m/nofp\libgcc.a(_arm_muldivdf3.o)
                0x00000880                __aeabi_dmul
                0x00000880                __muldf3
                0x00000ad4                __divdf3
                0x00000ad4                __aeabi_ddiv
 .text          0x00000ca4       0xa0 c:/program files (x86)/eclipse foundation/eclipse cdt/gnu tools arm embedded/8 2018-q4-major/bin/../lib/gcc/arm-none-eabi/8.2.1/thumb/v7e-m/nofp\libgcc.a(_arm_truncdfsf2.o)
                0x00000ca4                __truncdfsf2
                0x00000ca4                __aeabi_d2f
 .text          0x00000d44      0x21c c:/program files (x86)/eclipse foundation/eclipse cdt/gnu tools arm embedded/8 2018-q4-major/bin/../lib/gcc/arm-none-eabi/8.2.1/thumb/v7e-m/nofp\libgcc.a(_arm_addsubsf3.o)
                0x00000d44                __aeabi_frsub
                0x00000d4c                __subsf3
                0x00000d4c                __aeabi_fsub
                0x00000d50                __aeabi_fadd
                0x00000d50                __addsf3
                0x00000eb0                __aeabi_ui2f
                0x00000eb0                __floatunsisf
                0x00000eb8                __aeabi_i2f
                0x00000eb8                __floatsisf
                0x00000ed4                __aeabi_ul2f
                0x00000ed4                __floatundisf
                0x00000ee4                __aeabi_l2f
                0x00000ee4                __floatdisf
 .text          0x00000f60      0x2a0 c:/program files (x86)/eclipse foundation/eclipse cdt/gnu tools arm embedded/8 2018-q4-major/bin/../lib/gcc/arm-none-eabi/8.2.1/thumb/v7e-m/nofp\libgcc.a(_arm_muldivsf3.o)
                0x00000f60                __mulsf3
                0x00000f60                __aeabi_fmul
                0x000010c8                __aeabi_fdiv
                0x000010c8                __divsf3
 .text          0x00001200       0xec c:/program files (x86)/eclipse foundation/eclipse cdt/gnu tools arm embedded/8 2018-q4-major/bin/../lib/gcc/arm-none-eabi/8.2.1/thumb/v7e-m/nofp\libgcc.a(_arm_cmpsf2.o)
                0x00001200                __gesf2
                0x00001200                __gtsf2
                0x00001208                __lesf2
                0x00001208                __ltsf2
                0x00001210                __nesf2
                0x00001210                __eqsf2
                0x00001210                __cmpsf2
                0x00001270                __aeabi_cfrcmple
                0x00001278                __aeabi_cfcmpeq
                0x00001278                __aeabi_cfcmple
                0x00001288                __aeabi_fcmpeq
                0x0000129c                __aeabi_fcmplt
                0x000012b0                __aeabi_fcmple
                0x000012c4                __aeabi_fcmpge
                0x000012d8                __aeabi_fcmpgt
 .text          0x000012ec       0x30 c:/program files (x86)/eclipse foundation/eclipse cdt/gnu tools arm embedded/8 2018-q4-major/bin/../lib/gcc/arm-none-eabi/8.2.1/thumb/v7e-m/nofp\libgcc.a(_aeabi_uldivmod.o)
                0x000012ec                __aeabi_uldivmod
 .text          0x0000131c      0x2d0 c:/program files (x86)/eclipse foundation/eclipse cdt/gnu tools arm embedded/8 2018-q4-major/bin/../lib/gcc/arm-none-eabi/8.2.1/thumb/v7e-m/nofp\libgcc.a(_udivmoddi4.o)
                0x0000131c                __udivmoddi4
 .text          0x000015ec        0x4 c:/program files (x86)/eclipse foundation/eclipse cdt/gnu tools arm embedded/8 2018-q4-major/bin/../lib/gcc/arm-none-eabi/8.2.1/thumb/v7e-m/nofp\libgcc.a(_dvmd_tls.o)
                0x000015ec                __aeabi_idiv0
                0x000015ec                __aeabi_ldiv0
 *(.text*)
 .text.NVIC_SetPriority
                0x000015f0       0x58 ./Startup_Code/console.o
 .text._ZN5USBDML16enablePortClocksEm
                0x00001648       0x34 ./Startup_Code/console.o
 .text._ZN5USBDM7SimInfo13getUart0ClockEv
                0x0000167c       0x14 ./Startup_Code/console.o
                0x0000167c                USBDM::SimInfo::getUart0Clock()
 .text._ZN5USBDM9Uart0Info11enableClockEv
                0x00001690       0x28 ./Startup_Code/console.o
                0x00001690                USBDM::Uart0Info::enableClock()
 .text._ZN5USBDM9Uart0Info22getInputClockFrequencyEv
                0x000016b8        0xe ./Startup_Code/console.o
                0x000016b8                USBDM::Uart0Info::getInputClockFrequency()
 *fill*         0x000016c6        0x2 
 .text._ZN5USBDM9Uart0Info8initPCRsEm
                0x000016c8       0x2c ./Startup_Code/console.o
                0x000016c8                USBDM::Uart0Info::initPCRs(unsigned long)
 .text._ZN5USBDM18FormattingSettingsC2Ev
                0x000016f4       0x46 ./Startup_Code/console.o
                0x000016f4                USBDM::FormattingSettings::FormattingSettings()
                0x000016f4                USBDM::FormattingSettings::FormattingSettings()
 *fill*         0x0000173a        0x2 
 .text._ZN5USBDM11FormattedIOC2Ev
                0x0000173c       0x34 ./Startup_Code/console.o
                0x0000173c                USBDM::FormattedIO::FormattedIO()
                0x0000173c                USBDM::FormattedIO::FormattedIO()
 .text._ZN5USBDM11FormattedIOD2Ev
                0x00001770       0x20 ./Startup_Code/console.o
                0x00001770                USBDM::FormattedIO::~FormattedIO()
                0x00001770                USBDM::FormattedIO::~FormattedIO()
 .text._ZN5USBDM11FormattedIOD0Ev
                0x00001790       0x20 ./Startup_Code/console.o
                0x00001790                USBDM::FormattedIO::~FormattedIO()
 .text._ZN5USBDM11FormattedIO9writeCharEc
                0x000017b0       0x24 ./Startup_Code/console.o
                0x000017b0                USBDM::FormattedIO::writeChar(char)
 .text._ZN5USBDM11FormattedIO5writeEc
                0x000017d4       0x20 ./Startup_Code/console.o
                0x000017d4                USBDM::FormattedIO::write(char)
 .text._ZN5USBDM11FormattedIO7writelnEv
                0x000017f4       0x1a ./Startup_Code/console.o
                0x000017f4                USBDM::FormattedIO::writeln()
 .text._ZN5USBDM11FormattedIO5writeEPKc
                0x0000180e       0x2e ./Startup_Code/console.o
                0x0000180e                USBDM::FormattedIO::write(char const*)
 .text._ZN5USBDM11FormattedIO7writelnEPKc
                0x0000183c       0x22 ./Startup_Code/console.o
                0x0000183c                USBDM::FormattedIO::writeln(char const*)
 .text._ZN5USBDM11FormattedIO7setEchoENS_8EchoModeE
                0x0000185e       0x1e ./Startup_Code/console.o
                0x0000185e                USBDM::FormattedIO::setEcho(USBDM::EchoMode)
 .text._ZN5USBDM4Uart16_isCharAvailableEv
                0x0000187c       0x28 ./Startup_Code/console.o
                0x0000187c                USBDM::Uart::_isCharAvailable()
 .text._ZN5USBDM4Uart9_readCharEv
                0x000018a4       0x42 ./Startup_Code/console.o
                0x000018a4                USBDM::Uart::_readChar()
 .text._ZN5USBDM4Uart10_writeCharEc
                0x000018e6       0x46 ./Startup_Code/console.o
                0x000018e6                USBDM::Uart::_writeChar(char)
 .text._ZN5USBDM4UartC2ERV9UART_Type
                0x0000192c       0x2c ./Startup_Code/console.o
                0x0000192c                USBDM::Uart::Uart(UART_Type volatile&)
                0x0000192c                USBDM::Uart::Uart(UART_Type volatile&)
 .text._ZN5USBDM4UartD2Ev
                0x00001958       0x24 ./Startup_Code/console.o
                0x00001958                USBDM::Uart::~Uart()
                0x00001958                USBDM::Uart::~Uart()
 .text._ZN5USBDM4UartD0Ev
                0x0000197c       0x20 ./Startup_Code/console.o
                0x0000197c                USBDM::Uart::~Uart()
 .text._ZN5USBDM4Uart16setBaudRate_brfaEmm
                0x0000199c       0x8c ./Startup_Code/console.o
                0x0000199c                USBDM::Uart::setBaudRate_brfa(unsigned long, unsigned long)
 .text._ZN5USBDM4Uart11flushOutputEv
                0x00001a28       0x2e ./Startup_Code/console.o
                0x00001a28                USBDM::Uart::flushOutput()
 .text._ZN5USBDM4Uart10flushInputEv
                0x00001a56       0x20 ./Startup_Code/console.o
                0x00001a56                USBDM::Uart::flushInput()
 *fill*         0x00001a76        0x2 
 .text.console_initialise
                0x00001a78       0x24 ./Startup_Code/console.o
                0x00001a78                console_initialise
 .text._ZN5USBDM9log_errorEPKc
                0x00001a9c       0x1c ./Startup_Code/console.o
                0x00001a9c                USBDM::log_error(char const*)
 .text._ZN5USBDM11Uart_brfa_TINS_9Uart0InfoEEC2Ej
                0x00001ab8       0x30 ./Startup_Code/console.o
                0x00001ab8                USBDM::Uart_brfa_T<USBDM::Uart0Info>::Uart_brfa_T(unsigned int)
                0x00001ab8                USBDM::Uart_brfa_T<USBDM::Uart0Info>::Uart_brfa_T(unsigned int)
 .text._ZN5USBDM11Uart_brfa_TINS_9Uart0InfoEE11setBaudRateEj
                0x00001ae8       0x24 ./Startup_Code/console.o
                0x00001ae8                USBDM::Uart_brfa_T<USBDM::Uart0Info>::setBaudRate(unsigned int)
 .text._ZN5USBDM6Uart_TINS_9Uart0InfoEEC2Ev
                0x00001b0c       0x40 ./Startup_Code/console.o
                0x00001b0c                USBDM::Uart_T<USBDM::Uart0Info>::Uart_T()
                0x00001b0c                USBDM::Uart_T<USBDM::Uart0Info>::Uart_T()
 .text._ZN5USBDM6Uart_TINS_9Uart0InfoEED2Ev
                0x00001b4c       0x24 ./Startup_Code/console.o
                0x00001b4c                USBDM::Uart_T<USBDM::Uart0Info>::~Uart_T()
                0x00001b4c                USBDM::Uart_T<USBDM::Uart0Info>::~Uart_T()
 .text._ZN5USBDM6Uart_TINS_9Uart0InfoEED0Ev
                0x00001b70       0x20 ./Startup_Code/console.o
                0x00001b70                USBDM::Uart_T<USBDM::Uart0Info>::~Uart_T()
 .text._ZN5USBDM6Uart_TINS_9Uart0InfoEE24setNvicInterruptPriorityEm
                0x00001b90       0x2e ./Startup_Code/console.o
                0x00001b90                USBDM::Uart_T<USBDM::Uart0Info>::setNvicInterruptPriority(unsigned long)
 *fill*         0x00001bbe        0x2 
 .text._Z41__static_initialization_and_destruction_0ii
                0x00001bc0       0x44 ./Startup_Code/console.o
 .text._ZN5USBDM11Uart_brfa_TINS_9Uart0InfoEED2Ev
                0x00001c04       0x24 ./Startup_Code/console.o
                0x00001c04                USBDM::Uart_brfa_T<USBDM::Uart0Info>::~Uart_brfa_T()
                0x00001c04                USBDM::Uart_brfa_T<USBDM::Uart0Info>::~Uart_brfa_T()
 .text._ZN5USBDM11Uart_brfa_TINS_9Uart0InfoEED0Ev
                0x00001c28       0x20 ./Startup_Code/console.o
                0x00001c28                USBDM::Uart_brfa_T<USBDM::Uart0Info>::~Uart_brfa_T()
 .text._ZN5USBDM6Uart_TINS_9Uart0InfoEE10clearErrorEv
                0x00001c48       0x18 ./Startup_Code/console.o
                0x00001c48                USBDM::Uart_T<USBDM::Uart0Info>::clearError()
 .text._GLOBAL__sub_I__ZN5USBDM7consoleE
                0x00001c60       0x10 ./Startup_Code/console.o
 .text.NVIC_EnableIRQ
                0x00001c70       0x34 ./Startup_Code/mcg.o
 .text._ZN5USBDML12setErrorCodeENS_9ErrorCodeE
                0x00001ca4       0x20 ./Startup_Code/mcg.o
 .text._ZN5USBDML16enablePortClocksEm
                0x00001cc4       0x34 ./Startup_Code/mcg.o
 .text._ZN5USBDM8Osc0Info11getOscClockEv
                0x00001cf8       0x14 ./Startup_Code/mcg.o
                0x00001cf8                USBDM::Osc0Info::getOscClock()
 .text._ZN5USBDM8Osc0Info8initPCRsEm
                0x00001d0c       0x28 ./Startup_Code/mcg.o
                0x00001d0c                USBDM::Osc0Info::initPCRs(unsigned long)
 .text._ZN5USBDM7RtcInfo11enableClockEv
                0x00001d34       0x28 ./Startup_Code/mcg.o
                0x00001d34                USBDM::RtcInfo::enableClock()
 .text._ZN5USBDM7RtcInfo16getInternalClockEv
                0x00001d5c       0x24 ./Startup_Code/mcg.o
                0x00001d5c                USBDM::RtcInfo::getInternalClock()
 .text._ZN5USBDM7RtcInfo8initPCRsEm
                0x00001d80       0x12 ./Startup_Code/mcg.o
                0x00001d80                USBDM::RtcInfo::initPCRs(unsigned long)
 *fill*         0x00001d92        0x2 
 .text._ZN5USBDM7McgInfo11getErcClockEv
                0x00001d94       0x34 ./Startup_Code/mcg.o
                0x00001d94                USBDM::McgInfo::getErcClock()
 .text._ZN5USBDM7McgInfo19getInternalIrcClockEv
                0x00001dc8       0x44 ./Startup_Code/mcg.o
                0x00001dc8                USBDM::McgInfo::getInternalIrcClock()
 .text._ZN5USBDM7SimInfo8initRegsEv
                0x00001e0c       0x70 ./Startup_Code/mcg.o
                0x00001e0c                USBDM::SimInfo::initRegs()
 .text._ZN5USBDM3Mcg14setSysDividersEm
                0x00001e7c       0x24 ./Startup_Code/mcg.o
                0x00001e7c                USBDM::Mcg::setSysDividers(unsigned long)
 .text._ZN5USBDM3Mcg20enableNvicInterruptsEv
                0x00001ea0       0x10 ./Startup_Code/mcg.o
                0x00001ea0                USBDM::Mcg::enableNvicInterrupts()
 .text._ZN5USBDM3Mcg10initialiseEv
                0x00001eb0        0xc ./Startup_Code/mcg.o
                0x00001eb0                USBDM::Mcg::initialise()
 .text._ZN5USBDM3Mcg15clockTransitionERKNS_7McgInfo9ClockInfoE
                0x00001ebc      0x300 ./Startup_Code/mcg.o
                0x00001ebc                USBDM::Mcg::clockTransition(USBDM::McgInfo::ClockInfo const&)
 .text._ZN5USBDM3Mcg21SystemCoreClockUpdateEv
                0x000021bc      0x25c ./Startup_Code/mcg.o
                0x000021bc                USBDM::Mcg::SystemCoreClockUpdate()
 .text._ZN5USBDM3Mcg16defaultConfigureEv
                0x00002418       0x28 ./Startup_Code/mcg.o
                0x00002418                USBDM::Mcg::defaultConfigure()
 .text.clock_initialise
                0x00002440       0x14 ./Startup_Code/mcg.o
                0x00002440                clock_initialise
 .text._ZN5USBDM9OscBase_TINS_8Osc0InfoEE10initialiseEv
                0x00002454        0xc ./Startup_Code/mcg.o
                0x00002454                USBDM::OscBase_T<USBDM::Osc0Info>::initialise()
 .text._ZN5USBDM9RtcBase_TINS_7RtcInfoEE10initialiseEv
                0x00002460        0xc ./Startup_Code/mcg.o
                0x00002460                USBDM::RtcBase_T<USBDM::RtcInfo>::initialise()
 .text._ZN5USBDM9OscBase_TINS_8Osc0InfoEE16defaultConfigureEv
                0x0000246c       0x18 ./Startup_Code/mcg.o
                0x0000246c                USBDM::OscBase_T<USBDM::Osc0Info>::defaultConfigure()
 .text._ZN5USBDM9RtcBase_TINS_7RtcInfoEE16defaultConfigureEv
                0x00002484       0xbc ./Startup_Code/mcg.o
                0x00002484                USBDM::RtcBase_T<USBDM::RtcInfo>::defaultConfigure()
 .text._ZN5USBDM9RtcBase_TINS_7RtcInfoEE3rtcEv
                0x00002540       0x14 ./Startup_Code/mcg.o
                0x00002540                USBDM::RtcBase_T<USBDM::RtcInfo>::rtc()
 .text._exit    0x00002554        0xc ./Startup_Code/newlib_stubs.o
                0x00002554                _exit
 .text.__cxa_pure_virtual
                0x00002560        0xa ./Startup_Code/system-gcc.o
                0x00002560                __cxa_pure_virtual
 .text.rtc_initialise
                0x0000256a        0xc ./Startup_Code/system.o
                0x0000256a                rtc_initialise
 .text.software_init_hook
                0x00002576        0xc ./Startup_Code/system.o
                0x00002576                software_init_hook
 *fill*         0x00002582        0x2 
 .text.SystemInitLowLevel
                0x00002584       0x44 ./Startup_Code/system.o
                0x00002584                SystemInitLowLevel
 .text.SystemInit
                0x000025c8       0x18 ./Startup_Code/system.o
                0x000025c8                SystemInit
 .text._ZN5USBDM9PmcBase_TINS_7PmcInfoEE11releasePinsEv
                0x000025e0       0x20 ./Startup_Code/system.o
                0x000025e0                USBDM::PmcBase_T<USBDM::PmcInfo>::releasePins()
 .text._ZN5USBDM11FormattedIO10setPaddingENS_7PaddingE
                0x00002600       0x1e ./Startup_Code/vectors.o
                0x00002600                USBDM::FormattedIO::setPadding(USBDM::Padding)
 .text._ZN5USBDM11FormattedIO8setWidthEj
                0x0000261e       0x1e ./Startup_Code/vectors.o
                0x0000261e                USBDM::FormattedIO::setWidth(unsigned int)
 .text._ZN5USBDM11FormattedIO5ultoaEPcmNS_5RadixENS_7PaddingEib
                0x0000263c      0x170 ./Startup_Code/vectors.o
                0x0000263c                USBDM::FormattedIO::ultoa(char*, unsigned long, USBDM::Radix, USBDM::Padding, int, bool)
 .text._ZN5USBDM11FormattedIO5writeEmNS_5RadixE
                0x000027ac       0x42 ./Startup_Code/vectors.o
                0x000027ac                USBDM::FormattedIO::write(unsigned long, USBDM::Radix)
 .text._ZN5USBDM11FormattedIO7writelnEmNS_5RadixE
                0x000027ee       0x2a ./Startup_Code/vectors.o
                0x000027ee                USBDM::FormattedIO::writeln(unsigned long, USBDM::Radix)
 .text._ZN5USBDM11FormattedIO7writelnEPKvNS_5RadixE
                0x00002818       0x24 ./Startup_Code/vectors.o
                0x00002818                USBDM::FormattedIO::writeln(void const*, USBDM::Radix)
 .text._ZN5USBDM11FormattedIO7writelnEjNS_5RadixE
                0x0000283c       0x24 ./Startup_Code/vectors.o
                0x0000283c                USBDM::FormattedIO::writeln(unsigned int, USBDM::Radix)
 .text.Default_Handler
                0x00002860       0x20 ./Startup_Code/vectors.o
                0x00002860                RTC_Alarm_IRQHandler
                0x00002860                DebugMon_Handler
                0x00002860                I2C0_IRQHandler
                0x00002860                SysTick_Handler
                0x00002860                PendSV_Handler
                0x00002860                NMI_Handler
                0x00002860                DMA2_IRQHandler
                0x00002860                PIT0_IRQHandler
                0x00002860                LLWU_IRQHandler
                0x00002860                TSI0_IRQHandler
                0x00002860                SWI_IRQHandler
                0x00002860                ADC0_IRQHandler
                0x00002860                UsageFault_Handler
                0x00002860                I2S0_Tx_IRQHandler
                0x00002860                CMT_IRQHandler
                0x00002860                CMP1_IRQHandler
                0x00002860                PORTD_IRQHandler
                0x00002860                PORTB_IRQHandler
                0x00002860                USBDCD0_IRQHandler
                0x00002860                PIT2_IRQHandler
                0x00002860                I2S0_Rx_IRQHandler
                0x00002860                PDB0_IRQHandler
                0x00002860                FTM1_IRQHandler
                0x00002860                UART0_RxTx_IRQHandler
                0x00002860                PIT3_IRQHandler
                0x00002860                RTC_Seconds_IRQHandler
                0x00002860                MCG_IRQHandler
                0x00002860                Default_Handler
                0x00002860                UART0_Error_IRQHandler
                0x00002860                UART1_RxTx_IRQHandler
                0x00002860                USB0_IRQHandler
                0x00002860                MemManage_Handler
                0x00002860                SVC_Handler
                0x00002860                UART0_Lon_IRQHandler
                0x00002860                DMA3_IRQHandler
                0x00002860                DMA0_IRQHandler
                0x00002860                FTF_ReadCollision_IRQHandler
                0x00002860                UART1_Error_IRQHandler
                0x00002860                UART2_Error_IRQHandler
                0x00002860                UART2_RxTx_IRQHandler
                0x00002860                PMC_IRQHandler
                0x00002860                PIT1_IRQHandler
                0x00002860                DMA_Error_IRQHandler
                0x00002860                SPI0_IRQHandler
                0x00002860                FTM0_IRQHandler
                0x00002860                FTF_Command_IRQHandler
                0x00002860                PORTA_IRQHandler
                0x00002860                PORTE_IRQHandler
                0x00002860                WDOG_IRQHandler
                0x00002860                LPTMR0_IRQHandler
                0x00002860                BusFault_Handler
                0x00002860                CMP0_IRQHandler
                0x00002860                PORTC_IRQHandler
                0x00002860                DMA1_IRQHandler
 .text.HardFault_Handler
                0x00002880       0x16 ./Startup_Code/vectors.o
                0x00002880                HardFault_Handler
 *fill*         0x00002896        0x2 
 .text._HardFault_Handler
                0x00002898      0x1b0 ./Startup_Code/vectors.o
                0x00002898                _HardFault_Handler
 .text._ZN5USBDML9waitTicksEx
                0x00002a48       0x74 ./Sources/delay.o
 .text._ZN5USBDM6waitMSEm
                0x00002abc       0x50 ./Sources/delay.o
                0x00002abc                USBDM::waitMS(unsigned long)
 .text._ZN5USBDM13_usbdm_assertEPKc
                0x00002b0c       0x16 ./Sources/ftfl.o
                0x00002b0c                USBDM::_usbdm_assert(char const*)
 .text._ZN5USBDM3Spi16startTransactionEi
                0x00002b22       0x26 ./Sources/lcd.o
                0x00002b22                USBDM::Spi::startTransaction(int)
 .text._ZN5USBDM3Spi14endTransactionEv
                0x00002b48       0x24 ./Sources/lcd.o
                0x00002b48                USBDM::Spi::endTransaction()
 .text._ZN5USBDM3Spi7setModeENS_7SpiModeENS_8SpiOrderENS_13SpiCtarSelectE
                0x00002b6c       0x42 ./Sources/lcd.o
                0x00002b6c                USBDM::Spi::setMode(USBDM::SpiMode, USBDM::SpiOrder, USBDM::SpiCtarSelect)
 .text._ZN5USBDM3Spi12setFrameSizeEiNS_13SpiCtarSelectE
                0x00002bae       0x44 ./Sources/lcd.o
                0x00002bae                USBDM::Spi::setFrameSize(int, USBDM::SpiCtarSelect)
 .text._ZN5USBDM3Spi19setPeripheralSelectENS_19SpiPeripheralSelectENS_8PolarityENS_13SpiSelectModeENS_13SpiCtarSelectE
                0x00002bf2       0x58 ./Sources/lcd.o
                0x00002bf2                USBDM::Spi::setPeripheralSelect(USBDM::SpiPeripheralSelect, USBDM::Polarity, USBDM::SpiSelectMode, USBDM::SpiCtarSelect)
 .text._ZN5USBDM3Spi16getConfigurationEv
                0x00002c4a       0x26 ./Sources/lcd.o
                0x00002c4a                USBDM::Spi::getConfiguration()
 .text._ZN5USBDM7LcdBase4lockEv
                0x00002c70       0x12 ./Sources/lcd.o
                0x00002c70                USBDM::LcdBase::lock()
 .text._ZN5USBDM7LcdBase6unlockEv
                0x00002c82       0x12 ./Sources/lcd.o
                0x00002c82                USBDM::LcdBase::unlock()
 .text._ZN5USBDM7LcdBase11backlightOnEv
                0x00002c94       0x1e ./Sources/lcd.o
                0x00002c94                USBDM::LcdBase::backlightOn()
 .text._ZN5USBDM7LcdBase12backLightOffEv
                0x00002cb2       0x1e ./Sources/lcd.o
                0x00002cb2                USBDM::LcdBase::backLightOff()
 .text._ZN5USBDM7LcdBase9_readCharEv
                0x00002cd0       0x16 ./Sources/lcd.o
                0x00002cd0                USBDM::LcdBase::_readChar()
 .text._ZN5USBDM7LcdBase16_isCharAvailableEv
                0x00002ce6       0x14 ./Sources/lcd.o
                0x00002ce6                USBDM::LcdBase::_isCharAvailable()
 .text._ZN5USBDM7LcdBase10flushInputEv
                0x00002cfa       0x12 ./Sources/lcd.o
                0x00002cfa                USBDM::LcdBase::flushInput()
 .text._ZN5USBDM7LcdBase11flushOutputEv
                0x00002d0c       0x12 ./Sources/lcd.o
                0x00002d0c                USBDM::LcdBase::flushOutput()
 .text._ZN5USBDM7LcdBase8_newlineEv
                0x00002d1e       0x38 ./Sources/lcd.o
                0x00002d1e                USBDM::LcdBase::_newline()
 .text._ZN5USBDM7LcdBase10_writeCharEc
                0x00002d56       0x7a ./Sources/lcd.o
                0x00002d56                USBDM::LcdBase::_writeChar(char)
 .text._ZN5USBDM7LcdBase4initEv
                0x00002dd0      0x130 ./Sources/lcd.o
                0x00002dd0                USBDM::LcdBase::init()
 .text._ZN5USBDM7LcdBase5clearEt
                0x00002f00       0x94 ./Sources/lcd.o
                0x00002f00                USBDM::LcdBase::clear(unsigned short)
 .text._ZN5USBDM7LcdBase5setXYEjj
                0x00002f94       0x84 ./Sources/lcd.o
                0x00002f94                USBDM::LcdBase::setXY(unsigned int, unsigned int)
 .text._ZN5USBDM7LcdBase9drawPixelEjjt
                0x00003018       0x94 ./Sources/lcd.o
                0x00003018                USBDM::LcdBase::drawPixel(unsigned int, unsigned int, unsigned short)
 .text._ZN5USBDM7LcdBase8drawLineEjjjjt
                0x000030ac      0x10e ./Sources/lcd.o
                0x000030ac                USBDM::LcdBase::drawLine(unsigned int, unsigned int, unsigned int, unsigned int, unsigned short)
 .text._ZN5USBDM7LcdBase8drawRectEjjjjbt
                0x000031ba      0x150 ./Sources/lcd.o
                0x000031ba                USBDM::LcdBase::drawRect(unsigned int, unsigned int, unsigned int, unsigned int, bool, unsigned short)
 .text._ZN5USBDM7LcdBase7putCharEcjjRKNS_4FontEtt
                0x0000330a      0x1b4 ./Sources/lcd.o
                0x0000330a                USBDM::LcdBase::putChar(char, unsigned int, unsigned int, USBDM::Font const&, unsigned short, unsigned short)
 .text._ZN5USBDM7LcdBase6putStrEPKcjjRKNS_4FontEtt
                0x000034be       0x52 ./Sources/lcd.o
                0x000034be                USBDM::LcdBase::putStr(char const*, unsigned int, unsigned int, USBDM::Font const&, unsigned short, unsigned short)
 .text._ZN5USBDM7LcdBase11setContrastEh
                0x00003510       0x3e ./Sources/lcd.o
                0x00003510                USBDM::LcdBase::setContrast(unsigned char)
 *fill*         0x0000354e        0x2 
 .text._ZN5USBDML16enablePortClocksEm
                0x00003550       0x34 ./Sources/main.o
 .text._ZN5USBDML8pcrValueENS_7PinPullENS_16PinDriveStrengthENS_12PinDriveModeENS_9PinActionENS_9PinFilterENS_11PinSlewRateENS_6PinMuxE
                0x00003584       0x3e ./Sources/main.o
 *fill*         0x000035c2        0x2 
 .text._ZN5USBDM8Spi0Info11enableClockEv
                0x000035c4       0x28 ./Sources/main.o
                0x000035c4                USBDM::Spi0Info::enableClock()
 .text._ZN5USBDM8Spi0Info17getClockFrequencyEv
                0x000035ec       0x14 ./Sources/main.o
                0x000035ec                USBDM::Spi0Info::getClockFrequency()
 .text._ZN5USBDM8Spi0Info8initPCRsEm
                0x00003600       0x2c ./Sources/main.o
                0x00003600                USBDM::Spi0Info::initPCRs(unsigned long)
 .text._ZN5USBDM8Spi0Info9clearPCRsEv
                0x0000362c       0x20 ./Sources/main.o
                0x0000362c                USBDM::Spi0Info::clearPCRs()
 .text._ZN5USBDM11FormattedIO5writeElNS_5RadixE
                0x0000364c       0x5a ./Sources/main.o
                0x0000364c                USBDM::FormattedIO::write(long, USBDM::Radix)
 .text._ZN5USBDM11FormattedIO5writeEiNS_5RadixE
                0x000036a6       0x24 ./Sources/main.o
                0x000036a6                USBDM::FormattedIO::write(int, USBDM::Radix)
 *fill*         0x000036ca        0x2 
 .text._ZN5USBDM3SpiC2EPV8SPI_Type
                0x000036cc       0x2c ./Sources/main.o
                0x000036cc                USBDM::Spi::Spi(SPI_Type volatile*)
                0x000036cc                USBDM::Spi::Spi(SPI_Type volatile*)
 .text._ZN5USBDM3SpiD2Ev
                0x000036f8       0x20 ./Sources/main.o
                0x000036f8                USBDM::Spi::~Spi()
                0x000036f8                USBDM::Spi::~Spi()
 .text._ZN5USBDM3SpiD0Ev
                0x00003718       0x20 ./Sources/main.o
                0x00003718                USBDM::Spi::~Spi()
 .text._ZN5USBDM3Spi14calculateCSSCKEff
                0x00003738       0x32 ./Sources/main.o
                0x00003738                USBDM::Spi::calculateCSSCK(float, float)
 .text._ZN5USBDM3Spi12calculateASCEff
                0x0000376a       0x34 ./Sources/main.o
                0x0000376a                USBDM::Spi::calculateASC(float, float)
 .text._ZN5USBDM3Spi11calculateDTEff
                0x0000379e       0x32 ./Sources/main.o
                0x0000379e                USBDM::Spi::calculateDT(float, float)
 .text._ZN5USBDM3Spi15calculateDelaysEmfff
                0x000037d0       0x5a ./Sources/main.o
                0x000037d0                USBDM::Spi::calculateDelays(unsigned long, float, float, float)
 .text._ZN5USBDM3Spi8setSpeedEmmNS_13SpiCtarSelectE
                0x0000382a       0x46 ./Sources/main.o
                0x0000382a                USBDM::Spi::setSpeed(unsigned long, unsigned long, USBDM::SpiCtarSelect)
 .text._ZN5USBDM3Spi9setDelaysEmfffNS_13SpiCtarSelectE
                0x00003870       0x50 ./Sources/main.o
                0x00003870                USBDM::Spi::setDelays(unsigned long, float, float, float, USBDM::SpiCtarSelect)
 .text._ZN5USBDM3Spi16startTransactionERNS_9SpiConfigEi
                0x000038c0       0x2e ./Sources/main.o
                0x000038c0                USBDM::Spi::startTransaction(USBDM::SpiConfig&, int)
 .text._ZN5USBDM3Spi16setConfigurationERKNS_9SpiConfigE
                0x000038ee       0x26 ./Sources/main.o
                0x000038ee                USBDM::Spi::setConfiguration(USBDM::SpiConfig const&)
 .text._ZN5USBDM3Spi13setCTAR0ValueEm
                0x00003914       0x1c ./Sources/main.o
                0x00003914                USBDM::Spi::setCTAR0Value(unsigned long)
 .text._ZN5USBDM3Spi13setCTAR1ValueEm
                0x00003930       0x1c ./Sources/main.o
                0x00003930                USBDM::Spi::setCTAR1Value(unsigned long)
 .text._ZN5USBDM12FontSettingsC2ERKNS_4FontEtt
                0x0000394c       0x34 ./Sources/main.o
                0x0000394c                USBDM::FontSettings::FontSettings(USBDM::Font const&, unsigned short, unsigned short)
                0x0000394c                USBDM::FontSettings::FontSettings(USBDM::Font const&, unsigned short, unsigned short)
 .text._ZN5USBDM7LcdBaseC2ERNS_3SpiE
                0x00003980       0x50 ./Sources/main.o
                0x00003980                USBDM::LcdBase::LcdBase(USBDM::Spi&)
                0x00003980                USBDM::LcdBase::LcdBase(USBDM::Spi&)
 .text._ZN5USBDM7LcdBaseD2Ev
                0x000039d0       0x24 ./Sources/main.o
                0x000039d0                USBDM::LcdBase::~LcdBase()
                0x000039d0                USBDM::LcdBase::~LcdBase()
 .text._ZN5USBDM7LcdBaseD0Ev
                0x000039f4       0x20 ./Sources/main.o
                0x000039f4                USBDM::LcdBase::~LcdBase()
 .text._ZN5USBDM7LcdBase6putStrEPKcjj
                0x00003a14       0x34 ./Sources/main.o
                0x00003a14                USBDM::LcdBase::putStr(char const*, unsigned int, unsigned int)
 .text._ZN5USBDM7LcdBase7setFontERKNS_4FontE
                0x00003a48       0x1c ./Sources/main.o
                0x00003a48                USBDM::LcdBase::setFont(USBDM::Font const&)
 .text._ZN5USBDM7LcdBase13setForegroundEt
                0x00003a64       0x1e ./Sources/main.o
                0x00003a64                USBDM::LcdBase::setForeground(unsigned short)
 .text._ZN5USBDM7LcdBase13setBackgroundEt
                0x00003a82       0x1e ./Sources/main.o
                0x00003a82                USBDM::LcdBase::setBackground(unsigned short)
 .text._ZN5USBDM7LcdBase6moveXYEjj
                0x00003aa0       0x24 ./Sources/main.o
                0x00003aa0                USBDM::LcdBase::moveXY(unsigned int, unsigned int)
 .text._ZN12SevenSegmentC2Eii
                0x00003ac4      0x124 ./Sources/main.o
                0x00003ac4                SevenSegment::SevenSegment(int, int)
                0x00003ac4                SevenSegment::SevenSegment(int, int)
 .text._ZN12SevenSegment7drawNumERN5USBDM5Lcd_TINS0_5GpioAILj2ELNS0_8PolarityE1EEENS2_ILj12ELS3_1EEENS0_5GpioCILj2ELS3_1EEEEEitt
                0x00003be8       0xbe ./Sources/main.o
                0x00003be8                SevenSegment::drawNum(USBDM::Lcd_T<USBDM::GpioA<2u, (USBDM::Polarity)1>, USBDM::GpioA<12u, (USBDM::Polarity)1>, USBDM::GpioC<2u, (USBDM::Polarity)1> >&, int, unsigned short, unsigned short)
 *fill*         0x00003ca6        0x2 
 .text._ZN5USBDM4Spi0C2Ev
                0x00003ca8       0x24 ./Sources/main.o
                0x00003ca8                USBDM::Spi0::Spi0()
                0x00003ca8                USBDM::Spi0::Spi0()
 .text.main     0x00003ccc      0x154 ./Sources/main.o
                0x00003ccc                main
 .text._ZN5USBDM9SpiBase_TINS_8Spi0InfoEEC2Ev
                0x00003e20       0x9c ./Sources/main.o
                0x00003e20                USBDM::SpiBase_T<USBDM::Spi0Info>::SpiBase_T()
                0x00003e20                USBDM::SpiBase_T<USBDM::Spi0Info>::SpiBase_T()
 .text._ZN5USBDM9SpiBase_TINS_8Spi0InfoEED2Ev
                0x00003ebc       0x24 ./Sources/main.o
                0x00003ebc                USBDM::SpiBase_T<USBDM::Spi0Info>::~SpiBase_T()
                0x00003ebc                USBDM::SpiBase_T<USBDM::Spi0Info>::~SpiBase_T()
 .text._ZN5USBDM9SpiBase_TINS_8Spi0InfoEED0Ev
                0x00003ee0       0x20 ./Sources/main.o
                0x00003ee0                USBDM::SpiBase_T<USBDM::Spi0Info>::~SpiBase_T()
 .text._ZN5USBDM5Lcd_TINS_5GpioAILj2ELNS_8PolarityE1EEENS1_ILj12ELS2_1EEENS_5GpioCILj2ELS2_1EEEEC2ERNS_3SpiE
                0x00003f00       0x78 ./Sources/main.o
                0x00003f00                USBDM::Lcd_T<USBDM::GpioA<2u, (USBDM::Polarity)1>, USBDM::GpioA<12u, (USBDM::Polarity)1>, USBDM::GpioC<2u, (USBDM::Polarity)1> >::Lcd_T(USBDM::Spi&)
                0x00003f00                USBDM::Lcd_T<USBDM::GpioA<2u, (USBDM::Polarity)1>, USBDM::GpioA<12u, (USBDM::Polarity)1>, USBDM::GpioC<2u, (USBDM::Polarity)1> >::Lcd_T(USBDM::Spi&)
 .text._ZN5USBDM10GpioBase_TILm2048ELm1074049024EL9IRQn_Type42ELm1074786432ELj0ELNS_8PolarityE0EE8setInputENS_7PinPullENS_9PinActionENS_9PinFilterE
                0x00003f78       0x2c ./Sources/main.o
                0x00003f78                USBDM::GpioBase_T<2048ul, 1074049024ul, (IRQn_Type)42, 1074786432ul, 0u, (USBDM::Polarity)0>::setInput(USBDM::PinPull, USBDM::PinAction, USBDM::PinFilter)
 .text._ZN5USBDM10GpioBase_TILm2048ELm1074049024EL9IRQn_Type42ELm1074786432ELj1ELNS_8PolarityE0EE8setInputENS_7PinPullENS_9PinActionENS_9PinFilterE
                0x00003fa4       0x2c ./Sources/main.o
                0x00003fa4                USBDM::GpioBase_T<2048ul, 1074049024ul, (IRQn_Type)42, 1074786432ul, 1u, (USBDM::Polarity)0>::setInput(USBDM::PinPull, USBDM::PinAction, USBDM::PinFilter)
 .text._ZN5USBDM10GpioBase_TILm1024ELm1074044928EL9IRQn_Type41ELm1074786368ELj1ELNS_8PolarityE0EE8setInputENS_7PinPullENS_9PinActionENS_9PinFilterE
                0x00003fd0       0x2c ./Sources/main.o
                0x00003fd0                USBDM::GpioBase_T<1024ul, 1074044928ul, (IRQn_Type)41, 1074786368ul, 1u, (USBDM::Polarity)0>::setInput(USBDM::PinPull, USBDM::PinAction, USBDM::PinFilter)
 .text._ZN5USBDM10GpioBase_TILm4096ELm1074053120EL9IRQn_Type43ELm1074786496ELj6ELNS_8PolarityE0EE8setInputENS_7PinPullENS_9PinActionENS_9PinFilterE
                0x00003ffc       0x2c ./Sources/main.o
                0x00003ffc                USBDM::GpioBase_T<4096ul, 1074053120ul, (IRQn_Type)43, 1074786496ul, 6u, (USBDM::Polarity)0>::setInput(USBDM::PinPull, USBDM::PinAction, USBDM::PinFilter)
 .text._ZN5USBDM10GpioBase_TILm4096ELm1074053120EL9IRQn_Type43ELm1074786496ELj5ELNS_8PolarityE0EE8setInputENS_7PinPullENS_9PinActionENS_9PinFilterE
                0x00004028       0x2c ./Sources/main.o
                0x00004028                USBDM::GpioBase_T<4096ul, 1074053120ul, (IRQn_Type)43, 1074786496ul, 5u, (USBDM::Polarity)0>::setInput(USBDM::PinPull, USBDM::PinAction, USBDM::PinFilter)
 .text._ZN5USBDM9SpiBase_TINS_8Spi0InfoEE8setSpeedEmNS_13SpiCtarSelectE
                0x00004054       0x78 ./Sources/main.o
                0x00004054                USBDM::SpiBase_T<USBDM::Spi0Info>::setSpeed(unsigned long, USBDM::SpiCtarSelect)
 .text._ZN5USBDM10GpioBase_TILm512ELm1074040832EL9IRQn_Type40ELm1074786304ELj2ELNS_8PolarityE1EE9setOutputEm
                0x000040cc       0x28 ./Sources/main.o
                0x000040cc                USBDM::GpioBase_T<512ul, 1074040832ul, (IRQn_Type)40, 1074786304ul, 2u, (USBDM::Polarity)1>::setOutput(unsigned long)
 .text._ZN5USBDM10GpioBase_TILm512ELm1074040832EL9IRQn_Type40ELm1074786304ELj2ELNS_8PolarityE1EE4highEv
                0x000040f4       0x12 ./Sources/main.o
                0x000040f4                USBDM::GpioBase_T<512ul, 1074040832ul, (IRQn_Type)40, 1074786304ul, 2u, (USBDM::Polarity)1>::high()
 .text._ZN5USBDM10GpioBase_TILm512ELm1074040832EL9IRQn_Type40ELm1074786304ELj12ELNS_8PolarityE1EE9setOutputEm
                0x00004106       0x28 ./Sources/main.o
                0x00004106                USBDM::GpioBase_T<512ul, 1074040832ul, (IRQn_Type)40, 1074786304ul, 12u, (USBDM::Polarity)1>::setOutput(unsigned long)
 .text._ZN5USBDM10GpioBase_TILm512ELm1074040832EL9IRQn_Type40ELm1074786304ELj12ELNS_8PolarityE1EE4highEv
                0x0000412e       0x14 ./Sources/main.o
                0x0000412e                USBDM::GpioBase_T<512ul, 1074040832ul, (IRQn_Type)40, 1074786304ul, 12u, (USBDM::Polarity)1>::high()
 .text._ZN5USBDM10GpioBase_TILm2048ELm1074049024EL9IRQn_Type42ELm1074786432ELj0ELNS_8PolarityE0EE8setInputEm
                0x00004142       0x24 ./Sources/main.o
                0x00004142                USBDM::GpioBase_T<2048ul, 1074049024ul, (IRQn_Type)42, 1074786432ul, 0u, (USBDM::Polarity)0>::setInput(unsigned long)
 .text._ZN5USBDM10GpioBase_TILm2048ELm1074049024EL9IRQn_Type42ELm1074786432ELj1ELNS_8PolarityE0EE8setInputEm
                0x00004166       0x24 ./Sources/main.o
                0x00004166                USBDM::GpioBase_T<2048ul, 1074049024ul, (IRQn_Type)42, 1074786432ul, 1u, (USBDM::Polarity)0>::setInput(unsigned long)
 .text._ZN5USBDM10GpioBase_TILm1024ELm1074044928EL9IRQn_Type41ELm1074786368ELj1ELNS_8PolarityE0EE8setInputEm
                0x0000418a       0x24 ./Sources/main.o
                0x0000418a                USBDM::GpioBase_T<1024ul, 1074044928ul, (IRQn_Type)41, 1074786368ul, 1u, (USBDM::Polarity)0>::setInput(unsigned long)
 .text._ZN5USBDM10GpioBase_TILm4096ELm1074053120EL9IRQn_Type43ELm1074786496ELj6ELNS_8PolarityE0EE8setInputEm
                0x000041ae       0x24 ./Sources/main.o
                0x000041ae                USBDM::GpioBase_T<4096ul, 1074053120ul, (IRQn_Type)43, 1074786496ul, 6u, (USBDM::Polarity)0>::setInput(unsigned long)
 .text._ZN5USBDM10GpioBase_TILm4096ELm1074053120EL9IRQn_Type43ELm1074786496ELj5ELNS_8PolarityE0EE8setInputEm
                0x000041d2       0x24 ./Sources/main.o
                0x000041d2                USBDM::GpioBase_T<4096ul, 1074053120ul, (IRQn_Type)43, 1074786496ul, 5u, (USBDM::Polarity)0>::setInput(unsigned long)
 .text._ZN5USBDM9SpiBase_TINS_8Spi0InfoEE9setDelaysEfffNS_13SpiCtarSelectE
                0x000041f6       0x32 ./Sources/main.o
                0x000041f6                USBDM::SpiBase_T<USBDM::Spi0Info>::setDelays(float, float, float, USBDM::SpiCtarSelect)
 .text._ZN5USBDM10GpioBase_TILm512ELm1074040832EL9IRQn_Type40ELm1074786304ELj2ELNS_8PolarityE1EE11setInactiveEv
                0x00004228        0xc ./Sources/main.o
                0x00004228                USBDM::GpioBase_T<512ul, 1074040832ul, (IRQn_Type)40, 1074786304ul, 2u, (USBDM::Polarity)1>::setInactive()
 .text._ZN5USBDM10GpioBase_TILm512ELm1074040832EL9IRQn_Type40ELm1074786304ELj2ELNS_8PolarityE1EE6setOutEv
                0x00004234       0x16 ./Sources/main.o
                0x00004234                USBDM::GpioBase_T<512ul, 1074040832ul, (IRQn_Type)40, 1074786304ul, 2u, (USBDM::Polarity)1>::setOut()
 .text._ZN5USBDM5Pcr_TILm512ELm1074040832EL9IRQn_Type40ELi2ELm256EE6setPCREm
                0x0000424a       0x22 ./Sources/main.o
                0x0000424a                USBDM::Pcr_T<512ul, 1074040832ul, (IRQn_Type)40, 2, 256ul>::setPCR(unsigned long)
 .text._ZN5USBDM10GpioBase_TILm512ELm1074040832EL9IRQn_Type40ELm1074786304ELj2ELNS_8PolarityE1EE4gpioEv
                0x0000426c       0x14 ./Sources/main.o
                0x0000426c                USBDM::GpioBase_T<512ul, 1074040832ul, (IRQn_Type)40, 1074786304ul, 2u, (USBDM::Polarity)1>::gpio()
 .text._ZN5USBDM10GpioBase_TILm512ELm1074040832EL9IRQn_Type40ELm1074786304ELj12ELNS_8PolarityE1EE11setInactiveEv
                0x00004280        0xc ./Sources/main.o
                0x00004280                USBDM::GpioBase_T<512ul, 1074040832ul, (IRQn_Type)40, 1074786304ul, 12u, (USBDM::Polarity)1>::setInactive()
 .text._ZN5USBDM10GpioBase_TILm512ELm1074040832EL9IRQn_Type40ELm1074786304ELj12ELNS_8PolarityE1EE6setOutEv
                0x0000428c       0x16 ./Sources/main.o
                0x0000428c                USBDM::GpioBase_T<512ul, 1074040832ul, (IRQn_Type)40, 1074786304ul, 12u, (USBDM::Polarity)1>::setOut()
 .text._ZN5USBDM5Pcr_TILm512ELm1074040832EL9IRQn_Type40ELi12ELm256EE6setPCREm
                0x000042a2       0x22 ./Sources/main.o
                0x000042a2                USBDM::Pcr_T<512ul, 1074040832ul, (IRQn_Type)40, 12, 256ul>::setPCR(unsigned long)
 .text._ZN5USBDM10GpioBase_TILm512ELm1074040832EL9IRQn_Type40ELm1074786304ELj12ELNS_8PolarityE1EE4gpioEv
                0x000042c4       0x14 ./Sources/main.o
                0x000042c4                USBDM::GpioBase_T<512ul, 1074040832ul, (IRQn_Type)40, 1074786304ul, 12u, (USBDM::Polarity)1>::gpio()
 .text._ZN5USBDM10GpioBase_TILm2048ELm1074049024EL9IRQn_Type42ELm1074786432ELj0ELNS_8PolarityE0EE5setInEv
                0x000042d8       0x16 ./Sources/main.o
                0x000042d8                USBDM::GpioBase_T<2048ul, 1074049024ul, (IRQn_Type)42, 1074786432ul, 0u, (USBDM::Polarity)0>::setIn()
 .text._ZN5USBDM5Pcr_TILm2048ELm1074049024EL9IRQn_Type42ELi0ELm256EE6setPCREm
                0x000042ee       0x22 ./Sources/main.o
                0x000042ee                USBDM::Pcr_T<2048ul, 1074049024ul, (IRQn_Type)42, 0, 256ul>::setPCR(unsigned long)
 .text._ZN5USBDM10GpioBase_TILm2048ELm1074049024EL9IRQn_Type42ELm1074786432ELj1ELNS_8PolarityE0EE5setInEv
                0x00004310       0x16 ./Sources/main.o
                0x00004310                USBDM::GpioBase_T<2048ul, 1074049024ul, (IRQn_Type)42, 1074786432ul, 1u, (USBDM::Polarity)0>::setIn()
 .text._ZN5USBDM5Pcr_TILm2048ELm1074049024EL9IRQn_Type42ELi1ELm256EE6setPCREm
                0x00004326       0x22 ./Sources/main.o
                0x00004326                USBDM::Pcr_T<2048ul, 1074049024ul, (IRQn_Type)42, 1, 256ul>::setPCR(unsigned long)
 .text._ZN5USBDM10GpioBase_TILm1024ELm1074044928EL9IRQn_Type41ELm1074786368ELj1ELNS_8PolarityE0EE5setInEv
                0x00004348       0x16 ./Sources/main.o
                0x00004348                USBDM::GpioBase_T<1024ul, 1074044928ul, (IRQn_Type)41, 1074786368ul, 1u, (USBDM::Polarity)0>::setIn()
 .text._ZN5USBDM5Pcr_TILm1024ELm1074044928EL9IRQn_Type41ELi1ELm256EE6setPCREm
                0x0000435e       0x22 ./Sources/main.o
                0x0000435e                USBDM::Pcr_T<1024ul, 1074044928ul, (IRQn_Type)41, 1, 256ul>::setPCR(unsigned long)
 .text._ZN5USBDM10GpioBase_TILm4096ELm1074053120EL9IRQn_Type43ELm1074786496ELj6ELNS_8PolarityE0EE5setInEv
                0x00004380       0x16 ./Sources/main.o
                0x00004380                USBDM::GpioBase_T<4096ul, 1074053120ul, (IRQn_Type)43, 1074786496ul, 6u, (USBDM::Polarity)0>::setIn()
 .text._ZN5USBDM5Pcr_TILm4096ELm1074053120EL9IRQn_Type43ELi6ELm256EE6setPCREm
                0x00004396       0x22 ./Sources/main.o
                0x00004396                USBDM::Pcr_T<4096ul, 1074053120ul, (IRQn_Type)43, 6, 256ul>::setPCR(unsigned long)
 .text._ZN5USBDM10GpioBase_TILm4096ELm1074053120EL9IRQn_Type43ELm1074786496ELj5ELNS_8PolarityE0EE5setInEv
                0x000043b8       0x16 ./Sources/main.o
                0x000043b8                USBDM::GpioBase_T<4096ul, 1074053120ul, (IRQn_Type)43, 1074786496ul, 5u, (USBDM::Polarity)0>::setIn()
 .text._ZN5USBDM5Pcr_TILm4096ELm1074053120EL9IRQn_Type43ELi5ELm256EE6setPCREm
                0x000043ce       0x22 ./Sources/main.o
                0x000043ce                USBDM::Pcr_T<4096ul, 1074053120ul, (IRQn_Type)43, 5, 256ul>::setPCR(unsigned long)
 .text._ZN5USBDM10GpioBase_TILm2048ELm1074049024EL9IRQn_Type42ELm1074786432ELj0ELNS_8PolarityE0EE4readEv
                0x000043f0        0xe ./Sources/main.o
                0x000043f0                USBDM::GpioBase_T<2048ul, 1074049024ul, (IRQn_Type)42, 1074786432ul, 0u, (USBDM::Polarity)0>::read()
 .text._ZN5USBDM10GpioBase_TILm512ELm1074040832EL9IRQn_Type40ELm1074786304ELj2ELNS_8PolarityE1EE5clearEv
                0x000043fe       0x12 ./Sources/main.o
                0x000043fe                USBDM::GpioBase_T<512ul, 1074040832ul, (IRQn_Type)40, 1074786304ul, 2u, (USBDM::Polarity)1>::clear()
 .text._ZN5USBDM5Pcr_TILm512ELm1074040832EL9IRQn_Type40ELi2ELm256EE6pcrRegEv
                0x00004410       0x14 ./Sources/main.o
                0x00004410                USBDM::Pcr_T<512ul, 1074040832ul, (IRQn_Type)40, 2, 256ul>::pcrReg()
 .text._ZN5USBDM10GpioBase_TILm512ELm1074040832EL9IRQn_Type40ELm1074786304ELj12ELNS_8PolarityE1EE5clearEv
                0x00004424       0x14 ./Sources/main.o
                0x00004424                USBDM::GpioBase_T<512ul, 1074040832ul, (IRQn_Type)40, 1074786304ul, 12u, (USBDM::Polarity)1>::clear()
 .text._ZN5USBDM5Pcr_TILm512ELm1074040832EL9IRQn_Type40ELi12ELm256EE6pcrRegEv
                0x00004438       0x14 ./Sources/main.o
                0x00004438                USBDM::Pcr_T<512ul, 1074040832ul, (IRQn_Type)40, 12, 256ul>::pcrReg()
 .text._ZN5USBDM10GpioBase_TILm2048ELm1074049024EL9IRQn_Type42ELm1074786432ELj0ELNS_8PolarityE0EE4gpioEv
                0x0000444c       0x14 ./Sources/main.o
                0x0000444c                USBDM::GpioBase_T<2048ul, 1074049024ul, (IRQn_Type)42, 1074786432ul, 0u, (USBDM::Polarity)0>::gpio()
 .text._ZN5USBDM5Pcr_TILm2048ELm1074049024EL9IRQn_Type42ELi0ELm256EE6pcrRegEv
                0x00004460       0x14 ./Sources/main.o
                0x00004460                USBDM::Pcr_T<2048ul, 1074049024ul, (IRQn_Type)42, 0, 256ul>::pcrReg()
 .text._ZN5USBDM10GpioBase_TILm2048ELm1074049024EL9IRQn_Type42ELm1074786432ELj1ELNS_8PolarityE0EE4gpioEv
                0x00004474       0x14 ./Sources/main.o
                0x00004474                USBDM::GpioBase_T<2048ul, 1074049024ul, (IRQn_Type)42, 1074786432ul, 1u, (USBDM::Polarity)0>::gpio()
 .text._ZN5USBDM5Pcr_TILm2048ELm1074049024EL9IRQn_Type42ELi1ELm256EE6pcrRegEv
                0x00004488       0x14 ./Sources/main.o
                0x00004488                USBDM::Pcr_T<2048ul, 1074049024ul, (IRQn_Type)42, 1, 256ul>::pcrReg()
 .text._ZN5USBDM10GpioBase_TILm1024ELm1074044928EL9IRQn_Type41ELm1074786368ELj1ELNS_8PolarityE0EE4gpioEv
                0x0000449c       0x14 ./Sources/main.o
                0x0000449c                USBDM::GpioBase_T<1024ul, 1074044928ul, (IRQn_Type)41, 1074786368ul, 1u, (USBDM::Polarity)0>::gpio()
 .text._ZN5USBDM5Pcr_TILm1024ELm1074044928EL9IRQn_Type41ELi1ELm256EE6pcrRegEv
                0x000044b0       0x14 ./Sources/main.o
                0x000044b0                USBDM::Pcr_T<1024ul, 1074044928ul, (IRQn_Type)41, 1, 256ul>::pcrReg()
 .text._ZN5USBDM10GpioBase_TILm4096ELm1074053120EL9IRQn_Type43ELm1074786496ELj6ELNS_8PolarityE0EE4gpioEv
                0x000044c4       0x14 ./Sources/main.o
                0x000044c4                USBDM::GpioBase_T<4096ul, 1074053120ul, (IRQn_Type)43, 1074786496ul, 6u, (USBDM::Polarity)0>::gpio()
 .text._ZN5USBDM5Pcr_TILm4096ELm1074053120EL9IRQn_Type43ELi6ELm256EE6pcrRegEv
                0x000044d8       0x14 ./Sources/main.o
                0x000044d8                USBDM::Pcr_T<4096ul, 1074053120ul, (IRQn_Type)43, 6, 256ul>::pcrReg()
 .text._ZN5USBDM10GpioBase_TILm4096ELm1074053120EL9IRQn_Type43ELm1074786496ELj5ELNS_8PolarityE0EE4gpioEv
                0x000044ec       0x14 ./Sources/main.o
                0x000044ec                USBDM::GpioBase_T<4096ul, 1074053120ul, (IRQn_Type)43, 1074786496ul, 5u, (USBDM::Polarity)0>::gpio()
 .text._ZN5USBDM5Pcr_TILm4096ELm1074053120EL9IRQn_Type43ELi5ELm256EE6pcrRegEv
                0x00004500       0x14 ./Sources/main.o
                0x00004500                USBDM::Pcr_T<4096ul, 1074053120ul, (IRQn_Type)43, 5, 256ul>::pcrReg()
 .text._ZN5USBDM10GpioBase_TILm2048ELm1074049024EL9IRQn_Type42ELm1074786432ELj0ELNS_8PolarityE0EE5isLowEv
                0x00004514       0x1e ./Sources/main.o
                0x00004514                USBDM::GpioBase_T<2048ul, 1074049024ul, (IRQn_Type)42, 1074786432ul, 0u, (USBDM::Polarity)0>::isLow()
 *fill*         0x00004532        0x2 
 .text._ZN5USBDM5Lcd_TINS_5GpioAILj2ELNS_8PolarityE1EEENS1_ILj12ELS2_1EEENS_5GpioCILj2ELS2_1EEEED2Ev
                0x00004534       0x24 ./Sources/main.o
                0x00004534                USBDM::Lcd_T<USBDM::GpioA<2u, (USBDM::Polarity)1>, USBDM::GpioA<12u, (USBDM::Polarity)1>, USBDM::GpioC<2u, (USBDM::Polarity)1> >::~Lcd_T()
                0x00004534                USBDM::Lcd_T<USBDM::GpioA<2u, (USBDM::Polarity)1>, USBDM::GpioA<12u, (USBDM::Polarity)1>, USBDM::GpioC<2u, (USBDM::Polarity)1> >::~Lcd_T()
 .text._ZN5USBDM5Lcd_TINS_5GpioAILj2ELNS_8PolarityE1EEENS1_ILj12ELS2_1EEENS_5GpioCILj2ELS2_1EEEED0Ev
                0x00004558       0x20 ./Sources/main.o
                0x00004558                USBDM::Lcd_T<USBDM::GpioA<2u, (USBDM::Polarity)1>, USBDM::GpioA<12u, (USBDM::Polarity)1>, USBDM::GpioC<2u, (USBDM::Polarity)1> >::~Lcd_T()
 .text._ZN5USBDM4Spi0D2Ev
                0x00004578       0x24 ./Sources/main.o
                0x00004578                USBDM::Spi0::~Spi0()
                0x00004578                USBDM::Spi0::~Spi0()
 .text._ZN5USBDM4Spi0D0Ev
                0x0000459c       0x20 ./Sources/main.o
                0x0000459c                USBDM::Spi0::~Spi0()
 .text._Z41__static_initialization_and_destruction_0ii
                0x000045bc       0x58 ./Sources/main.o
 .text._ZN5USBDM5Lcd_TINS_5GpioAILj2ELNS_8PolarityE1EEENS1_ILj12ELS2_1EEENS_5GpioCILj2ELS2_1EEEE5resetEv
                0x00004614       0x28 ./Sources/main.o
                0x00004614                USBDM::Lcd_T<USBDM::GpioA<2u, (USBDM::Polarity)1>, USBDM::GpioA<12u, (USBDM::Polarity)1>, USBDM::GpioC<2u, (USBDM::Polarity)1> >::reset()
 .text._ZN5USBDM5Lcd_TINS_5GpioAILj2ELNS_8PolarityE1EEENS1_ILj12ELS2_1EEENS_5GpioCILj2ELS2_1EEEE9txCommandEh
                0x0000463c       0x46 ./Sources/main.o
                0x0000463c                USBDM::Lcd_T<USBDM::GpioA<2u, (USBDM::Polarity)1>, USBDM::GpioA<12u, (USBDM::Polarity)1>, USBDM::GpioC<2u, (USBDM::Polarity)1> >::txCommand(unsigned char)
 .text._ZN5USBDM5Lcd_TINS_5GpioAILj2ELNS_8PolarityE1EEENS1_ILj12ELS2_1EEENS_5GpioCILj2ELS2_1EEEE6txDataEh
                0x00004682       0x4e ./Sources/main.o
                0x00004682                USBDM::Lcd_T<USBDM::GpioA<2u, (USBDM::Polarity)1>, USBDM::GpioA<12u, (USBDM::Polarity)1>, USBDM::GpioC<2u, (USBDM::Polarity)1> >::txData(unsigned char)
 .text._ZN5USBDM5Lcd_TINS_5GpioAILj2ELNS_8PolarityE1EEENS1_ILj12ELS2_1EEENS_5GpioCILj2ELS2_1EEEE11txTwoPixelsEt
                0x000046d0       0x9c ./Sources/main.o
                0x000046d0                USBDM::Lcd_T<USBDM::GpioA<2u, (USBDM::Polarity)1>, USBDM::GpioA<12u, (USBDM::Polarity)1>, USBDM::GpioC<2u, (USBDM::Polarity)1> >::txTwoPixels(unsigned short)
 .text._ZN5USBDM5Lcd_TINS_5GpioAILj2ELNS_8PolarityE1EEENS1_ILj12ELS2_1EEENS_5GpioCILj2ELS2_1EEEE13txColourBlockEtj
                0x0000476c       0xbc ./Sources/main.o
                0x0000476c                USBDM::Lcd_T<USBDM::GpioA<2u, (USBDM::Polarity)1>, USBDM::GpioA<12u, (USBDM::Polarity)1>, USBDM::GpioC<2u, (USBDM::Polarity)1> >::txColourBlock(unsigned short, unsigned int)
 .text._ZN5USBDM5Lcd_TINS_5GpioAILj2ELNS_8PolarityE1EEENS1_ILj12ELS2_1EEENS_5GpioCILj2ELS2_1EEEE17backlightSetLevelEj
                0x00004828       0x44 ./Sources/main.o
                0x00004828                USBDM::Lcd_T<USBDM::GpioA<2u, (USBDM::Polarity)1>, USBDM::GpioA<12u, (USBDM::Polarity)1>, USBDM::GpioC<2u, (USBDM::Polarity)1> >::backlightSetLevel(unsigned int)
 .text._ZN5USBDM9SpiBase_TINS_8Spi0InfoEE10enablePinsEv
                0x0000486c       0x30 ./Sources/main.o
                0x0000486c                USBDM::SpiBase_T<USBDM::Spi0Info>::enablePins()
 .text._ZN5USBDM9SpiBase_TINS_8Spi0InfoEE11disablePinsEv
                0x0000489c       0x14 ./Sources/main.o
                0x0000489c                USBDM::SpiBase_T<USBDM::Spi0Info>::disablePins()
 .text._ZN5USBDM10GpioBase_TILm512ELm1074040832EL9IRQn_Type40ELm1074786304ELj12ELNS_8PolarityE1EE3lowEv
                0x000048b0       0x14 ./Sources/main.o
                0x000048b0                USBDM::GpioBase_T<512ul, 1074040832ul, (IRQn_Type)40, 1074786304ul, 12u, (USBDM::Polarity)1>::low()
 .text._ZN5USBDM10GpioBase_TILm512ELm1074040832EL9IRQn_Type40ELm1074786304ELj2ELNS_8PolarityE1EE3lowEv
                0x000048c4       0x12 ./Sources/main.o
                0x000048c4                USBDM::GpioBase_T<512ul, 1074040832ul, (IRQn_Type)40, 1074786304ul, 2u, (USBDM::Polarity)1>::low()
 .text._ZN5USBDM10GpioBase_TILm2048ELm1074049024EL9IRQn_Type42ELm1074786432ELj2ELNS_8PolarityE1EE9setOutputEm
                0x000048d6       0x28 ./Sources/main.o
                0x000048d6                USBDM::GpioBase_T<2048ul, 1074049024ul, (IRQn_Type)42, 1074786432ul, 2u, (USBDM::Polarity)1>::setOutput(unsigned long)
 .text._ZN5USBDM10GpioBase_TILm2048ELm1074049024EL9IRQn_Type42ELm1074786432ELj2ELNS_8PolarityE1EE5writeEb
                0x000048fe       0x22 ./Sources/main.o
                0x000048fe                USBDM::GpioBase_T<2048ul, 1074049024ul, (IRQn_Type)42, 1074786432ul, 2u, (USBDM::Polarity)1>::write(bool)
 .text._ZN5USBDM10GpioBase_TILm2048ELm1074049024EL9IRQn_Type42ELm1074786432ELj2ELNS_8PolarityE1EE11setInactiveEv
                0x00004920        0xc ./Sources/main.o
                0x00004920                USBDM::GpioBase_T<2048ul, 1074049024ul, (IRQn_Type)42, 1074786432ul, 2u, (USBDM::Polarity)1>::setInactive()
 .text._ZN5USBDM10GpioBase_TILm2048ELm1074049024EL9IRQn_Type42ELm1074786432ELj2ELNS_8PolarityE1EE6setOutEv
                0x0000492c       0x16 ./Sources/main.o
                0x0000492c                USBDM::GpioBase_T<2048ul, 1074049024ul, (IRQn_Type)42, 1074786432ul, 2u, (USBDM::Polarity)1>::setOut()
 .text._ZN5USBDM5Pcr_TILm2048ELm1074049024EL9IRQn_Type42ELi2ELm256EE6setPCREm
                0x00004942       0x22 ./Sources/main.o
                0x00004942                USBDM::Pcr_T<2048ul, 1074049024ul, (IRQn_Type)42, 2, 256ul>::setPCR(unsigned long)
 .text._ZN5USBDM10GpioBase_TILm2048ELm1074049024EL9IRQn_Type42ELm1074786432ELj2ELNS_8PolarityE1EE9setActiveEv
                0x00004964        0xc ./Sources/main.o
                0x00004964                USBDM::GpioBase_T<2048ul, 1074049024ul, (IRQn_Type)42, 1074786432ul, 2u, (USBDM::Polarity)1>::setActive()
 .text._ZN5USBDM10GpioBase_TILm2048ELm1074049024EL9IRQn_Type42ELm1074786432ELj2ELNS_8PolarityE1EE5clearEv
                0x00004970       0x12 ./Sources/main.o
                0x00004970                USBDM::GpioBase_T<2048ul, 1074049024ul, (IRQn_Type)42, 1074786432ul, 2u, (USBDM::Polarity)1>::clear()
 *fill*         0x00004982        0x2 
 .text._ZN5USBDM10GpioBase_TILm2048ELm1074049024EL9IRQn_Type42ELm1074786432ELj2ELNS_8PolarityE1EE4gpioEv
                0x00004984       0x14 ./Sources/main.o
                0x00004984                USBDM::GpioBase_T<2048ul, 1074049024ul, (IRQn_Type)42, 1074786432ul, 2u, (USBDM::Polarity)1>::gpio()
 .text._ZN5USBDM5Pcr_TILm2048ELm1074049024EL9IRQn_Type42ELi2ELm256EE6pcrRegEv
                0x00004998       0x14 ./Sources/main.o
                0x00004998                USBDM::Pcr_T<2048ul, 1074049024ul, (IRQn_Type)42, 2, 256ul>::pcrReg()
 .text._ZN5USBDM10GpioBase_TILm2048ELm1074049024EL9IRQn_Type42ELm1074786432ELj2ELNS_8PolarityE1EE3setEv
                0x000049ac       0x12 ./Sources/main.o
                0x000049ac                USBDM::GpioBase_T<2048ul, 1074049024ul, (IRQn_Type)42, 1074786432ul, 2u, (USBDM::Polarity)1>::set()
 .text._GLOBAL__sub_I_spi
                0x000049be       0x10 ./Sources/main.o
 *fill*         0x000049ce        0x2 
 .text._ZN5USBDM3Spi17calculateDividersEmm
                0x000049d0       0xcc ./Sources/spi.o
                0x000049d0                USBDM::Spi::calculateDividers(unsigned long, unsigned long)
 .text._ZN5USBDM3Spi14calculateDelayEffRiS1_
                0x00004a9c       0xd0 ./Sources/spi.o
                0x00004a9c                USBDM::Spi::calculateDelay(float, float, int&, int&)
 .text._ZN5USBDM3Spi4txRxEt
                0x00004b6c       0x46 ./Sources/spi.o
                0x00004b6c                USBDM::Spi::txRx(unsigned short)
 .text.cpp_initialise
                0x00004bb2        0xc ./Sources/usbdmError.o
                0x00004bb2                cpp_initialise
 .text.__aeabi_atexit
                0x00004bbe        0xa c:/program files (x86)/eclipse foundation/eclipse cdt/gnu tools arm embedded/8 2018-q4-major/bin/../lib/gcc/arm-none-eabi/8.2.1/../../../../arm-none-eabi/lib/thumb/v7e-m/nofp\libstdc++_nano.a(atexit_arm.o)
                0x00004bbe                __aeabi_atexit
 .text._ZdlPvj  0x00004bc8        0x4 c:/program files (x86)/eclipse foundation/eclipse cdt/gnu tools arm embedded/8 2018-q4-major/bin/../lib/gcc/arm-none-eabi/8.2.1/../../../../arm-none-eabi/lib/thumb/v7e-m/nofp\libstdc++_nano.a(del_ops.o)
                0x00004bc8                operator delete(void*, unsigned int)
 .text._ZdlPv   0x00004bcc        0x4 c:/program files (x86)/eclipse foundation/eclipse cdt/gnu tools arm embedded/8 2018-q4-major/bin/../lib/gcc/arm-none-eabi/8.2.1/../../../../arm-none-eabi/lib/thumb/v7e-m/nofp\libstdc++_nano.a(del_op.o)
                0x00004bcc                operator delete(void*)
 .text.__cxa_atexit
                0x00004bd0       0x1c c:/program files (x86)/eclipse foundation/eclipse cdt/gnu tools arm embedded/8 2018-q4-major/bin/../lib/gcc/arm-none-eabi/8.2.1/../../../../arm-none-eabi/lib/thumb/v7e-m/nofp\libg_nano.a(lib_a-cxa_atexit.o)
                0x00004bd0                __cxa_atexit
 .text.exit     0x00004bec       0x28 c:/program files (x86)/eclipse foundation/eclipse cdt/gnu tools arm embedded/8 2018-q4-major/bin/../lib/gcc/arm-none-eabi/8.2.1/../../../../arm-none-eabi/lib/thumb/v7e-m/nofp\libg_nano.a(lib_a-exit.o)
                0x00004bec                exit
 .text.__libc_init_array
                0x00004c14       0x48 c:/program files (x86)/eclipse foundation/eclipse cdt/gnu tools arm embedded/8 2018-q4-major/bin/../lib/gcc/arm-none-eabi/8.2.1/../../../../arm-none-eabi/lib/thumb/v7e-m/nofp\libg_nano.a(lib_a-init.o)
                0x00004c14                __libc_init_array
 .text.free     0x00004c5c       0x10 c:/program files (x86)/eclipse foundation/eclipse cdt/gnu tools arm embedded/8 2018-q4-major/bin/../lib/gcc/arm-none-eabi/8.2.1/../../../../arm-none-eabi/lib/thumb/v7e-m/nofp\libg_nano.a(lib_a-malloc.o)
                0x00004c5c                free
 .text.memcpy   0x00004c6c       0x1c c:/program files (x86)/eclipse foundation/eclipse cdt/gnu tools arm embedded/8 2018-q4-major/bin/../lib/gcc/arm-none-eabi/8.2.1/../../../../arm-none-eabi/lib/thumb/v7e-m/nofp\libg_nano.a(lib_a-memcpy-stub.o)
                0x00004c6c                memcpy
 .text.memset   0x00004c88       0x10 c:/program files (x86)/eclipse foundation/eclipse cdt/gnu tools arm embedded/8 2018-q4-major/bin/../lib/gcc/arm-none-eabi/8.2.1/../../../../arm-none-eabi/lib/thumb/v7e-m/nofp\libg_nano.a(lib_a-memset.o)
                0x00004c88                memset
 .text._free_r  0x00004c98       0x9c c:/program files (x86)/eclipse foundation/eclipse cdt/gnu tools arm embedded/8 2018-q4-major/bin/../lib/gcc/arm-none-eabi/8.2.1/../../../../arm-none-eabi/lib/thumb/v7e-m/nofp\libg_nano.a(lib_a-nano-freer.o)
                0x00004c98                _free_r
 .text.__malloc_lock
                0x00004d34        0xc c:/program files (x86)/eclipse foundation/eclipse cdt/gnu tools arm embedded/8 2018-q4-major/bin/../lib/gcc/arm-none-eabi/8.2.1/../../../../arm-none-eabi/lib/thumb/v7e-m/nofp\libg_nano.a(lib_a-mlock.o)
                0x00004d34                __malloc_lock
 .text.__malloc_unlock
                0x00004d40        0xc c:/program files (x86)/eclipse foundation/eclipse cdt/gnu tools arm embedded/8 2018-q4-major/bin/../lib/gcc/arm-none-eabi/8.2.1/../../../../arm-none-eabi/lib/thumb/v7e-m/nofp\libg_nano.a(lib_a-mlock.o)
                0x00004d40                __malloc_unlock
 .text.__retarget_lock_acquire_recursive
                0x00004d4c        0x2 c:/program files (x86)/eclipse foundation/eclipse cdt/gnu tools arm embedded/8 2018-q4-major/bin/../lib/gcc/arm-none-eabi/8.2.1/../../../../arm-none-eabi/lib/thumb/v7e-m/nofp\libg_nano.a(lib_a-lock.o)
                0x00004d4c                __retarget_lock_acquire_recursive
 .text.__retarget_lock_release_recursive
                0x00004d4e        0x2 c:/program files (x86)/eclipse foundation/eclipse cdt/gnu tools arm embedded/8 2018-q4-major/bin/../lib/gcc/arm-none-eabi/8.2.1/../../../../arm-none-eabi/lib/thumb/v7e-m/nofp\libg_nano.a(lib_a-lock.o)
                0x00004d4e                __retarget_lock_release_recursive
 *(.rodata)
 .rodata        0x00004d50      0x102 ./Startup_Code/vectors.o
 *fill*         0x00004e52        0x2 
 .rodata        0x00004e54       0x3c ./Sources/lcd.o
 .rodata        0x00004e90       0x85 ./Sources/main.o
 *(.rodata*)
 *fill*         0x00004f15        0x3 
 .rodata._ZTVN5USBDM11Uart_brfa_TINS_9Uart0InfoEEE
                0x00004f18       0x2c ./Startup_Code/console.o
                0x00004f18                vtable for USBDM::Uart_brfa_T<USBDM::Uart0Info>
 .rodata._ZTVN5USBDM6Uart_TINS_9Uart0InfoEEE
                0x00004f44       0x2c ./Startup_Code/console.o
                0x00004f44                vtable for USBDM::Uart_T<USBDM::Uart0Info>
 .rodata._ZTVN5USBDM4UartE
                0x00004f70       0x2c ./Startup_Code/console.o
                0x00004f70                vtable for USBDM::Uart
 .rodata._ZTVN5USBDM11FormattedIOE
                0x00004f9c       0x24 ./Startup_Code/console.o
                0x00004f9c                vtable for USBDM::FormattedIO
 .rodata._ZN5USBDM3Mcg9clockInfoE
                0x00004fc0       0x3c ./Startup_Code/mcg.o
                0x00004fc0                USBDM::Mcg::clockInfo
 .rodata._ZN5USBDML20clockTransitionTableE
                0x00004ffc       0x40 ./Startup_Code/mcg.o
 .rodata._ZN5USBDML7Font6x8E
                0x0000503c      0x300 ./Sources/fonts.o
 .rodata._ZN5USBDML8Font8x16E
                0x0000533c      0x600 ./Sources/fonts.o
 .rodata._ZTVN5USBDM7LcdBaseE
                0x0000593c       0x40 ./Sources/lcd.o
                0x0000593c                vtable for USBDM::LcdBase
 .rodata._ZTVN5USBDM5Lcd_TINS_5GpioAILj2ELNS_8PolarityE1EEENS1_ILj12ELS2_1EEENS_5GpioCILj2ELS2_1EEEEE
                0x0000597c       0x40 ./Sources/main.o
                0x0000597c                vtable for USBDM::Lcd_T<USBDM::GpioA<2u, (USBDM::Polarity)1>, USBDM::GpioA<12u, (USBDM::Polarity)1>, USBDM::GpioC<2u, (USBDM::Polarity)1> >
 .rodata._ZTVN5USBDM4Spi0E
                0x000059bc       0x20 ./Sources/main.o
                0x000059bc                vtable for USBDM::Spi0
 .rodata._ZTVN5USBDM9SpiBase_TINS_8Spi0InfoEEE
                0x000059dc       0x20 ./Sources/main.o
                0x000059dc                vtable for USBDM::SpiBase_T<USBDM::Spi0Info>
 .rodata._ZTVN5USBDM3SpiE
                0x000059fc       0x20 ./Sources/main.o
                0x000059fc                vtable for USBDM::Spi
 .rodata._ZN5USBDML10pbrFactorsE
                0x00005a1c        0x8 ./Sources/spi.o
 .rodata._ZN5USBDML9brFactorsE
                0x00005a24       0x20 ./Sources/spi.o
 .rodata._global_impure_ptr
                0x00005a44        0x4 c:/program files (x86)/eclipse foundation/eclipse cdt/gnu tools arm embedded/8 2018-q4-major/bin/../lib/gcc/arm-none-eabi/8.2.1/../../../../arm-none-eabi/lib/thumb/v7e-m/nofp\libg_nano.a(lib_a-impure.o)
                0x00005a44                _global_impure_ptr
 *(.init)
 .init          0x00005a48        0x4 c:/program files (x86)/eclipse foundation/eclipse cdt/gnu tools arm embedded/8 2018-q4-major/bin/../lib/gcc/arm-none-eabi/8.2.1/thumb/v7e-m/nofp/crti.o
                0x00005a48                _init
 .init          0x00005a4c        0x8 c:/program files (x86)/eclipse foundation/eclipse cdt/gnu tools arm embedded/8 2018-q4-major/bin/../lib/gcc/arm-none-eabi/8.2.1/thumb/v7e-m/nofp/crtn.o
 *(.fini)
 .fini          0x00005a54        0x4 c:/program files (x86)/eclipse foundation/eclipse cdt/gnu tools arm embedded/8 2018-q4-major/bin/../lib/gcc/arm-none-eabi/8.2.1/thumb/v7e-m/nofp/crti.o
                0x00005a54                _fini
 .fini          0x00005a58        0x8 c:/program files (x86)/eclipse foundation/eclipse cdt/gnu tools arm embedded/8 2018-q4-major/bin/../lib/gcc/arm-none-eabi/8.2.1/thumb/v7e-m/nofp/crtn.o
                0x00005a60                __CTOR_LIST__ = .
 *crtbegin.o(.ctors)
 *crtbegin?.o(.ctors)
 *(EXCLUDE_FILE(*crtend.o *crtend?.o) .ctors)
 *(SORT_BY_NAME(.ctors.*))
 *(.ctors)
                0x00005a60                __CTOR_END__ = .
                0x00005a60                __DTOR_LIST__ = .
 *crtbegin.o(.dtors)
 *crtbegin?.o(.dtors)
 *(EXCLUDE_FILE(*crtend.o *crtend?.o) .dtors)
 *(SORT_BY_NAME(.dtors.*))
 *(.dtors)
                0x00005a60                __DTOR_END__ = .
                0x00005a60                . = ALIGN (0x4)
                0x00005a60                PROVIDE (__preinit_array_start = .)
 *(.preinit_array*)
                0x00005a60                PROVIDE (__preinit_array_end = .)
                0x00005a60                . = ALIGN (0x4)
                0x00005a60                PROVIDE (__init_array_start = .)
 *(SORT_BY_NAME(.init_array.*))
 *(.init_array*)
 .init_array    0x00005a60        0x4 c:/program files (x86)/eclipse foundation/eclipse cdt/gnu tools arm embedded/8 2018-q4-major/bin/../lib/gcc/arm-none-eabi/8.2.1/thumb/v7e-m/nofp/crtbegin.o
 .init_array    0x00005a64        0x4 ./Startup_Code/console.o
 .init_array    0x00005a68        0x4 ./Startup_Code/system.o
 .init_array    0x00005a6c        0x4 ./Sources/main.o
 .init_array    0x00005a70        0x4 ./Sources/usbdmError.o
                0x00005a74                PROVIDE (__init_array_end = .)
                0x00005a74                . = ALIGN (0x4)
                [!provide]                PROVIDE (__fini_array_start = .)
 *(SORT_BY_NAME(.fini_array.*))
 *(.fini_array*)
 .fini_array    0x00005a74        0x4 c:/program files (x86)/eclipse foundation/eclipse cdt/gnu tools arm embedded/8 2018-q4-major/bin/../lib/gcc/arm-none-eabi/8.2.1/thumb/v7e-m/nofp/crtbegin.o
                [!provide]                PROVIDE (__fini_array_end = .)
 *(.jcr*)
 *(.rodata*)
 *(.eh_frame*)
 .eh_frame      0x00005a78        0x0 c:/program files (x86)/eclipse foundation/eclipse cdt/gnu tools arm embedded/8 2018-q4-major/bin/../lib/gcc/arm-none-eabi/8.2.1/thumb/v7e-m/nofp/crtbegin.o
 .eh_frame      0x00005a78        0x4 c:/program files (x86)/eclipse foundation/eclipse cdt/gnu tools arm embedded/8 2018-q4-major/bin/../lib/gcc/arm-none-eabi/8.2.1/thumb/v7e-m/nofp/crtend.o

.glue_7         0x00005a7c        0x0
 .glue_7        0x00005a7c        0x0 linker stubs

.glue_7t        0x00005a7c        0x0
 .glue_7t       0x00005a7c        0x0 linker stubs

.vfp11_veneer   0x00005a7c        0x0
 .vfp11_veneer  0x00005a7c        0x0 linker stubs

.v4_bx          0x00005a7c        0x0
 .v4_bx         0x00005a7c        0x0 linker stubs

.iplt           0x00005a7c        0x0
 .iplt          0x00005a7c        0x0 c:/program files (x86)/eclipse foundation/eclipse cdt/gnu tools arm embedded/8 2018-q4-major/bin/../lib/gcc/arm-none-eabi/8.2.1/thumb/v7e-m/nofp/crtbegin.o

.ARM.extab
 *(.ARM.extab* .gnu.linkonce.armextab.*)
                0x00005a7c                __exidx_start = .

.ARM.exidx      0x00005a7c        0x8
 *(.ARM.exidx* .gnu.linkonce.armexidx.*)
 .ARM.exidx     0x00005a7c        0x8 c:/program files (x86)/eclipse foundation/eclipse cdt/gnu tools arm embedded/8 2018-q4-major/bin/../lib/gcc/arm-none-eabi/8.2.1/../../../../arm-none-eabi/lib/thumb/v7e-m/nofp/crt0.o
 .ARM.exidx     0x00005a84        0x0 c:/program files (x86)/eclipse foundation/eclipse cdt/gnu tools arm embedded/8 2018-q4-major/bin/../lib/gcc/arm-none-eabi/8.2.1/thumb/v7e-m/nofp\libgcc.a(_udivmoddi4.o)
                                  0x8 (size before relaxing)
                0x00005a84                __exidx_end = .

.rel.dyn        0x00005a84        0x0
 .rel.iplt      0x00005a84        0x0 c:/program files (x86)/eclipse foundation/eclipse cdt/gnu tools arm embedded/8 2018-q4-major/bin/../lib/gcc/arm-none-eabi/8.2.1/thumb/v7e-m/nofp/crtbegin.o

.flash          0x00005a84        0x0
                0x00005a84                . = ALIGN (0x4)
 *(.flash)
                0x00005a84                __etext = .
                0x00005a84                __DATA_ROM = .

.mtb            0x1fffe000        0x0
                0x1fffe000                . = ALIGN (0x8)
                0x1fffe000                _mtb_start = .
 *(.mtb_buf)
                0x1fffe000                . = ALIGN (0x8)
                0x1fffe000                _mtb_end = .

.interrupts_ram
                0x1fffe000        0x0
                0x1fffe000                . = ALIGN (0x4)
                0x1fffe000                __VECTOR_RAM__ = .
                0x1fffe000                __interrupts_ram_start__ = .
 *(.m_interrupts_ram)
                0x1fffe000                . = (. + M_VECTOR_RAM_SIZE)
                0x1fffe000                . = ALIGN (0x4)
                0x1fffe000                __interrupts_ram_end__ = .
                0x00000000                __VECTOR_RAM = DEFINED (__ram_vector_table__)?__VECTOR_RAM__:__VECTOR_TABLE
                0x00000000                __RAM_VECTOR_TABLE_SIZE_BYTES = (__interrupts_ram_end__ - __interrupts_ram_start__)

.bdts
 *(.bss*endPointBdts*)

.data           0x1fffe000       0x80 load address 0x00005a84
                0x1fffe000                __data_start__ = .
                0x1fffe000                __DATA_RAM = .
 *(vtable)
 *(.data*)
 .data          0x1fffe000        0x4 c:/program files (x86)/eclipse foundation/eclipse cdt/gnu tools arm embedded/8 2018-q4-major/bin/../lib/gcc/arm-none-eabi/8.2.1/thumb/v7e-m/nofp/crtbegin.o
                0x1fffe000                __dso_handle
 .data.SystemCoreClock
                0x1fffe004        0x4 ./Startup_Code/system.o
                0x1fffe004                SystemCoreClock
 .data.SystemBusClock
                0x1fffe008        0x4 ./Startup_Code/system.o
                0x1fffe008                SystemBusClock
 .data._ZN5USBDM9fontSmallE
                0x1fffe00c        0x8 ./Sources/fonts.o
                0x1fffe00c                USBDM::fontSmall
 .data._ZN5USBDM9fontLargeE
                0x1fffe014        0x8 ./Sources/fonts.o
                0x1fffe014                USBDM::fontLarge
 .data._impure_ptr
                0x1fffe01c        0x4 c:/program files (x86)/eclipse foundation/eclipse cdt/gnu tools arm embedded/8 2018-q4-major/bin/../lib/gcc/arm-none-eabi/8.2.1/../../../../arm-none-eabi/lib/thumb/v7e-m/nofp\libg_nano.a(lib_a-impure.o)
                0x1fffe01c                _impure_ptr
 .data.impure_data
                0x1fffe020       0x60 c:/program files (x86)/eclipse foundation/eclipse cdt/gnu tools arm embedded/8 2018-q4-major/bin/../lib/gcc/arm-none-eabi/8.2.1/../../../../arm-none-eabi/lib/thumb/v7e-m/nofp\libg_nano.a(lib_a-impure.o)
                0x1fffe080                . = ALIGN (0x4)
                0x1fffe080                __data_end__ = .
                0x00005b04                __DATA_END = (__DATA_ROM + SIZEOF (.data))

.igot.plt       0x1fffe080        0x0 load address 0x00005b04
 .igot.plt      0x1fffe080        0x0 c:/program files (x86)/eclipse foundation/eclipse cdt/gnu tools arm embedded/8 2018-q4-major/bin/../lib/gcc/arm-none-eabi/8.2.1/thumb/v7e-m/nofp/crtbegin.o

.noinit         0x1fffe080        0x0
                0x1fffe080                . = ALIGN (0x4)
 *(.noinit)

.bss            0x1fffe080       0x9c load address 0x00005b04
                0x1fffe080                . = ALIGN (0x4)
                0x1fffe080                __START_BSS = .
                0x1fffe080                __bss_start__ = .
 *(.bss)
 .bss           0x1fffe080       0x1c c:/program files (x86)/eclipse foundation/eclipse cdt/gnu tools arm embedded/8 2018-q4-major/bin/../lib/gcc/arm-none-eabi/8.2.1/thumb/v7e-m/nofp/crtbegin.o
 *(.bss*)
 .bss._ZN5USBDM7consoleE
                0x1fffe09c       0x18 ./Startup_Code/console.o
                0x1fffe09c                USBDM::console
 .bss._ZN5USBDM16SystemMcgffClockE
                0x1fffe0b4        0x4 ./Startup_Code/mcg.o
                0x1fffe0b4                USBDM::SystemMcgffClock
 .bss._ZN5USBDM17SystemMcgOutClockE
                0x1fffe0b8        0x4 ./Startup_Code/mcg.o
                0x1fffe0b8                USBDM::SystemMcgOutClock
 .bss._ZN5USBDM17SystemMcgFllClockE
                0x1fffe0bc        0x4 ./Startup_Code/mcg.o
                0x1fffe0bc                USBDM::SystemMcgFllClock
 .bss._ZN5USBDM17SystemMcgPllClockE
                0x1fffe0c0        0x4 ./Startup_Code/mcg.o
                0x1fffe0c0                USBDM::SystemMcgPllClock
 .bss._ZN5USBDM14SystemLpoClockE
                0x1fffe0c4        0x4 ./Startup_Code/mcg.o
                0x1fffe0c4                USBDM::SystemLpoClock
 .bss._ZN5USBDM3Mcg16currentClockModeE
                0x1fffe0c8        0x1 ./Startup_Code/mcg.o
                0x1fffe0c8                USBDM::Mcg::currentClockMode
 *fill*         0x1fffe0c9        0x3 
 .bss.spi       0x1fffe0cc        0xc ./Sources/main.o
                0x1fffe0cc                spi
 .bss.lcd       0x1fffe0d8       0x30 ./Sources/main.o
                0x1fffe0d8                lcd
 .bss._ZN5USBDM9errorCodeE
                0x1fffe108        0x4 ./Sources/usbdmError.o
                0x1fffe108                USBDM::errorCode
 .bss.__malloc_free_list
                0x1fffe10c        0x4 c:/program files (x86)/eclipse foundation/eclipse cdt/gnu tools arm embedded/8 2018-q4-major/bin/../lib/gcc/arm-none-eabi/8.2.1/../../../../arm-none-eabi/lib/thumb/v7e-m/nofp\libg_nano.a(lib_a-nano-mallocr.o)
                0x1fffe10c                __malloc_free_list
 *(COMMON)
 COMMON         0x1fffe110        0x9 c:/program files (x86)/eclipse foundation/eclipse cdt/gnu tools arm embedded/8 2018-q4-major/bin/../lib/gcc/arm-none-eabi/8.2.1/../../../../arm-none-eabi/lib/thumb/v7e-m/nofp\libg_nano.a(lib_a-lock.o)
                0x1fffe110                __lock___atexit_recursive_mutex
                0x1fffe111                __lock___arc4random_mutex
                0x1fffe112                __lock___env_recursive_mutex
                0x1fffe113                __lock___sinit_recursive_mutex
                0x1fffe114                __lock___malloc_recursive_mutex
                0x1fffe115                __lock___at_quick_exit_mutex
                0x1fffe116                __lock___dd_hash_mutex
                0x1fffe117                __lock___tz_mutex
                0x1fffe118                __lock___sfp_recursive_mutex
                0x1fffe11c                . = ALIGN (0x4)
 *fill*         0x1fffe119        0x3 
                0x1fffe11c                __bss_end__ = .
                0x1fffe11c                __END_BSS = .

.heap           0x1fffe11c     0x1000 load address 0x00005ba0
                0x1fffe11c                . = ALIGN (0x4)
                [!provide]                PROVIDE (__end__ = .)
                [!provide]                PROVIDE (end = .)
                [!provide]                PROVIDE (_end = .)
                0x1fffe11c                __HeapBase = .
                0x1fffe11c                __heap_addr = .
                0x1ffff11c                . = (. + __heap_size__)
 *fill*         0x1fffe11c     0x1000 
                0x1fffffff                __HeapLimit = MIN (ABSOLUTE (((ORIGIN (heap_ram) + LENGTH (heap_ram)) - 0x1)), __StackLimit)
                [!provide]                PROVIDE (__sram_u_size = 0x0)

.stack          0x20000000     0x2000
                0x20000ffd                . = MAX (., ABSOLUTE (((((ORIGIN (stack_ram) + LENGTH (stack_ram)) - __stack_size__) - __sram_u_size) - 0x3)))
 *fill*         0x20000000      0xffd 
                0x20001000                . = ALIGN (0x4)
 *fill*         0x20000ffd        0x3 
                0x20001000                __StackLimit = .
                0x20002000                . = (. + __stack_size__)
 *fill*         0x20001000     0x1000 
                0x20002000                __StackTop = .

.flexRAM        0x14000000        0x0
                0x14000000                . = ALIGN (0x4)
 *(.flexRAM)

.flexNVM        0x10000000        0x0
                0x10000000                . = ALIGN (0x4)
 *(.flexNVM)

.sram_u
 *(.sram_u)

.bitband        0x22000000    0x40000
                0x00040000                . = (ORIGIN (bitband) + ((((ORIGIN (sram_u_ram) + LENGTH (sram_u_ram)) - __sram_u_size) & 0xffffff) * 0x20))
 *fill*         0x22000000    0x40000 
 *(.bitband)
                0x20002000                PROVIDE (__stack = __StackTop)
                [!provide]                PROVIDE (__cs3_stack = __StackTop)
                [!provide]                PROVIDE (_write = _usbdm_write)
                [!provide]                PROVIDE (_read = _usbdm_read)
OUTPUT(LabE4.elf elf32-littlearm)

.ARM.attributes
                0x00000000       0x2a
 .ARM.attributes
                0x00000000       0x1e c:/program files (x86)/eclipse foundation/eclipse cdt/gnu tools arm embedded/8 2018-q4-major/bin/../lib/gcc/arm-none-eabi/8.2.1/thumb/v7e-m/nofp/crti.o
 .ARM.attributes
                0x0000001e       0x2e c:/program files (x86)/eclipse foundation/eclipse cdt/gnu tools arm embedded/8 2018-q4-major/bin/../lib/gcc/arm-none-eabi/8.2.1/thumb/v7e-m/nofp/crtbegin.o
 .ARM.attributes
                0x0000004c       0x1c c:/program files (x86)/eclipse foundation/eclipse cdt/gnu tools arm embedded/8 2018-q4-major/bin/../lib/gcc/arm-none-eabi/8.2.1/../../../../arm-none-eabi/lib/thumb/v7e-m/nofp/crt0.o
 .ARM.attributes
                0x00000068       0x2e ./Startup_Code/console.o
 .ARM.attributes
                0x00000096       0x2e ./Startup_Code/mcg.o
 .ARM.attributes
                0x000000c4       0x2e ./Startup_Code/newlib_stubs.o
 .ARM.attributes
                0x000000f2       0x33 ./Startup_Code/security.o
 .ARM.attributes
                0x00000125       0x1b ./Startup_Code/startup_ARMLtdGCC.o
 .ARM.attributes
                0x00000140       0x2e ./Startup_Code/system-gcc.o
 .ARM.attributes
                0x0000016e       0x2e ./Startup_Code/system.o
 .ARM.attributes
                0x0000019c       0x2e ./Startup_Code/vectors.o
 .ARM.attributes
                0x000001ca       0x2e ./Sources/delay.o
 .ARM.attributes
                0x000001f8       0x33 ./Sources/fonts.o
 .ARM.attributes
                0x0000022b       0x2e ./Sources/ftfl.o
 .ARM.attributes
                0x00000259       0x2e ./Sources/lcd.o
 .ARM.attributes
                0x00000287       0x2e ./Sources/main.o
 .ARM.attributes
                0x000002b5       0x2e ./Sources/spi.o
 .ARM.attributes
                0x000002e3       0x2e ./Sources/usbdmError.o
 .ARM.attributes
                0x00000311       0x2e c:/program files (x86)/eclipse foundation/eclipse cdt/gnu tools arm embedded/8 2018-q4-major/bin/../lib/gcc/arm-none-eabi/8.2.1/../../../../arm-none-eabi/lib/thumb/v7e-m/nofp\libstdc++_nano.a(atexit_arm.o)
 .ARM.attributes
                0x0000033f       0x2e c:/program files (x86)/eclipse foundation/eclipse cdt/gnu tools arm embedded/8 2018-q4-major/bin/../lib/gcc/arm-none-eabi/8.2.1/../../../../arm-none-eabi/lib/thumb/v7e-m/nofp\libstdc++_nano.a(del_ops.o)
 .ARM.attributes
                0x0000036d       0x2e c:/program files (x86)/eclipse foundation/eclipse cdt/gnu tools arm embedded/8 2018-q4-major/bin/../lib/gcc/arm-none-eabi/8.2.1/../../../../arm-none-eabi/lib/thumb/v7e-m/nofp\libstdc++_nano.a(del_op.o)
 .ARM.attributes
                0x0000039b       0x1e c:/program files (x86)/eclipse foundation/eclipse cdt/gnu tools arm embedded/8 2018-q4-major/bin/../lib/gcc/arm-none-eabi/8.2.1/thumb/v7e-m/nofp\libgcc.a(_arm_addsubdf3.o)
 .ARM.attributes
                0x000003b9       0x1e c:/program files (x86)/eclipse foundation/eclipse cdt/gnu tools arm embedded/8 2018-q4-major/bin/../lib/gcc/arm-none-eabi/8.2.1/thumb/v7e-m/nofp\libgcc.a(_arm_muldivdf3.o)
 .ARM.attributes
                0x000003d7       0x1e c:/program files (x86)/eclipse foundation/eclipse cdt/gnu tools arm embedded/8 2018-q4-major/bin/../lib/gcc/arm-none-eabi/8.2.1/thumb/v7e-m/nofp\libgcc.a(_arm_truncdfsf2.o)
 .ARM.attributes
                0x000003f5       0x1e c:/program files (x86)/eclipse foundation/eclipse cdt/gnu tools arm embedded/8 2018-q4-major/bin/../lib/gcc/arm-none-eabi/8.2.1/thumb/v7e-m/nofp\libgcc.a(_arm_addsubsf3.o)
 .ARM.attributes
                0x00000413       0x1e c:/program files (x86)/eclipse foundation/eclipse cdt/gnu tools arm embedded/8 2018-q4-major/bin/../lib/gcc/arm-none-eabi/8.2.1/thumb/v7e-m/nofp\libgcc.a(_arm_muldivsf3.o)
 .ARM.attributes
                0x00000431       0x1e c:/program files (x86)/eclipse foundation/eclipse cdt/gnu tools arm embedded/8 2018-q4-major/bin/../lib/gcc/arm-none-eabi/8.2.1/thumb/v7e-m/nofp\libgcc.a(_arm_cmpsf2.o)
 .ARM.attributes
                0x0000044f       0x1e c:/program files (x86)/eclipse foundation/eclipse cdt/gnu tools arm embedded/8 2018-q4-major/bin/../lib/gcc/arm-none-eabi/8.2.1/thumb/v7e-m/nofp\libgcc.a(_aeabi_uldivmod.o)
 .ARM.attributes
                0x0000046d       0x2e c:/program files (x86)/eclipse foundation/eclipse cdt/gnu tools arm embedded/8 2018-q4-major/bin/../lib/gcc/arm-none-eabi/8.2.1/thumb/v7e-m/nofp\libgcc.a(_udivmoddi4.o)
 .ARM.attributes
                0x0000049b       0x1e c:/program files (x86)/eclipse foundation/eclipse cdt/gnu tools arm embedded/8 2018-q4-major/bin/../lib/gcc/arm-none-eabi/8.2.1/thumb/v7e-m/nofp\libgcc.a(_dvmd_tls.o)
 .ARM.attributes
                0x000004b9       0x2e c:/program files (x86)/eclipse foundation/eclipse cdt/gnu tools arm embedded/8 2018-q4-major/bin/../lib/gcc/arm-none-eabi/8.2.1/../../../../arm-none-eabi/lib/thumb/v7e-m/nofp\libg_nano.a(lib_a-cxa_atexit.o)
 .ARM.attributes
                0x000004e7       0x2e c:/program files (x86)/eclipse foundation/eclipse cdt/gnu tools arm embedded/8 2018-q4-major/bin/../lib/gcc/arm-none-eabi/8.2.1/../../../../arm-none-eabi/lib/thumb/v7e-m/nofp\libg_nano.a(lib_a-exit.o)
 .ARM.attributes
                0x00000515       0x2e c:/program files (x86)/eclipse foundation/eclipse cdt/gnu tools arm embedded/8 2018-q4-major/bin/../lib/gcc/arm-none-eabi/8.2.1/../../../../arm-none-eabi/lib/thumb/v7e-m/nofp\libg_nano.a(lib_a-impure.o)
 .ARM.attributes
                0x00000543       0x2e c:/program files (x86)/eclipse foundation/eclipse cdt/gnu tools arm embedded/8 2018-q4-major/bin/../lib/gcc/arm-none-eabi/8.2.1/../../../../arm-none-eabi/lib/thumb/v7e-m/nofp\libg_nano.a(lib_a-init.o)
 .ARM.attributes
                0x00000571       0x2e c:/program files (x86)/eclipse foundation/eclipse cdt/gnu tools arm embedded/8 2018-q4-major/bin/../lib/gcc/arm-none-eabi/8.2.1/../../../../arm-none-eabi/lib/thumb/v7e-m/nofp\libg_nano.a(lib_a-malloc.o)
 .ARM.attributes
                0x0000059f       0x2e c:/program files (x86)/eclipse foundation/eclipse cdt/gnu tools arm embedded/8 2018-q4-major/bin/../lib/gcc/arm-none-eabi/8.2.1/../../../../arm-none-eabi/lib/thumb/v7e-m/nofp\libg_nano.a(lib_a-memcpy-stub.o)
 .ARM.attributes
                0x000005cd       0x2e c:/program files (x86)/eclipse foundation/eclipse cdt/gnu tools arm embedded/8 2018-q4-major/bin/../lib/gcc/arm-none-eabi/8.2.1/../../../../arm-none-eabi/lib/thumb/v7e-m/nofp\libg_nano.a(lib_a-memset.o)
 .ARM.attributes
                0x000005fb       0x2e c:/program files (x86)/eclipse foundation/eclipse cdt/gnu tools arm embedded/8 2018-q4-major/bin/../lib/gcc/arm-none-eabi/8.2.1/../../../../arm-none-eabi/lib/thumb/v7e-m/nofp\libg_nano.a(lib_a-nano-freer.o)
 .ARM.attributes
                0x00000629       0x2e c:/program files (x86)/eclipse foundation/eclipse cdt/gnu tools arm embedded/8 2018-q4-major/bin/../lib/gcc/arm-none-eabi/8.2.1/../../../../arm-none-eabi/lib/thumb/v7e-m/nofp\libg_nano.a(lib_a-nano-mallocr.o)
 .ARM.attributes
                0x00000657       0x2e c:/program files (x86)/eclipse foundation/eclipse cdt/gnu tools arm embedded/8 2018-q4-major/bin/../lib/gcc/arm-none-eabi/8.2.1/../../../../arm-none-eabi/lib/thumb/v7e-m/nofp\libg_nano.a(lib_a-mlock.o)
 .ARM.attributes
                0x00000685       0x2e c:/program files (x86)/eclipse foundation/eclipse cdt/gnu tools arm embedded/8 2018-q4-major/bin/../lib/gcc/arm-none-eabi/8.2.1/../../../../arm-none-eabi/lib/thumb/v7e-m/nofp\libg_nano.a(lib_a-lock.o)
 .ARM.attributes
                0x000006b3       0x2e c:/program files (x86)/eclipse foundation/eclipse cdt/gnu tools arm embedded/8 2018-q4-major/bin/../lib/gcc/arm-none-eabi/8.2.1/thumb/v7e-m/nofp/crtend.o
 .ARM.attributes
                0x000006e1       0x1e c:/program files (x86)/eclipse foundation/eclipse cdt/gnu tools arm embedded/8 2018-q4-major/bin/../lib/gcc/arm-none-eabi/8.2.1/thumb/v7e-m/nofp/crtn.o

.comment        0x00000000       0x75
 .comment       0x00000000       0x75 ./Startup_Code/console.o
                                 0x76 (size before relaxing)
 .comment       0x00000075       0x76 ./Startup_Code/mcg.o
 .comment       0x00000075       0x76 ./Startup_Code/newlib_stubs.o
 .comment       0x00000075       0x76 ./Startup_Code/security.o
 .comment       0x00000075       0x76 ./Startup_Code/system-gcc.o
 .comment       0x00000075       0x76 ./Startup_Code/system.o
 .comment       0x00000075       0x76 ./Startup_Code/vectors.o
 .comment       0x00000075       0x76 ./Sources/delay.o
 .comment       0x00000075       0x76 ./Sources/fonts.o
 .comment       0x00000075       0x76 ./Sources/ftfl.o